Component: ARM Compiler 6.16 Tool: armlink [5dfeaa00]

==============================================================================

Section Cross References

    main.o(.ARM.exidx.text.main) refers to main.o(.text.main) for [Anonymous Symbol]
    main.o(.ARM.exidx.text.cache_enable) refers to main.o(.text.cache_enable) for [Anonymous Symbol]
    main.o(.ARM.exidx.text.led_spark) refers to main.o(.text.led_spark) for [Anonymous Symbol]
    gd32a7xx_it.o(.ARM.exidx.text.NMI_Handler) refers to gd32a7xx_it.o(.text.NMI_Handler) for [Anonymous Symbol]
    gd32a7xx_it.o(.ARM.exidx.text.HardFault_Handler) refers to gd32a7xx_it.o(.text.HardFault_Handler) for [Anonymous Symbol]
    gd32a7xx_it.o(.ARM.exidx.text.MemManage_Handler) refers to gd32a7xx_it.o(.text.MemManage_Handler) for [Anonymous Symbol]
    gd32a7xx_it.o(.ARM.exidx.text.BusFault_Handler) refers to gd32a7xx_it.o(.text.BusFault_Handler) for [Anonymous Symbol]
    gd32a7xx_it.o(.ARM.exidx.text.UsageFault_Handler) refers to gd32a7xx_it.o(.text.UsageFault_Handler) for [Anonymous Symbol]
    gd32a7xx_it.o(.ARM.exidx.text.SVC_Handler) refers to gd32a7xx_it.o(.text.SVC_Handler) for [Anonymous Symbol]
    gd32a7xx_it.o(.ARM.exidx.text.DebugMon_Handler) refers to gd32a7xx_it.o(.text.DebugMon_Handler) for [Anonymous Symbol]
    gd32a7xx_it.o(.ARM.exidx.text.PendSV_Handler) refers to gd32a7xx_it.o(.text.PendSV_Handler) for [Anonymous Symbol]
    gd32a7xx_it.o(.text.SysTick_Handler) refers to main.o(.text.led_spark) for led_spark
    gd32a7xx_it.o(.text.SysTick_Handler) refers to systick.o(.text.delay_decrement) for delay_decrement
    gd32a7xx_it.o(.ARM.exidx.text.SysTick_Handler) refers to gd32a7xx_it.o(.text.SysTick_Handler) for [Anonymous Symbol]
    systick.o(.text.systick_config) refers to system_gd32a71xx_a74xx.o(.data.SystemCoreClock) for SystemCoreClock
    systick.o(.text.systick_config) refers to systick.o(.text.SysTick_Config) for SysTick_Config
    systick.o(.text.systick_config) refers to systick.o(.text.__NVIC_SetPriority) for __NVIC_SetPriority
    systick.o(.ARM.exidx.text.systick_config) refers to systick.o(.text.systick_config) for [Anonymous Symbol]
    systick.o(.text.SysTick_Config) refers to systick.o(.text.__NVIC_SetPriority) for __NVIC_SetPriority
    systick.o(.ARM.exidx.text.SysTick_Config) refers to systick.o(.text.SysTick_Config) for [Anonymous Symbol]
    systick.o(.ARM.exidx.text.__NVIC_SetPriority) refers to systick.o(.text.__NVIC_SetPriority) for [Anonymous Symbol]
    systick.o(.text.delay_1ms) refers to systick.o(.bss.delay) for delay
    systick.o(.ARM.exidx.text.delay_1ms) refers to systick.o(.text.delay_1ms) for [Anonymous Symbol]
    systick.o(.text.delay_decrement) refers to systick.o(.bss.delay) for delay
    systick.o(.ARM.exidx.text.delay_decrement) refers to systick.o(.text.delay_decrement) for [Anonymous Symbol]
    startup_gd32a711x_a712x.o(STACK) refers (Special) to heapauxi.o(.text) for __use_two_region_memory
    startup_gd32a711x_a712x.o(HEAP) refers (Special) to heapauxi.o(.text) for __use_two_region_memory
    startup_gd32a711x_a712x.o(RESET) refers (Special) to heapauxi.o(.text) for __use_two_region_memory
    startup_gd32a711x_a712x.o(RESET) refers to startup_gd32a711x_a712x.o(STACK) for __initial_sp
    startup_gd32a711x_a712x.o(RESET) refers to startup_gd32a711x_a712x.o(.text) for Reset_Handler
    startup_gd32a711x_a712x.o(RESET) refers to gd32a7xx_it.o(.text.NMI_Handler) for NMI_Handler
    startup_gd32a711x_a712x.o(RESET) refers to gd32a7xx_it.o(.text.HardFault_Handler) for HardFault_Handler
    startup_gd32a711x_a712x.o(RESET) refers to gd32a7xx_it.o(.text.MemManage_Handler) for MemManage_Handler
    startup_gd32a711x_a712x.o(RESET) refers to gd32a7xx_it.o(.text.BusFault_Handler) for BusFault_Handler
    startup_gd32a711x_a712x.o(RESET) refers to gd32a7xx_it.o(.text.UsageFault_Handler) for UsageFault_Handler
    startup_gd32a711x_a712x.o(RESET) refers to gd32a7xx_it.o(.text.SVC_Handler) for SVC_Handler
    startup_gd32a711x_a712x.o(RESET) refers to gd32a7xx_it.o(.text.DebugMon_Handler) for DebugMon_Handler
    startup_gd32a711x_a712x.o(RESET) refers to gd32a7xx_it.o(.text.PendSV_Handler) for PendSV_Handler
    startup_gd32a711x_a712x.o(RESET) refers to gd32a7xx_it.o(.text.SysTick_Handler) for SysTick_Handler
    startup_gd32a711x_a712x.o(.text) refers (Special) to heapauxi.o(.text) for __use_two_region_memory
    startup_gd32a711x_a712x.o(.text) refers to system_gd32a71xx_a74xx.o(.text.SystemInit) for SystemInit
    startup_gd32a711x_a712x.o(.text) refers to __main.o(!!!main) for __main
    startup_gd32a711x_a712x.o(.text) refers to startup_gd32a711x_a712x.o(HEAP) for Heap_Mem
    startup_gd32a711x_a712x.o(.text) refers to startup_gd32a711x_a712x.o(STACK) for Stack_Mem
    system_gd32a71xx_a74xx.o(.text.SystemInit) refers to system_gd32a71xx_a74xx.o(.text._delay) for _delay
[...]
    Removing gd32a7xx_syscfg.o(.ARM.exidx.text.syscfg_mem_access_ctlreg_soft_unlock), (8 bytes).
    Removing gd32a7xx_syscfg.o(.text.syscfg_mem_access_allow), (18 bytes).
    Removing gd32a7xx_syscfg.o(.ARM.exidx.text.syscfg_mem_access_allow), (8 bytes).
    Removing gd32a7xx_syscfg.o(.text.syscfg_mem_access_disable), (16 bytes).
    Removing gd32a7xx_syscfg.o(.ARM.exidx.text.syscfg_mem_access_disable), (8 bytes).
    Removing gd32a7xx_syscfg.o(.text.syscfg_bus_matrix_error_detect_enable), (32 bytes).
    Removing gd32a7xx_syscfg.o(.ARM.exidx.text.syscfg_bus_matrix_error_detect_enable), (8 bytes).
    Removing gd32a7xx_syscfg.o(.text.syscfg_bus_matrix_error_detect_disable), (38 bytes).
    Removing gd32a7xx_syscfg.o(.ARM.exidx.text.syscfg_bus_matrix_error_detect_disable), (8 bytes).
    Removing gd32a7xx_syscfg.o(.text.syscfg_bus_check_enable), (16 bytes).
    Removing gd32a7xx_syscfg.o(.ARM.exidx.text.syscfg_bus_check_enable), (8 bytes).
    Removing gd32a7xx_syscfg.o(.text.syscfg_bus_check_disable), (18 bytes).
    Removing gd32a7xx_syscfg.o(.ARM.exidx.text.syscfg_bus_check_disable), (8 bytes).
    Removing gd32a7xx_syscfg.o(.text.syscfg_nmi_interrupt_enable), (14 bytes).
    Removing gd32a7xx_syscfg.o(.ARM.exidx.text.syscfg_nmi_interrupt_enable), (8 bytes).
    Removing gd32a7xx_syscfg.o(.text.syscfg_nmi_interrupt_disable), (16 bytes).
    Removing gd32a7xx_syscfg.o(.ARM.exidx.text.syscfg_nmi_interrupt_disable), (8 bytes).
    Removing gd32a7xx_syscfg.o(.text.syscfg_fpu_tcm_interrupt_enable), (20 bytes).
    Removing gd32a7xx_syscfg.o(.ARM.exidx.text.syscfg_fpu_tcm_interrupt_enable), (8 bytes).
    Removing gd32a7xx_syscfg.o(.text.syscfg_fpu_tcm_interrupt_disable), (22 bytes).
    Removing gd32a7xx_syscfg.o(.ARM.exidx.text.syscfg_fpu_tcm_interrupt_disable), (8 bytes).
    Removing gd32a7xx_syscfg.o(.text.syscfg_tmr_error_interrupt_enable), (16 bytes).
    Removing gd32a7xx_syscfg.o(.ARM.exidx.text.syscfg_tmr_error_interrupt_enable), (8 bytes).
    Removing gd32a7xx_syscfg.o(.text.syscfg_tmr_error_interrupt_disable), (18 bytes).
    Removing gd32a7xx_syscfg.o(.ARM.exidx.text.syscfg_tmr_error_interrupt_disable), (8 bytes).
    Removing gd32a7xx_syscfg.o(.text.syscfg_nmi_flag_get), (16 bytes).
    Removing gd32a7xx_syscfg.o(.ARM.exidx.text.syscfg_nmi_flag_get), (8 bytes).
    Removing gd32a7xx_syscfg.o(.text.syscfg_fpu_tcm_interrupt_flag_get), (24 bytes).
    Removing gd32a7xx_syscfg.o(.ARM.exidx.text.syscfg_fpu_tcm_interrupt_flag_get), (8 bytes).
    Removing gd32a7xx_syscfg.o(.text.syscfg_icache_error_status_get), (28 bytes).
    Removing gd32a7xx_syscfg.o(.ARM.exidx.text.syscfg_icache_error_status_get), (8 bytes).
    Removing gd32a7xx_syscfg.o(.text.syscfg_dcache_error_status_get), (28 bytes).
    Removing gd32a7xx_syscfg.o(.ARM.exidx.text.syscfg_dcache_error_status_get), (8 bytes).
    Removing gd32a7xx_syscfg.o(.text.syscfg_hsm_enter_standby_flag_get), (14 bytes).
    Removing gd32a7xx_syscfg.o(.ARM.exidx.text.syscfg_hsm_enter_standby_flag_get), (8 bytes).
    Removing gd32a7xx_syscfg.o(.text.syscfg_cpu0_id_get), (12 bytes).
    Removing gd32a7xx_syscfg.o(.ARM.exidx.text.syscfg_cpu0_id_get), (8 bytes).
    Removing gd32a7xx_syscfg.o(.text.syscfg_cpu0_number_get), (14 bytes).
    Removing gd32a7xx_syscfg.o(.ARM.exidx.text.syscfg_cpu0_number_get), (8 bytes).
    Removing gd32a7xx_syscfg.o(.text.syscfg_cpu0_cache_info_get), (22 bytes).
    Removing gd32a7xx_syscfg.o(.ARM.exidx.text.syscfg_cpu0_cache_info_get), (8 bytes).
    Removing gd32a7xx_syscfg.o(.text.syscfg_cpu0_tcm_size_get), (26 bytes).
    Removing gd32a7xx_syscfg.o(.ARM.exidx.text.syscfg_cpu0_tcm_size_get), (8 bytes).
    Removing gd32a7xx_syscfg.o(.text.syscfg_cpu0_config_info_get), (16 bytes).
    Removing gd32a7xx_syscfg.o(.ARM.exidx.text.syscfg_cpu0_config_info_get), (8 bytes).
    Removing gd32a7xx_syscfg.o(.text.syscfg_tmr_error_flag_get), (18 bytes).
    Removing gd32a7xx_syscfg.o(.ARM.exidx.text.syscfg_tmr_error_flag_get), (8 bytes).
    Removing gd32a7xx_syscfg.o(.text.syscfg_cpu_flag_clear), (42 bytes).
    Removing gd32a7xx_syscfg.o(.ARM.exidx.text.syscfg_cpu_flag_clear), (8 bytes).
    Removing gd32a7xx_syscfg.o(.text.syscfg_tmr_error_int_flag_clear), (16 bytes).
    Removing gd32a7xx_syscfg.o(.ARM.exidx.text.syscfg_tmr_error_int_flag_clear), (8 bytes).
    Removing gd32a7xx_timer.o(.text), (0 bytes).
    Removing gd32a7xx_timer.o(.text.timer_deinit), (264 bytes).
    Removing gd32a7xx_timer.o(.ARM.exidx.text.timer_deinit), (8 bytes).
    Removing gd32a7xx_timer.o(.text.timer_disable), (10 bytes).
    Removing gd32a7xx_timer.o(.ARM.exidx.text.timer_disable), (8 bytes).
    Removing gd32a7xx_timer.o(.text.timer_struct_para_init), (18 bytes).
    Removing gd32a7xx_timer.o(.ARM.exidx.text.timer_struct_para_init), (8 bytes).
    Removing gd32a7xx_timer.o(.text.timer_init), (100 bytes).
    Removing gd32a7xx_timer.o(.ARM.exidx.text.timer_init), (8 bytes).
    Removing gd32a7xx_timer.o(.text.timer_enable), (10 bytes).
    Removing gd32a7xx_timer.o(.ARM.exidx.text.timer_enable), (8 bytes).
    Removing gd32a7xx_timer.o(.text.timer_auto_reload_shadow_enable), (10 bytes).
    Removing gd32a7xx_timer.o(.ARM.exidx.text.timer_auto_reload_shadow_enable), (8 bytes).
    Removing gd32a7xx_timer.o(.text.timer_auto_reload_shadow_disable), (10 bytes).
    Removing gd32a7xx_timer.o(.ARM.exidx.text.timer_auto_reload_shadow_disable), (8 bytes).
    Removing gd32a7xx_timer.o(.text.timer_update_event_enable), (10 bytes).
    Removing gd32a7xx_timer.o(.ARM.exidx.text.timer_update_event_enable), (8 bytes).
    Removing gd32a7xx_timer.o(.text.timer_update_event_disable), (10 bytes).
    Removing gd32a7xx_timer.o(.ARM.exidx.text.timer_update_event_disable), (8 bytes).
    Removing gd32a7xx_timer.o(.text.timer_counter_alignment), (16 bytes).
    Removing gd32a7xx_timer.o(.ARM.exidx.text.timer_counter_alignment), (8 bytes).
    Removing gd32a7xx_timer.o(.text.timer_counter_up_direction), (10 bytes).
    Removing gd32a7xx_timer.o(.ARM.exidx.text.timer_counter_up_direction), (8 bytes).
    Removing gd32a7xx_timer.o(.text.timer_counter_down_direction), (10 bytes).
    Removing gd32a7xx_timer.o(.ARM.exidx.text.timer_counter_down_direction), (8 bytes).
    Removing gd32a7xx_timer.o(.text.timer_prescaler_config), (18 bytes).
    Removing gd32a7xx_timer.o(.ARM.exidx.text.timer_prescaler_config), (8 bytes).
    Removing gd32a7xx_timer.o(.text.timer_repetition_value_config), (4 bytes).
    Removing gd32a7xx_timer.o(.ARM.exidx.text.timer_repetition_value_config), (8 bytes).
    Removing gd32a7xx_timer.o(.text.timer_autoreload_value_config), (4 bytes).
    Removing gd32a7xx_timer.o(.ARM.exidx.text.timer_autoreload_value_config), (8 bytes).
    Removing gd32a7xx_timer.o(.text.timer_autoreload_value_read), (4 bytes).
    Removing gd32a7xx_timer.o(.ARM.exidx.text.timer_autoreload_value_read), (8 bytes).
    Removing gd32a7xx_timer.o(.text.timer_counter_value_config), (4 bytes).
    Removing gd32a7xx_timer.o(.ARM.exidx.text.timer_counter_value_config), (8 bytes).
    Removing gd32a7xx_timer.o(.text.timer_counter_read), (4 bytes).
    Removing gd32a7xx_timer.o(.ARM.exidx.text.timer_counter_read), (8 bytes).
    Removing gd32a7xx_timer.o(.text.timer_prescaler_read), (6 bytes).
    Removing gd32a7xx_timer.o(.ARM.exidx.text.timer_prescaler_read), (8 bytes).
    Removing gd32a7xx_timer.o(.text.timer_single_pulse_mode_config), (28 bytes).
    Removing gd32a7xx_timer.o(.ARM.exidx.text.timer_single_pulse_mode_config), (8 bytes).
    Removing gd32a7xx_timer.o(.text.timer_update_source_config), (28 bytes).
    Removing gd32a7xx_timer.o(.ARM.exidx.text.timer_update_source_config), (8 bytes).
    Removing gd32a7xx_timer.o(.text.timer_channel_control_shadow_config), (16 bytes).
    Removing gd32a7xx_timer.o(.ARM.exidx.text.timer_channel_control_shadow_config), (8 bytes).
    Removing gd32a7xx_timer.o(.text.timer_channel_control_shadow_update_config), (40 bytes).
    Removing gd32a7xx_timer.o(.ARM.exidx.text.timer_channel_control_shadow_update_config), (8 bytes).
    Removing gd32a7xx_timer.o(.text.timer_dma_enable), (8 bytes).
    Removing gd32a7xx_timer.o(.ARM.exidx.text.timer_dma_enable), (8 bytes).
    Removing gd32a7xx_timer.o(.text.timer_dma_disable), (10 bytes).
    Removing gd32a7xx_timer.o(.ARM.exidx.text.timer_dma_disable), (8 bytes).
    Removing gd32a7xx_timer.o(.text.timer_channel_dma_request_source_select), (28 bytes).
    Removing gd32a7xx_timer.o(.ARM.exidx.text.timer_channel_dma_request_source_select), (8 bytes).
    Removing gd32a7xx_timer.o(.text.timer_dma_transfer_config), (30 bytes).
    Removing gd32a7xx_timer.o(.ARM.exidx.text.timer_dma_transfer_config), (8 bytes).
    Removing gd32a7xx_timer.o(.text.timer_event_software_generate), (8 bytes).
    Removing gd32a7xx_timer.o(.ARM.exidx.text.timer_event_software_generate), (8 bytes).
    Removing gd32a7xx_timer.o(.text.timer_break_struct_para_init), (14 bytes).
    Removing gd32a7xx_timer.o(.ARM.exidx.text.timer_break_struct_para_init), (8 bytes).
    Removing gd32a7xx_timer.o(.text.timer_break_config), (46 bytes).
    Removing gd32a7xx_timer.o(.ARM.exidx.text.timer_break_config), (8 bytes).
    Removing gd32a7xx_timer.o(.text.timer_break_enable), (10 bytes).
    Removing gd32a7xx_timer.o(.ARM.exidx.text.timer_break_enable), (8 bytes).
    Removing gd32a7xx_timer.o(.text.timer_break_disable), (10 bytes).
    Removing gd32a7xx_timer.o(.ARM.exidx.text.timer_break_disable), (8 bytes).
    Removing gd32a7xx_timer.o(.text.timer_counter_freeze_enable), (10 bytes).
    Removing gd32a7xx_timer.o(.ARM.exidx.text.timer_counter_freeze_enable), (8 bytes).
    Removing gd32a7xx_timer.o(.text.timer_counter_freeze_disable), (10 bytes).
    Removing gd32a7xx_timer.o(.ARM.exidx.text.timer_counter_freeze_disable), (8 bytes).
    Removing gd32a7xx_timer.o(.text.timer_automatic_output_enable), (10 bytes).
    Removing gd32a7xx_timer.o(.ARM.exidx.text.timer_automatic_output_enable), (8 bytes).
    Removing gd32a7xx_timer.o(.text.timer_automatic_output_disable), (10 bytes).
    Removing gd32a7xx_timer.o(.ARM.exidx.text.timer_automatic_output_disable), (8 bytes).
    Removing gd32a7xx_timer.o(.text.timer_primary_output_config), (18 bytes).
    Removing gd32a7xx_timer.o(.ARM.exidx.text.timer_primary_output_config), (8 bytes).
    Removing gd32a7xx_timer.o(.text.timer_channel_output_struct_para_init), (10 bytes).
    Removing gd32a7xx_timer.o(.ARM.exidx.text.timer_channel_output_struct_para_init), (8 bytes).
    Removing gd32a7xx_timer.o(.text.timer_channel_output_config), (996 bytes).
    Removing gd32a7xx_timer.o(.ARM.exidx.text.timer_channel_output_config), (8 bytes).
    Removing gd32a7xx_timer.o(.text.timer_channel_output_mode_config), (104 bytes).
    Removing gd32a7xx_timer.o(.ARM.exidx.text.timer_channel_output_mode_config), (8 bytes).
    Removing gd32a7xx_timer.o(.text.timer_channel_period_output_control_enable), (38 bytes).
    Removing gd32a7xx_timer.o(.ARM.exidx.text.timer_channel_period_output_control_enable), (8 bytes).
    Removing gd32a7xx_timer.o(.text.timer_channel_period_output_control_disable), (38 bytes).
    Removing gd32a7xx_timer.o(.ARM.exidx.text.timer_channel_period_output_control_disable), (8 bytes).
    Removing gd32a7xx_timer.o(.text.timer_channel_output_pulse_value_config), (34 bytes).
    Removing gd32a7xx_timer.o(.ARM.exidx.text.timer_channel_output_pulse_value_config), (8 bytes).
    Removing gd32a7xx_timer.o(.text.timer_channel_output_shadow_config), (94 bytes).
    Removing gd32a7xx_timer.o(.ARM.exidx.text.timer_channel_output_shadow_config), (8 bytes).
    Removing gd32a7xx_timer.o(.text.timer_channel_output_clear_config), (94 bytes).
    Removing gd32a7xx_timer.o(.ARM.exidx.text.timer_channel_output_clear_config), (8 bytes).
    Removing gd32a7xx_timer.o(.text.timer_channel_output_compare_fast_config), (94 bytes).
    Removing gd32a7xx_timer.o(.ARM.exidx.text.timer_channel_output_compare_fast_config), (8 bytes).
    Removing gd32a7xx_timer.o(.text.timer_channel_output_polarity_config), (128 bytes).
    Removing gd32a7xx_timer.o(.ARM.exidx.text.timer_channel_output_polarity_config), (8 bytes).
    Removing gd32a7xx_timer.o(.text.timer_channel_complementary_output_polarity_config), (66 bytes).
    Removing gd32a7xx_timer.o(.ARM.exidx.text.timer_channel_complementary_output_polarity_config), (8 bytes).
    Removing gd32a7xx_timer.o(.text.timer_channel_output_state_config), (126 bytes).
    Removing gd32a7xx_timer.o(.ARM.exidx.text.timer_channel_output_state_config), (8 bytes).
    Removing gd32a7xx_timer.o(.text.timer_channel_complementary_output_state_config), (66 bytes).
    Removing gd32a7xx_timer.o(.ARM.exidx.text.timer_channel_complementary_output_state_config), (8 bytes).
    Removing gd32a7xx_timer.o(.text.timer_channel_input_struct_para_init), (12 bytes).
    Removing gd32a7xx_timer.o(.ARM.exidx.text.timer_channel_input_struct_para_init), (8 bytes).
    Removing gd32a7xx_timer.o(.text.timer_input_capture_config), (772 bytes).
    Removing gd32a7xx_timer.o(.ARM.exidx.text.timer_input_capture_config), (8 bytes).
    Removing gd32a7xx_timer.o(.text.timer_channel_input_capture_prescaler_config), (94 bytes).
    Removing gd32a7xx_timer.o(.ARM.exidx.text.timer_channel_input_capture_prescaler_config), (8 bytes).
    Removing gd32a7xx_timer.o(.text.timer_channel_capture_value_register_read), (36 bytes).
    Removing gd32a7xx_timer.o(.ARM.exidx.text.timer_channel_capture_value_register_read), (8 bytes).
    Removing gd32a7xx_timer.o(.text.timer_input_pwm_capture_config), (344 bytes).
    Removing gd32a7xx_timer.o(.ARM.exidx.text.timer_input_pwm_capture_config), (8 bytes).
    Removing gd32a7xx_timer.o(.text.timer_input_capture_multi_edge_config), (158 bytes).
    Removing gd32a7xx_timer.o(.ARM.exidx.text.timer_input_capture_multi_edge_config), (8 bytes).
    Removing gd32a7xx_timer.o(.text.timer_input_capture_multi_edge_state_config), (296 bytes).
    Removing gd32a7xx_timer.o(.ARM.exidx.text.timer_input_capture_multi_edge_state_config), (8 bytes).
    Removing gd32a7xx_timer.o(.text.timer_channel_capture_multi_edge_value_read), (372 bytes).
    Removing gd32a7xx_timer.o(.ARM.exidx.text.timer_channel_capture_multi_edge_value_read), (8 bytes).
    Removing gd32a7xx_timer.o(.text.timer_hall_mode_config), (28 bytes).
    Removing gd32a7xx_timer.o(.ARM.exidx.text.timer_hall_mode_config), (8 bytes).
    Removing gd32a7xx_timer.o(.text.timer_multi_mode_channel_output_parameter_struct_init), (10 bytes).
    Removing gd32a7xx_timer.o(.ARM.exidx.text.timer_multi_mode_channel_output_parameter_struct_init), (8 bytes).
    Removing gd32a7xx_timer.o(.text.timer_multi_mode_channel_output_config), (268 bytes).
    Removing gd32a7xx_timer.o(.ARM.exidx.text.timer_multi_mode_channel_output_config), (8 bytes).
    Removing gd32a7xx_timer.o(.text.timer_multi_mode_channel_mode_config), (80 bytes).
    Removing gd32a7xx_timer.o(.ARM.exidx.text.timer_multi_mode_channel_mode_config), (8 bytes).
    Removing gd32a7xx_timer.o(.text.timer_input_trigger_source_select), (316 bytes).
    Removing gd32a7xx_timer.o(.ARM.exidx.text.timer_input_trigger_source_select), (8 bytes).
    Removing gd32a7xx_timer.o(.text.timer_master_output_trigger_source_select), (18 bytes).
    Removing gd32a7xx_timer.o(.ARM.exidx.text.timer_master_output_trigger_source_select), (8 bytes).
    Removing gd32a7xx_timer.o(.text.timer_slave_mode_select), (354 bytes).
    Removing gd32a7xx_timer.o(.ARM.exidx.text.timer_slave_mode_select), (8 bytes).
    Removing gd32a7xx_timer.o(.text.timer_master_slave_mode_config), (28 bytes).
    Removing gd32a7xx_timer.o(.ARM.exidx.text.timer_master_slave_mode_config), (8 bytes).
    Removing gd32a7xx_timer.o(.text.timer_external_trigger_select), (16 bytes).
    Removing gd32a7xx_timer.o(.ARM.exidx.text.timer_external_trigger_select), (8 bytes).
    Removing gd32a7xx_timer.o(.text.timer_external_trigger_config), (30 bytes).
    Removing gd32a7xx_timer.o(.ARM.exidx.text.timer_external_trigger_config), (8 bytes).
    Removing gd32a7xx_timer.o(.text.timer_quadrature_decoder_mode_config), (64 bytes).
    Removing gd32a7xx_timer.o(.ARM.exidx.text.timer_quadrature_decoder_mode_config), (8 bytes).
    Removing gd32a7xx_timer.o(.text.timer_watchdog_value_config), (6 bytes).
    Removing gd32a7xx_timer.o(.ARM.exidx.text.timer_watchdog_value_config), (8 bytes).
    Removing gd32a7xx_timer.o(.text.timer_watchdog_value_read), (6 bytes).
    Removing gd32a7xx_timer.o(.ARM.exidx.text.timer_watchdog_value_read), (8 bytes).
    Removing gd32a7xx_timer.o(.text.timer_decoder_disconnection_detection_config), (18 bytes).
    Removing gd32a7xx_timer.o(.ARM.exidx.text.timer_decoder_disconnection_detection_config), (8 bytes).
    Removing gd32a7xx_timer.o(.text.timer_decoder_jump_detection_config), (18 bytes).
    Removing gd32a7xx_timer.o(.ARM.exidx.text.timer_decoder_jump_detection_config), (8 bytes).
    Removing gd32a7xx_timer.o(.text.timer_internal_clock_config), (10 bytes).
    Removing gd32a7xx_timer.o(.ARM.exidx.text.timer_internal_clock_config), (8 bytes).
    Removing gd32a7xx_timer.o(.text.timer_internal_trigger_as_external_clock_config), (22 bytes).
    Removing gd32a7xx_timer.o(.ARM.exidx.text.timer_internal_trigger_as_external_clock_config), (8 bytes).
    Removing gd32a7xx_timer.o(.text.timer_external_trigger_as_external_clock_config), (148 bytes).
    Removing gd32a7xx_timer.o(.ARM.exidx.text.timer_external_trigger_as_external_clock_config), (8 bytes).
    Removing gd32a7xx_timer.o(.text.timer_external_clock_mode0_config), (26 bytes).
    Removing gd32a7xx_timer.o(.ARM.exidx.text.timer_external_clock_mode0_config), (8 bytes).
    Removing gd32a7xx_timer.o(.text.timer_external_clock_mode1_config), (18 bytes).
    Removing gd32a7xx_timer.o(.ARM.exidx.text.timer_external_clock_mode1_config), (8 bytes).
    Removing gd32a7xx_timer.o(.text.timer_external_clock_mode1_disable), (10 bytes).
    Removing gd32a7xx_timer.o(.ARM.exidx.text.timer_external_clock_mode1_disable), (8 bytes).
    Removing gd32a7xx_timer.o(.text.timer_channel_remap_config), (4 bytes).
    Removing gd32a7xx_timer.o(.ARM.exidx.text.timer_channel_remap_config), (8 bytes).
    Removing gd32a7xx_timer.o(.text.timer_write_chxval_register_config), (36 bytes).
    Removing gd32a7xx_timer.o(.ARM.exidx.text.timer_write_chxval_register_config), (8 bytes).
    Removing gd32a7xx_timer.o(.text.timer_output_value_selection_config), (20 bytes).
    Removing gd32a7xx_timer.o(.ARM.exidx.text.timer_output_value_selection_config), (8 bytes).
    Removing gd32a7xx_timer.o(.text.timer_commutation_control_shadow_update_config), (20 bytes).
    Removing gd32a7xx_timer.o(.ARM.exidx.text.timer_commutation_control_shadow_update_config), (8 bytes).
    Removing gd32a7xx_timer.o(.text.timer_read_selection_config), (36 bytes).
    Removing gd32a7xx_timer.o(.ARM.exidx.text.timer_read_selection_config), (8 bytes).
    Removing gd32a7xx_timer.o(.text.timer_output_match_pulse_select), (72 bytes).
    Removing gd32a7xx_timer.o(.ARM.exidx.text.timer_output_match_pulse_select), (8 bytes).
    Removing gd32a7xx_timer.o(.text.timer_channel_asymmetric_pwm_mode_config), (168 bytes).
    Removing gd32a7xx_timer.o(.ARM.exidx.text.timer_channel_asymmetric_pwm_mode_config), (8 bytes).
    Removing gd32a7xx_timer.o(.text.timer_channel_composite_pwm_mode_output_pulse_value_config), (58 bytes).
    Removing gd32a7xx_timer.o(.ARM.exidx.text.timer_channel_composite_pwm_mode_output_pulse_value_config), (8 bytes).
    Removing gd32a7xx_timer.o(.text.timer_channel_additional_compare_value_config), (34 bytes).
    Removing gd32a7xx_timer.o(.ARM.exidx.text.timer_channel_additional_compare_value_config), (8 bytes).
    Removing gd32a7xx_timer.o(.text.timer_channel_additional_compare_value_read), (40 bytes).
    Removing gd32a7xx_timer.o(.ARM.exidx.text.timer_channel_additional_compare_value_read), (8 bytes).
    Removing gd32a7xx_timer.o(.text.timer_channel_additional_output_shadow_config), (82 bytes).
    Removing gd32a7xx_timer.o(.ARM.exidx.text.timer_channel_additional_output_shadow_config), (8 bytes).
    Removing gd32a7xx_timer.o(.text.timer_channel_additional_output_update_select), (82 bytes).
    Removing gd32a7xx_timer.o(.ARM.exidx.text.timer_channel_additional_output_update_select), (8 bytes).
    Removing gd32a7xx_timer.o(.text.timer_break_external_input_struct_para_init), (10 bytes).
    Removing gd32a7xx_timer.o(.ARM.exidx.text.timer_break_external_input_struct_para_init), (8 bytes).
    Removing gd32a7xx_timer.o(.text.timer_break_external_input_config), (70 bytes).
    Removing gd32a7xx_timer.o(.ARM.exidx.text.timer_break_external_input_config), (8 bytes).
    Removing gd32a7xx_timer.o(.text.timer_break_external_input_enable), (18 bytes).
    Removing gd32a7xx_timer.o(.ARM.exidx.text.timer_break_external_input_enable), (8 bytes).
    Removing gd32a7xx_timer.o(.text.timer_break_external_input_disable), (20 bytes).
    Removing gd32a7xx_timer.o(.ARM.exidx.text.timer_break_external_input_disable), (8 bytes).
    Removing gd32a7xx_timer.o(.text.timer_break_external_input_polarity_config), (26 bytes).
    Removing gd32a7xx_timer.o(.ARM.exidx.text.timer_break_external_input_polarity_config), (8 bytes).
    Removing gd32a7xx_timer.o(.text.timer_channel_break_control_config), (22 bytes).
    Removing gd32a7xx_timer.o(.ARM.exidx.text.timer_channel_break_control_config), (8 bytes).
    Removing gd32a7xx_timer.o(.text.timer_dead_time_shadow_config), (18 bytes).
    Removing gd32a7xx_timer.o(.ARM.exidx.text.timer_dead_time_shadow_config), (8 bytes).
    Removing gd32a7xx_timer.o(.text.timer_channel_dead_time_config), (22 bytes).
    Removing gd32a7xx_timer.o(.ARM.exidx.text.timer_channel_dead_time_config), (8 bytes).
    Removing gd32a7xx_timer.o(.text.timer_free_complementary_struct_para_init), (12 bytes).
    Removing gd32a7xx_timer.o(.ARM.exidx.text.timer_free_complementary_struct_para_init), (8 bytes).
    Removing gd32a7xx_timer.o(.text.timer_channel_free_complementary_config), (218 bytes).
    Removing gd32a7xx_timer.o(.ARM.exidx.text.timer_channel_free_complementary_config), (8 bytes).
    Removing gd32a7xx_timer.o(.text.timer_initial_counter_config), (28 bytes).
    Removing gd32a7xx_timer.o(.ARM.exidx.text.timer_initial_counter_config), (8 bytes).
    Removing gd32a7xx_timer.o(.text.timer_initial_counter_register_config), (20 bytes).
    Removing gd32a7xx_timer.o(.ARM.exidx.text.timer_initial_counter_register_config), (8 bytes).
    Removing gd32a7xx_timer.o(.text.timer_synchronization_event_generate), (14 bytes).
    Removing gd32a7xx_timer.o(.ARM.exidx.text.timer_synchronization_event_generate), (8 bytes).
    Removing gd32a7xx_timer.o(.text.timer_basic_init), (30 bytes).
    Removing gd32a7xx_timer.o(.ARM.exidx.text.timer_basic_init), (8 bytes).
    Removing gd32a7xx_timer.o(.text.timer_basic_enable), (14 bytes).
    Removing gd32a7xx_timer.o(.ARM.exidx.text.timer_basic_enable), (8 bytes).
    Removing gd32a7xx_timer.o(.text.timer_basic_disable), (16 bytes).
    Removing gd32a7xx_timer.o(.ARM.exidx.text.timer_basic_disable), (8 bytes).
    Removing gd32a7xx_timer.o(.text.timer_basic_auto_reload_shadow_enable), (16 bytes).
    Removing gd32a7xx_timer.o(.ARM.exidx.text.timer_basic_auto_reload_shadow_enable), (8 bytes).
    Removing gd32a7xx_timer.o(.text.timer_basic_auto_reload_shadow_disable), (18 bytes).
    Removing gd32a7xx_timer.o(.ARM.exidx.text.timer_basic_auto_reload_shadow_disable), (8 bytes).
    Removing gd32a7xx_timer.o(.text.timer_basic_update_event_enable), (16 bytes).
    Removing gd32a7xx_timer.o(.ARM.exidx.text.timer_basic_update_event_enable), (8 bytes).
    Removing gd32a7xx_timer.o(.text.timer_basic_update_event_disable), (14 bytes).
    Removing gd32a7xx_timer.o(.ARM.exidx.text.timer_basic_update_event_disable), (8 bytes).
    Removing gd32a7xx_timer.o(.text.timer_basic_prescaler_config), (28 bytes).
    Removing gd32a7xx_timer.o(.ARM.exidx.text.timer_basic_prescaler_config), (8 bytes).
    Removing gd32a7xx_timer.o(.text.timer_basic_autoreload_value_config), (8 bytes).
    Removing gd32a7xx_timer.o(.ARM.exidx.text.timer_basic_autoreload_value_config), (8 bytes).
    Removing gd32a7xx_timer.o(.text.timer_basic_autoreload_value_read), (8 bytes).
    Removing gd32a7xx_timer.o(.ARM.exidx.text.timer_basic_autoreload_value_read), (8 bytes).
    Removing gd32a7xx_timer.o(.text.timer_basic_counter_value_config), (8 bytes).
    Removing gd32a7xx_timer.o(.ARM.exidx.text.timer_basic_counter_value_config), (8 bytes).
    Removing gd32a7xx_timer.o(.text.timer_basic_counter_read), (8 bytes).
    Removing gd32a7xx_timer.o(.ARM.exidx.text.timer_basic_counter_read), (8 bytes).
    Removing gd32a7xx_timer.o(.text.timer_basic_prescaler_read), (10 bytes).
    Removing gd32a7xx_timer.o(.ARM.exidx.text.timer_basic_prescaler_read), (8 bytes).
    Removing gd32a7xx_timer.o(.text.timer_basic_single_pulse_mode_config), (42 bytes).
    Removing gd32a7xx_timer.o(.ARM.exidx.text.timer_basic_single_pulse_mode_config), (8 bytes).
    Removing gd32a7xx_timer.o(.text.timer_basic_update_source_config), (42 bytes).
    Removing gd32a7xx_timer.o(.ARM.exidx.text.timer_basic_update_source_config), (8 bytes).
    Removing gd32a7xx_timer.o(.text.timer_basic_dma_enable), (8 bytes).
    Removing gd32a7xx_timer.o(.ARM.exidx.text.timer_basic_dma_enable), (8 bytes).
    Removing gd32a7xx_timer.o(.text.timer_basic_dma_disable), (10 bytes).
    Removing gd32a7xx_timer.o(.ARM.exidx.text.timer_basic_dma_disable), (8 bytes).
    Removing gd32a7xx_timer.o(.text.timer_basic_event_software_generate), (8 bytes).
    Removing gd32a7xx_timer.o(.ARM.exidx.text.timer_basic_event_software_generate), (8 bytes).
    Removing gd32a7xx_timer.o(.text.timer_basic_cascade_mode_enable), (26 bytes).
    Removing gd32a7xx_timer.o(.ARM.exidx.text.timer_basic_cascade_mode_enable), (8 bytes).
    Removing gd32a7xx_timer.o(.text.timer_basic_cascade_mode_disable), (28 bytes).
    Removing gd32a7xx_timer.o(.ARM.exidx.text.timer_basic_cascade_mode_disable), (8 bytes).
    Removing gd32a7xx_timer.o(.text.timer_basic_cascade_counter_read), (6 bytes).
    Removing gd32a7xx_timer.o(.ARM.exidx.text.timer_basic_cascade_counter_read), (8 bytes).
    Removing gd32a7xx_timer.o(.text.timer_basic_master_output_trigger_source_select), (32 bytes).
    Removing gd32a7xx_timer.o(.ARM.exidx.text.timer_basic_master_output_trigger_source_select), (8 bytes).
    Removing gd32a7xx_timer.o(.text.timer_flag_get), (10 bytes).
    Removing gd32a7xx_timer.o(.ARM.exidx.text.timer_flag_get), (8 bytes).
    Removing gd32a7xx_timer.o(.text.timer_flag_clear), (6 bytes).
    Removing gd32a7xx_timer.o(.ARM.exidx.text.timer_flag_clear), (8 bytes).
    Removing gd32a7xx_timer.o(.text.timer_interrupt_enable), (20 bytes).
    Removing gd32a7xx_timer.o(.ARM.exidx.text.timer_interrupt_enable), (8 bytes).
    Removing gd32a7xx_timer.o(.text.timer_interrupt_disable), (22 bytes).
    Removing gd32a7xx_timer.o(.ARM.exidx.text.timer_interrupt_disable), (8 bytes).
    Removing gd32a7xx_timer.o(.text.timer_interrupt_flag_get), (10 bytes).
    Removing gd32a7xx_timer.o(.ARM.exidx.text.timer_interrupt_flag_get), (8 bytes).
    Removing gd32a7xx_timer.o(.text.timer_interrupt_flag_clear), (6 bytes).
    Removing gd32a7xx_timer.o(.ARM.exidx.text.timer_interrupt_flag_clear), (8 bytes).
    Removing gd32a7xx_timer.o(.rodata..Lswitch.table.timer_channel_period_output_control_enable), (80 bytes).
    Removing gd32a7xx_timer.o(.rodata..Lswitch.table.timer_channel_period_output_control_disable), (80 bytes).
    Removing gd32a7xx_timer.o(.rodata..Lswitch.table.timer_channel_output_pulse_value_config), (80 bytes).
    Removing gd32a7xx_timer.o(.rodata..Lswitch.table.timer_channel_capture_value_register_read), (80 bytes).
    Removing gd32a7xx_timer.o(.rodata..Lswitch.table.timer_channel_composite_pwm_mode_output_pulse_value_config), (80 bytes).
    Removing gd32a7xx_timer.o(.rodata..Lswitch.table.timer_channel_composite_pwm_mode_output_pulse_value_config.1), (80 bytes).
    Removing gd32a7xx_timer.o(.rodata..Lswitch.table.timer_channel_additional_compare_value_config), (80 bytes).
    Removing gd32a7xx_timer.o(.rodata..Lswitch.table.timer_channel_additional_compare_value_read), (80 bytes).
    Removing gd32a7xx_timer.o(.rodata..Lswitch.table.timer_channel_additional_output_shadow_config), (80 bytes).
    Removing gd32a7xx_timer.o(.rodata..Lswitch.table.timer_channel_additional_output_shadow_config.2), (80 bytes).
    Removing gd32a7xx_timer.o(.rodata..Lswitch.table.timer_channel_additional_output_shadow_config.3), (80 bytes).
    Removing gd32a7xx_timer.o(.rodata..Lswitch.table.timer_channel_additional_output_update_select), (80 bytes).
    Removing gd32a7xx_timer.o(.rodata..Lswitch.table.timer_channel_additional_output_update_select.4), (80 bytes).
    Removing gd32a7xx_timer.o(.rodata..Lswitch.table.timer_channel_additional_output_update_select.5), (80 bytes).
    Removing gd32a7xx_trigsel.o(.text), (0 bytes).
    Removing gd32a7xx_trigsel.o(.text.trigsel_init), (58 bytes).
    Removing gd32a7xx_trigsel.o(.ARM.exidx.text.trigsel_init), (8 bytes).
    Removing gd32a7xx_trigsel.o(.text.trigsel_register_lock_get), (18 bytes).
    Removing gd32a7xx_trigsel.o(.ARM.exidx.text.trigsel_register_lock_get), (8 bytes).
    Removing gd32a7xx_trigsel.o(.text.trigsel_trigger_source_get), (36 bytes).
    Removing gd32a7xx_trigsel.o(.ARM.exidx.text.trigsel_trigger_source_get), (8 bytes).
    Removing gd32a7xx_trigsel.o(.text.trigsel_register_lock_set), (22 bytes).
    Removing gd32a7xx_trigsel.o(.ARM.exidx.text.trigsel_register_lock_set), (8 bytes).
    Removing gd32a7xx_wwdgt.o(.text), (0 bytes).
    Removing gd32a7xx_wwdgt.o(.text.wwdgt_deinit), (52 bytes).
    Removing gd32a7xx_wwdgt.o(.ARM.exidx.text.wwdgt_deinit), (8 bytes).
    Removing gd32a7xx_wwdgt.o(.text.wwdgt_enable), (36 bytes).
    Removing gd32a7xx_wwdgt.o(.ARM.exidx.text.wwdgt_enable), (8 bytes).
    Removing gd32a7xx_wwdgt.o(.text.wwdgt_counter_update), (34 bytes).
    Removing gd32a7xx_wwdgt.o(.ARM.exidx.text.wwdgt_counter_update), (8 bytes).
    Removing gd32a7xx_wwdgt.o(.text.wwdgt_config), (56 bytes).
    Removing gd32a7xx_wwdgt.o(.ARM.exidx.text.wwdgt_config), (8 bytes).
    Removing gd32a7xx_wwdgt.o(.text.wwdgt_flag_get), (14 bytes).
    Removing gd32a7xx_wwdgt.o(.ARM.exidx.text.wwdgt_flag_get), (8 bytes).
    Removing gd32a7xx_wwdgt.o(.text.wwdgt_flag_clear), (10 bytes).
    Removing gd32a7xx_wwdgt.o(.ARM.exidx.text.wwdgt_flag_clear), (8 bytes).
    Removing gd32a7xx_wwdgt.o(.text.wwdgt_interrupt_enable), (10 bytes).
    Removing gd32a7xx_wwdgt.o(.ARM.exidx.text.wwdgt_interrupt_enable), (8 bytes).
    Removing gd32a7xx_wwdgt.o(.text.wwdgt_error_flag_get), (16 bytes).
    Removing gd32a7xx_wwdgt.o(.ARM.exidx.text.wwdgt_error_flag_get), (8 bytes).
    Removing gd32a7xx_wwdgt.o(.text.wwdgt_error_flag_clear), (14 bytes).
    Removing gd32a7xx_wwdgt.o(.ARM.exidx.text.wwdgt_error_flag_clear), (8 bytes).
    Removing gd32a7xx_wwdgt.o(.text.wwdgt_flag_mask), (14 bytes).
    Removing gd32a7xx_wwdgt.o(.ARM.exidx.text.wwdgt_flag_mask), (8 bytes).
    Removing gd32a7xx_wwdgt.o(.text.wwdgt_flag_unmask), (20 bytes).
    Removing gd32a7xx_wwdgt.o(.ARM.exidx.text.wwdgt_flag_unmask), (8 bytes).

2901 unused section(s) (total 65407 bytes) removed from the image.

==============================================================================

Image Symbol Table

    Local Symbols

    Symbol Name                              Value     Ov Type        Size  Object(Section)

    ../clib/angel/boardlib.s                 0x00000000   Number         0  boardinit1.o ABSOLUTE
    ../clib/angel/boardlib.s                 0x00000000   Number         0  boardinit2.o ABSOLUTE
    ../clib/angel/boardlib.s                 0x00000000   Number         0  boardinit3.o ABSOLUTE
    ../clib/angel/boardlib.s                 0x00000000   Number         0  boardshut.o ABSOLUTE
    ../clib/angel/handlers.s                 0x00000000   Number         0  __scatter_zi.o ABSOLUTE
    ../clib/angel/kernel.s                   0x00000000   Number         0  __rtentry.o ABSOLUTE
    ../clib/angel/kernel.s                   0x00000000   Number         0  __rtentry2.o ABSOLUTE
    ../clib/angel/kernel.s                   0x00000000   Number         0  __rtentry4.o ABSOLUTE
    ../clib/angel/kernel.s                   0x00000000   Number         0  rtexit.o ABSOLUTE
    ../clib/angel/kernel.s                   0x00000000   Number         0  rtexit2.o ABSOLUTE
    ../clib/angel/rt.s                       0x00000000   Number         0  rt_raise.o ABSOLUTE
    ../clib/angel/scatter.s                  0x00000000   Number         0  __scatter.o ABSOLUTE
    ../clib/angel/startup.s                  0x00000000   Number         0  __main.o ABSOLUTE
    ../clib/angel/sys.s                      0x00000000   Number         0  sys_stackheap_outer.o ABSOLUTE
    ../clib/angel/sys.s                      0x00000000   Number         0  libspace.o ABSOLUTE
    ../clib/angel/sys.s                      0x00000000   Number         0  use_no_semi.o ABSOLUTE
    ../clib/angel/sys.s                      0x00000000   Number         0  indicate_semi.o ABSOLUTE
    ../clib/angel/sysapp.c                   0x00000000   Number         0  sys_exit.o ABSOLUTE
    ../clib/angel/sysapp.c                   0x00000000   Number         0  sys_exit_hlt.o ABSOLUTE
    ../clib/angel/sysapp.c                   0x00000000   Number         0  sys_command.o ABSOLUTE
    ../clib/angel/sysapp.c                   0x00000000   Number         0  sys_command_hlt.o ABSOLUTE
    ../clib/angel/sysapp.c                   0x00000000   Number         0  sys_wrch.o ABSOLUTE
    ../clib/angel/sysapp.c                   0x00000000   Number         0  sys_wrch_hlt.o ABSOLUTE
    ../clib/armsys.c                         0x00000000   Number         0  argv_veneer.o ABSOLUTE
    ../clib/armsys.c                         0x00000000   Number         0  argv_veneer.o ABSOLUTE
    ../clib/armsys.c                         0x00000000   Number         0  _get_argv_nomalloc.o ABSOLUTE
    ../clib/armsys.c                         0x00000000   Number         0  no_argv.o ABSOLUTE
    ../clib/heapalloc.c                      0x00000000   Number         0  hrguard.o ABSOLUTE
    ../clib/heapaux.c                        0x00000000   Number         0  heapauxi.o ABSOLUTE
    ../clib/libinit.s                        0x00000000   Number         0  libinit.o ABSOLUTE
    ../clib/libinit.s                        0x00000000   Number         0  libinit2.o ABSOLUTE
    ../clib/libinit.s                        0x00000000   Number         0  libshutdown.o ABSOLUTE
    ../clib/libinit.s                        0x00000000   Number         0  libshutdown2.o ABSOLUTE
    ../clib/memcpset.s                       0x00000000   Number         0  rt_memcpy_w.o ABSOLUTE
    ../clib/memcpset.s                       0x00000000   Number         0  rt_memclr.o ABSOLUTE
    ../clib/memcpset.s                       0x00000000   Number         0  rt_memclr_w.o ABSOLUTE
    ../clib/signal.c                         0x00000000   Number         0  defsig_rtmem_outer.o ABSOLUTE
    ../clib/signal.c                         0x00000000   Number         0  defsig_rtmem_formal.o ABSOLUTE
    ../clib/signal.c                         0x00000000   Number         0  defsig_exit.o ABSOLUTE
    ../clib/signal.c                         0x00000000   Number         0  defsig_rtmem_inner.o ABSOLUTE
    ../clib/signal.c                         0x00000000   Number         0  __raise.o ABSOLUTE
    ../clib/signal.c                         0x00000000   Number         0  defsig_general.o ABSOLUTE
    ../clib/signal.c                         0x00000000   Number         0  defsig_abrt_inner.o ABSOLUTE
    ../clib/signal.c                         0x00000000   Number         0  defsig_fpe_inner.o ABSOLUTE
    ../clib/signal.c                         0x00000000   Number         0  defsig_rtred_inner.o ABSOLUTE
    ../clib/signal.c                         0x00000000   Number         0  defsig_stak_inner.o ABSOLUTE
    ../clib/signal.c                         0x00000000   Number         0  defsig_pvfn_inner.o ABSOLUTE
    ../clib/signal.c                         0x00000000   Number         0  defsig_cppl_inner.o ABSOLUTE
    ../clib/signal.c                         0x00000000   Number         0  defsig_segv_inner.o ABSOLUTE
    ../clib/signal.c                         0x00000000   Number         0  defsig_other.o ABSOLUTE
    ../clib/signal.s                         0x00000000   Number         0  defsig.o ABSOLUTE
    ../clib/stdlib.c                         0x00000000   Number         0  exit.o ABSOLUTE
    ../firmware/CMSIS/device/ARM/startup_gd32a711x_a712x.s 0x00000000   Number         0  startup_gd32a711x_a712x.o ABSOLUTE
    ../fplib/fpinit.s                        0x00000000   Number         0  fpinit.o ABSOLUTE
    dc.s                                     0x00000000   Number         0  dc.o ABSOLUTE
    gd32a7xx_adc.c                           0x00000000   Number         0  gd32a7xx_adc.o ABSOLUTE
    gd32a7xx_bkp.c                           0x00000000   Number         0  gd32a7xx_bkp.o ABSOLUTE
    gd32a7xx_busim.c                         0x00000000   Number         0  gd32a7xx_busim.o ABSOLUTE
    gd32a7xx_can.c                           0x00000000   Number         0  gd32a7xx_can.o ABSOLUTE
    gd32a7xx_cltcfg.c                        0x00000000   Number         0  gd32a7xx_cltcfg.o ABSOLUTE
    gd32a7xx_cmp.c                           0x00000000   Number         0  gd32a7xx_cmp.o ABSOLUTE
    gd32a7xx_crc.c                           0x00000000   Number         0  gd32a7xx_crc.o ABSOLUTE
    gd32a7xx_dac.c                           0x00000000   Number         0  gd32a7xx_dac.o ABSOLUTE
    gd32a7xx_dbg.c                           0x00000000   Number         0  gd32a7xx_dbg.o ABSOLUTE
    gd32a7xx_dma.c                           0x00000000   Number         0  gd32a7xx_dma.o ABSOLUTE
    gd32a7xx_enet.c                          0x00000000   Number         0  gd32a7xx_enet.o ABSOLUTE
    gd32a7xx_err_report.c                    0x00000000   Number         0  gd32a7xx_err_report.o ABSOLUTE
    gd32a7xx_exti.c                          0x00000000   Number         0  gd32a7xx_exti.o ABSOLUTE
    gd32a7xx_extmpu.c                        0x00000000   Number         0  gd32a7xx_extmpu.o ABSOLUTE
    gd32a7xx_fmc.c                           0x00000000   Number         0  gd32a7xx_fmc.o ABSOLUTE
    gd32a7xx_fmu.c                           0x00000000   Number         0  gd32a7xx_fmu.o ABSOLUTE
    gd32a7xx_fwdgt.c                         0x00000000   Number         0  gd32a7xx_fwdgt.o ABSOLUTE
    gd32a7xx_gdap.c                          0x00000000   Number         0  gd32a7xx_gdap.o ABSOLUTE
    gd32a7xx_gpio.c                          0x00000000   Number         0  gd32a7xx_gpio.o ABSOLUTE
    gd32a7xx_hsmif.c                         0x00000000   Number         0  gd32a7xx_hsmif.o ABSOLUTE
    gd32a7xx_hwsem.c                         0x00000000   Number         0  gd32a7xx_hwsem.o ABSOLUTE
    gd32a7xx_i2c.c                           0x00000000   Number         0  gd32a7xx_i2c.o ABSOLUTE
    gd32a7xx_imicu.c                         0x00000000   Number         0  gd32a7xx_imicu.o ABSOLUTE
    gd32a7xx_irm.c                           0x00000000   Number         0  gd32a7xx_irm.o ABSOLUTE
    gd32a7xx_it.c                            0x00000000   Number         0  gd32a7xx_it.o ABSOLUTE
    gd32a7xx_jdc.c                           0x00000000   Number         0  gd32a7xx_jdc.o ABSOLUTE
    gd32a7xx_linflexd_lin.c                  0x00000000   Number         0  gd32a7xx_linflexd_lin.o ABSOLUTE
    gd32a7xx_linflexd_uart.c                 0x00000000   Number         0  gd32a7xx_linflexd_uart.o ABSOLUTE
    gd32a7xx_mcmu.c                          0x00000000   Number         0  gd32a7xx_mcmu.o ABSOLUTE
    gd32a7xx_mfcom.c                         0x00000000   Number         0  gd32a7xx_mfcom.o ABSOLUTE
    gd32a7xx_misc.c                          0x00000000   Number         0  gd32a7xx_misc.o ABSOLUTE
    gd32a7xx_mtc.c                           0x00000000   Number         0  gd32a7xx_mtc.o ABSOLUTE
    gd32a7xx_pmu.c                           0x00000000   Number         0  gd32a7xx_pmu.o ABSOLUTE
    gd32a7xx_prpu.c                          0x00000000   Number         0  gd32a7xx_prpu.o ABSOLUTE
    gd32a7xx_qspi.c                          0x00000000   Number         0  gd32a7xx_qspi.o ABSOLUTE
    gd32a7xx_rcu.c                           0x00000000   Number         0  gd32a7xx_rcu.o ABSOLUTE
    gd32a7xx_rtc.c                           0x00000000   Number         0  gd32a7xx_rtc.o ABSOLUTE
    gd32a7xx_spi.c                           0x00000000   Number         0  gd32a7xx_spi.o ABSOLUTE
    gd32a7xx_sram_tcm.c                      0x00000000   Number         0  gd32a7xx_sram_tcm.o ABSOLUTE
    gd32a7xx_stcm.c                          0x00000000   Number         0  gd32a7xx_stcm.o ABSOLUTE
    gd32a7xx_syscfg.c                        0x00000000   Number         0  gd32a7xx_syscfg.o ABSOLUTE
    gd32a7xx_timer.c                         0x00000000   Number         0  gd32a7xx_timer.o ABSOLUTE
    gd32a7xx_trigsel.c                       0x00000000   Number         0  gd32a7xx_trigsel.o ABSOLUTE
    gd32a7xx_wwdgt.c                         0x00000000   Number         0  gd32a7xx_wwdgt.o ABSOLUTE
    main.c                                   0x00000000   Number         0  main.o ABSOLUTE
    system_gd32a71xx_a74xx.c                 0x00000000   Number         0  system_gd32a71xx_a74xx.o ABSOLUTE
    systick.c                                0x00000000   Number         0  systick.o ABSOLUTE
    RESET                                    0x08000000   Section     2048  startup_gd32a711x_a712x.o(RESET)
    !!!main                                  0x08000800   Section        8  __main.o(!!!main)
    !!!scatter                               0x08000808   Section       52  __scatter.o(!!!scatter)
    !!handler_zi                             0x0800083c   Section       28  __scatter_zi.o(!!handler_zi)
    .ARM.Collect$$libinit$$00000000          0x08000858   Section        2  libinit.o(.ARM.Collect$$libinit$$00000000)
    .ARM.Collect$$libinit$$00000001          0x0800085a   Section        4  libinit2.o(.ARM.Collect$$libinit$$00000001)
    .ARM.Collect$$libinit$$00000004          0x0800085e   Section        0  libinit2.o(.ARM.Collect$$libinit$$00000004)
    .ARM.Collect$$libinit$$0000000A          0x0800085e   Section        0  libinit2.o(.ARM.Collect$$libinit$$0000000A)
    .ARM.Collect$$libinit$$0000000C          0x0800085e   Section        0  libinit2.o(.ARM.Collect$$libinit$$0000000C)
    .ARM.Collect$$libinit$$0000000E          0x0800085e   Section        0  libinit2.o(.ARM.Collect$$libinit$$0000000E)
    .ARM.Collect$$libinit$$00000011          0x0800085e   Section        0  libinit2.o(.ARM.Collect$$libinit$$00000011)
    .ARM.Collect$$libinit$$00000013          0x0800085e   Section        0  libinit2.o(.ARM.Collect$$libinit$$00000013)
    .ARM.Collect$$libinit$$00000015          0x0800085e   Section        0  libinit2.o(.ARM.Collect$$libinit$$00000015)
    .ARM.Collect$$libinit$$00000017          0x0800085e   Section        0  libinit2.o(.ARM.Collect$$libinit$$00000017)
    .ARM.Collect$$libinit$$00000019          0x0800085e   Section        0  libinit2.o(.ARM.Collect$$libinit$$00000019)
    .ARM.Collect$$libinit$$0000001B          0x0800085e   Section        0  libinit2.o(.ARM.Collect$$libinit$$0000001B)
    .ARM.Collect$$libinit$$0000001D          0x0800085e   Section        0  libinit2.o(.ARM.Collect$$libinit$$0000001D)
    .ARM.Collect$$libinit$$0000001F          0x0800085e   Section        0  libinit2.o(.ARM.Collect$$libinit$$0000001F)
    .ARM.Collect$$libinit$$00000021          0x0800085e   Section        0  libinit2.o(.ARM.Collect$$libinit$$00000021)
    .ARM.Collect$$libinit$$00000023          0x0800085e   Section        0  libinit2.o(.ARM.Collect$$libinit$$00000023)
    .ARM.Collect$$libinit$$00000025          0x0800085e   Section        0  libinit2.o(.ARM.Collect$$libinit$$00000025)
    .ARM.Collect$$libinit$$0000002C          0x0800085e   Section        0  libinit2.o(.ARM.Collect$$libinit$$0000002C)
    .ARM.Collect$$libinit$$0000002E          0x0800085e   Section        0  libinit2.o(.ARM.Collect$$libinit$$0000002E)
    .ARM.Collect$$libinit$$00000030          0x0800085e   Section        0  libinit2.o(.ARM.Collect$$libinit$$00000030)
    .ARM.Collect$$libinit$$00000032          0x0800085e   Section        0  libinit2.o(.ARM.Collect$$libinit$$00000032)
    .ARM.Collect$$libinit$$00000033          0x0800085e   Section        2  libinit2.o(.ARM.Collect$$libinit$$00000033)
    .ARM.Collect$$libshutdown$$00000000      0x08000860   Section        2  libshutdown.o(.ARM.Collect$$libshutdown$$00000000)
    .ARM.Collect$$libshutdown$$00000002      0x08000862   Section        0  libshutdown2.o(.ARM.Collect$$libshutdown$$00000002)
    .ARM.Collect$$libshutdown$$00000004      0x08000862   Section        0  libshutdown2.o(.ARM.Collect$$libshutdown$$00000004)
    .ARM.Collect$$libshutdown$$00000007      0x08000862   Section        0  libshutdown2.o(.ARM.Collect$$libshutdown$$00000007)
    .ARM.Collect$$libshutdown$$0000000A      0x08000862   Section        0  libshutdown2.o(.ARM.Collect$$libshutdown$$0000000A)
    .ARM.Collect$$libshutdown$$0000000C      0x08000862   Section        0  libshutdown2.o(.ARM.Collect$$libshutdown$$0000000C)
    .ARM.Collect$$libshutdown$$0000000F      0x08000862   Section        0  libshutdown2.o(.ARM.Collect$$libshutdown$$0000000F)
    .ARM.Collect$$libshutdown$$00000010      0x08000862   Section        2  libshutdown2.o(.ARM.Collect$$libshutdown$$00000010)
    .ARM.Collect$$rtentry$$00000000          0x08000864   Section        0  __rtentry.o(.ARM.Collect$$rtentry$$00000000)
    .ARM.Collect$$rtentry$$00000002          0x08000864   Section        0  __rtentry2.o(.ARM.Collect$$rtentry$$00000002)
    .ARM.Collect$$rtentry$$00000004          0x08000864   Section        6  __rtentry4.o(.ARM.Collect$$rtentry$$00000004)
    .ARM.Collect$$rtentry$$00000009          0x0800086a   Section        0  __rtentry2.o(.ARM.Collect$$rtentry$$00000009)
    .ARM.Collect$$rtentry$$0000000A          0x0800086a   Section        4  __rtentry2.o(.ARM.Collect$$rtentry$$0000000A)
    .ARM.Collect$$rtentry$$0000000C          0x0800086e   Section        0  __rtentry2.o(.ARM.Collect$$rtentry$$0000000C)
    .ARM.Collect$$rtentry$$0000000D          0x0800086e   Section        8  __rtentry2.o(.ARM.Collect$$rtentry$$0000000D)
    .ARM.Collect$$rtexit$$00000000           0x08000876   Section        2  rtexit.o(.ARM.Collect$$rtexit$$00000000)
    .ARM.Collect$$rtexit$$00000002           0x08000878   Section        0  rtexit2.o(.ARM.Collect$$rtexit$$00000002)
    .ARM.Collect$$rtexit$$00000003           0x08000878   Section        4  rtexit2.o(.ARM.Collect$$rtexit$$00000003)
    .ARM.Collect$$rtexit$$00000004           0x0800087c   Section        6  rtexit2.o(.ARM.Collect$$rtexit$$00000004)
    $v0                                      0x08000884   Number         0  startup_gd32a711x_a712x.o(.text)
    .text                                    0x08000884   Section      128  startup_gd32a711x_a712x.o(.text)
    .text                                    0x08000904   Section        0  heapauxi.o(.text)
    .text                                    0x0800090a   Section       74  sys_stackheap_outer.o(.text)
    .text                                    0x08000954   Section        0  exit.o(.text)
    .text                                    0x08000968   Section        8  libspace.o(.text)
    .text                                    0x08000970   Section        0  sys_exit.o(.text)
    .text                                    0x0800097c   Section        2  use_no_semi.o(.text)
    .text                                    0x0800097e   Section        0  indicate_semi.o(.text)
    [Anonymous Symbol]                       0x08000980   Section        0  gd32a7xx_it.o(.text.BusFault_Handler)
    [Anonymous Symbol]                       0x08000988   Section        0  gd32a7xx_it.o(.text.DebugMon_Handler)
    [Anonymous Symbol]                       0x08000990   Section        0  gd32a7xx_it.o(.text.HardFault_Handler)
    [Anonymous Symbol]                       0x08000998   Section        0  gd32a7xx_it.o(.text.MemManage_Handler)
    [Anonymous Symbol]                       0x080009a0   Section        0  gd32a7xx_it.o(.text.NMI_Handler)
    [Anonymous Symbol]                       0x080009a8   Section        0  gd32a7xx_it.o(.text.PendSV_Handler)
    [Anonymous Symbol]                       0x080009b0   Section        0  gd32a7xx_it.o(.text.SVC_Handler)
    [Anonymous Symbol]                       0x080009b8   Section        0  gd32a7xx_it.o(.text.SysTick_Handler)
    [Anonymous Symbol]                       0x080009c8   Section        0  system_gd32a71xx_a74xx.o(.text.SystemInit)
    [Anonymous Symbol]                       0x08000a88   Section        0  gd32a7xx_it.o(.text.UsageFault_Handler)
    _delay                                   0x08000a91   Thumb Code    24  system_gd32a71xx_a74xx.o(.text._delay)
    [Anonymous Symbol]                       0x08000a90   Section        0  system_gd32a71xx_a74xx.o(.text._delay)
    [Anonymous Symbol]                       0x08000aa8   Section        0  systick.o(.text.delay_decrement)
    [Anonymous Symbol]                       0x08000ac0   Section        0  main.o(.text.led_spark)
    [Anonymous Symbol]                       0x08000ac8   Section        0  main.o(.text.main)
    [Anonymous Symbol]                       0x08000ad0   Section        0  gd32a7xx_misc.o(.text.nvic_vector_table_set)
    system_clock_160M_pll_hxtal              0x08000af1   Thumb Code   218  system_gd32a71xx_a74xx.o(.text.system_clock_160M_pll_hxtal)
    [Anonymous Symbol]                       0x08000af0   Section        0  system_gd32a71xx_a74xx.o(.text.system_clock_160M_pll_hxtal)
    system_clock_config                      0x08000bd1   Thumb Code     8  system_gd32a71xx_a74xx.o(.text.system_clock_config)
    [Anonymous Symbol]                       0x08000bd0   Section        0  system_gd32a71xx_a74xx.o(.text.system_clock_config)
    $v0                                      0x08000bd8   Number         0  fpinit.o(x$fpl$fpinit)
    x$fpl$fpinit                             0x08000bd8   Section       26  fpinit.o(x$fpl$fpinit)
    .bss                                     0x24000000   Section       96  libspace.o(.bss)
    delay                                    0x24000060   Data           4  systick.o(.bss.delay)
    [Anonymous Symbol]                       0x24000060   Section        0  systick.o(.bss.delay)
    Heap_Mem                                 0x24000068   Data        2048  startup_gd32a711x_a712x.o(HEAP)
    HEAP                                     0x24000068   Section     2048  startup_gd32a711x_a712x.o(HEAP)
    Stack_Mem                                0x24000868   Data        4096  startup_gd32a711x_a712x.o(STACK)
    STACK                                    0x24000868   Section     4096  startup_gd32a711x_a712x.o(STACK)
    __initial_sp                             0x24001868   Data           0  startup_gd32a711x_a712x.o(STACK)

    Global Symbols

    Symbol Name                              Value     Ov Type        Size  Object(Section)

    BuildAttributes$$THM_ISAv4$E$P$D$K$B$S$7EM$VFPv5_D16$PE$PLD8$A:L22UL41UL21$X:L11$S22US41US21$IEEE1$IW$~IW$USESV6$~STKCKD$USESV7$~SHL$OTIME$ROPI$EBA8$UX$STANDARDLIB$REQ8$PRES8$EABIv2 0x00000000   Number         0  anon$$obj.o ABSOLUTE
    __ARM_exceptions_init                     - Undefined Weak Reference
    __alloca_initialize                       - Undefined Weak Reference
    __arm_preinit_                            - Undefined Weak Reference
    __cpp_initialize__aeabi_                  - Undefined Weak Reference
    __cxa_finalize                            - Undefined Weak Reference
    __rt_locale                               - Undefined Weak Reference
    __sigvec_lookup                           - Undefined Weak Reference
    _atexit_init                              - Undefined Weak Reference
    _call_atexit_fns                          - Undefined Weak Reference
    _clock_init                               - Undefined Weak Reference
    _fp_trap_init                             - Undefined Weak Reference
    _fp_trap_shutdown                         - Undefined Weak Reference
    _get_lc_collate                           - Undefined Weak Reference
    _get_lc_ctype                             - Undefined Weak Reference
    _get_lc_monetary                          - Undefined Weak Reference
    _get_lc_numeric                           - Undefined Weak Reference
    _get_lc_time                              - Undefined Weak Reference
    _getenv_init                              - Undefined Weak Reference
    _handle_redirection                       - Undefined Weak Reference
    _init_alloc                               - Undefined Weak Reference
    _init_user_alloc                          - Undefined Weak Reference
    _initio                                   - Undefined Weak Reference
    _rand_init                                - Undefined Weak Reference
    _signal_finish                            - Undefined Weak Reference
    _signal_init                              - Undefined Weak Reference
    _terminate_alloc                          - Undefined Weak Reference
    _terminate_user_alloc                     - Undefined Weak Reference
    _terminateio                              - Undefined Weak Reference
    __Vectors_Size                           0x00000400   Number         0  startup_gd32a711x_a712x.o ABSOLUTE
    __Vectors                                0x08000400   Data           4  startup_gd32a711x_a712x.o(RESET)
    __Vectors_End                            0x08000800   Data           0  startup_gd32a711x_a712x.o(RESET)
    __main                                   0x08000801   Thumb Code     8  __main.o(!!!main)
    __scatterload                            0x08000809   Thumb Code     0  __scatter.o(!!!scatter)
    __scatterload_rt2                        0x08000809   Thumb Code    44  __scatter.o(!!!scatter)
    __scatterload_rt2_thumb_only             0x08000809   Thumb Code     0  __scatter.o(!!!scatter)
    __scatterload_null                       0x08000817   Thumb Code     0  __scatter.o(!!!scatter)
    __scatterload_zeroinit                   0x0800083d   Thumb Code    28  __scatter_zi.o(!!handler_zi)
    __rt_lib_init                            0x08000859   Thumb Code     0  libinit.o(.ARM.Collect$$libinit$$00000000)
    __rt_lib_init_fp_1                       0x0800085b   Thumb Code     0  libinit2.o(.ARM.Collect$$libinit$$00000001)
    __rt_lib_init_alloca_1                   0x0800085f   Thumb Code     0  libinit2.o(.ARM.Collect$$libinit$$0000002E)
    __rt_lib_init_argv_1                     0x0800085f   Thumb Code     0  libinit2.o(.ARM.Collect$$libinit$$0000002C)
    __rt_lib_init_atexit_1                   0x0800085f   Thumb Code     0  libinit2.o(.ARM.Collect$$libinit$$0000001B)
    __rt_lib_init_clock_1                    0x0800085f   Thumb Code     0  libinit2.o(.ARM.Collect$$libinit$$00000021)
    __rt_lib_init_cpp_1                      0x0800085f   Thumb Code     0  libinit2.o(.ARM.Collect$$libinit$$00000032)
    __rt_lib_init_exceptions_1               0x0800085f   Thumb Code     0  libinit2.o(.ARM.Collect$$libinit$$00000030)
    __rt_lib_init_fp_trap_1                  0x0800085f   Thumb Code     0  libinit2.o(.ARM.Collect$$libinit$$0000001F)
    __rt_lib_init_getenv_1                   0x0800085f   Thumb Code     0  libinit2.o(.ARM.Collect$$libinit$$00000023)
    __rt_lib_init_heap_1                     0x0800085f   Thumb Code     0  libinit2.o(.ARM.Collect$$libinit$$0000000A)
    __rt_lib_init_lc_collate_1               0x0800085f   Thumb Code     0  libinit2.o(.ARM.Collect$$libinit$$00000011)
    __rt_lib_init_lc_ctype_1                 0x0800085f   Thumb Code     0  libinit2.o(.ARM.Collect$$libinit$$00000013)
    __rt_lib_init_lc_monetary_1              0x0800085f   Thumb Code     0  libinit2.o(.ARM.Collect$$libinit$$00000015)
    __rt_lib_init_lc_numeric_1               0x0800085f   Thumb Code     0  libinit2.o(.ARM.Collect$$libinit$$00000017)
    __rt_lib_init_lc_time_1                  0x0800085f   Thumb Code     0  libinit2.o(.ARM.Collect$$libinit$$00000019)
    __rt_lib_init_preinit_1                  0x0800085f   Thumb Code     0  libinit2.o(.ARM.Collect$$libinit$$00000004)
    __rt_lib_init_rand_1                     0x0800085f   Thumb Code     0  libinit2.o(.ARM.Collect$$libinit$$0000000E)
    __rt_lib_init_return                     0x0800085f   Thumb Code     0  libinit2.o(.ARM.Collect$$libinit$$00000033)
    __rt_lib_init_signal_1                   0x0800085f   Thumb Code     0  libinit2.o(.ARM.Collect$$libinit$$0000001D)
    __rt_lib_init_stdio_1                    0x0800085f   Thumb Code     0  libinit2.o(.ARM.Collect$$libinit$$00000025)
    __rt_lib_init_user_alloc_1               0x0800085f   Thumb Code     0  libinit2.o(.ARM.Collect$$libinit$$0000000C)
    __rt_lib_shutdown                        0x08000861   Thumb Code     0  libshutdown.o(.ARM.Collect$$libshutdown$$00000000)
    __rt_lib_shutdown_cpp_1                  0x08000863   Thumb Code     0  libshutdown2.o(.ARM.Collect$$libshutdown$$00000002)
    __rt_lib_shutdown_fp_trap_1              0x08000863   Thumb Code     0  libshutdown2.o(.ARM.Collect$$libshutdown$$00000007)
    __rt_lib_shutdown_heap_1                 0x08000863   Thumb Code     0  libshutdown2.o(.ARM.Collect$$libshutdown$$0000000F)
    __rt_lib_shutdown_return                 0x08000863   Thumb Code     0  libshutdown2.o(.ARM.Collect$$libshutdown$$00000010)
    __rt_lib_shutdown_signal_1               0x08000863   Thumb Code     0  libshutdown2.o(.ARM.Collect$$libshutdown$$0000000A)
    __rt_lib_shutdown_stdio_1                0x08000863   Thumb Code     0  libshutdown2.o(.ARM.Collect$$libshutdown$$00000004)
    __rt_lib_shutdown_user_alloc_1           0x08000863   Thumb Code     0  libshutdown2.o(.ARM.Collect$$libshutdown$$0000000C)
    __rt_entry                               0x08000865   Thumb Code     0  __rtentry.o(.ARM.Collect$$rtentry$$00000000)
    __rt_entry_presh_1                       0x08000865   Thumb Code     0  __rtentry2.o(.ARM.Collect$$rtentry$$00000002)
    __rt_entry_sh                            0x08000865   Thumb Code     0  __rtentry4.o(.ARM.Collect$$rtentry$$00000004)
    __rt_entry_li                            0x0800086b   Thumb Code     0  __rtentry2.o(.ARM.Collect$$rtentry$$0000000A)
    __rt_entry_postsh_1                      0x0800086b   Thumb Code     0  __rtentry2.o(.ARM.Collect$$rtentry$$00000009)
    __rt_entry_main                          0x0800086f   Thumb Code     0  __rtentry2.o(.ARM.Collect$$rtentry$$0000000D)
    __rt_entry_postli_1                      0x0800086f   Thumb Code     0  __rtentry2.o(.ARM.Collect$$rtentry$$0000000C)
    __rt_exit                                0x08000877   Thumb Code     0  rtexit.o(.ARM.Collect$$rtexit$$00000000)
    __rt_exit_ls                             0x08000879   Thumb Code     0  rtexit2.o(.ARM.Collect$$rtexit$$00000003)
    __rt_exit_prels_1                        0x08000879   Thumb Code     0  rtexit2.o(.ARM.Collect$$rtexit$$00000002)
    __rt_exit_exit                           0x0800087d   Thumb Code     0  rtexit2.o(.ARM.Collect$$rtexit$$00000004)
    Reset_Handler                            0x08000885   Thumb Code    66  startup_gd32a711x_a712x.o(.text)
    ADC0_IRQHandler                          0x080008d9   Thumb Code     0  startup_gd32a711x_a712x.o(.text)
    ADC1_IRQHandler                          0x080008d9   Thumb Code     0  startup_gd32a711x_a712x.o(.text)
    CAN0_ECCERR_IRQHandler                   0x080008d9   Thumb Code     0  startup_gd32a711x_a712x.o(.text)
    CAN1_ECCERR_IRQHandler                   0x080008d9   Thumb Code     0  startup_gd32a711x_a712x.o(.text)
    CAN2_ECCERR_IRQHandler                   0x080008d9   Thumb Code     0  startup_gd32a711x_a712x.o(.text)
    CMP0_EXTI_IRQHandler                     0x080008d9   Thumb Code     0  startup_gd32a711x_a712x.o(.text)
    CMP0_IRQHandler                          0x080008d9   Thumb Code     0  startup_gd32a711x_a712x.o(.text)
    CMP1_EXTI_IRQHandler                     0x080008d9   Thumb Code     0  startup_gd32a711x_a712x.o(.text)
    CMP1_IRQHandler                          0x080008d9   Thumb Code     0  startup_gd32a711x_a712x.o(.text)
    CTI0_IRQHandler                          0x080008d9   Thumb Code     0  startup_gd32a711x_a712x.o(.text)
    CTI1_IRQHandler                          0x080008d9   Thumb Code     0  startup_gd32a711x_a712x.o(.text)
    DAC0_IRQHandler                          0x080008d9   Thumb Code     0  startup_gd32a711x_a712x.o(.text)
    DAC1_IRQHandler                          0x080008d9   Thumb Code     0  startup_gd32a711x_a712x.o(.text)
    DMA0_Channel0_IRQHandler                 0x080008d9   Thumb Code     0  startup_gd32a711x_a712x.o(.text)
    DMA0_Channel1_IRQHandler                 0x080008d9   Thumb Code     0  startup_gd32a711x_a712x.o(.text)
    DMA0_Channel2_IRQHandler                 0x080008d9   Thumb Code     0  startup_gd32a711x_a712x.o(.text)
    DMA0_Channel3_IRQHandler                 0x080008d9   Thumb Code     0  startup_gd32a711x_a712x.o(.text)
    DMA0_Channel4_IRQHandler                 0x080008d9   Thumb Code     0  startup_gd32a711x_a712x.o(.text)
    DMA0_Channel5_IRQHandler                 0x080008d9   Thumb Code     0  startup_gd32a711x_a712x.o(.text)
    DMA0_Channel6_IRQHandler                 0x080008d9   Thumb Code     0  startup_gd32a711x_a712x.o(.text)
    DMA0_Channel7_IRQHandler                 0x080008d9   Thumb Code     0  startup_gd32a711x_a712x.o(.text)
    DMA1_Channel0_IRQHandler                 0x080008d9   Thumb Code     0  startup_gd32a711x_a712x.o(.text)
    DMA1_Channel1_IRQHandler                 0x080008d9   Thumb Code     0  startup_gd32a711x_a712x.o(.text)
    DMA1_Channel2_IRQHandler                 0x080008d9   Thumb Code     0  startup_gd32a711x_a712x.o(.text)
    DMA1_Channel3_IRQHandler                 0x080008d9   Thumb Code     0  startup_gd32a711x_a712x.o(.text)
    DMA1_Channel4_IRQHandler                 0x080008d9   Thumb Code     0  startup_gd32a711x_a712x.o(.text)
    DMA1_Channel5_IRQHandler                 0x080008d9   Thumb Code     0  startup_gd32a711x_a712x.o(.text)
    DMA1_Channel6_IRQHandler                 0x080008d9   Thumb Code     0  startup_gd32a711x_a712x.o(.text)
    DMA1_Channel7_IRQHandler                 0x080008d9   Thumb Code     0  startup_gd32a711x_a712x.o(.text)
    DMAMUX_OVR_IRQHandler                    0x080008d9   Thumb Code     0  startup_gd32a711x_a712x.o(.text)
    DTM_CAN0_DMU_IRQHandler                  0x080008d9   Thumb Code     0  startup_gd32a711x_a712x.o(.text)
    DTM_CAN0_INT0_IRQHandler                 0x080008d9   Thumb Code     0  startup_gd32a711x_a712x.o(.text)
    DTM_CAN0_INT1_IRQHandler                 0x080008d9   Thumb Code     0  startup_gd32a711x_a712x.o(.text)
    DTM_CAN1_DMU_IRQHandler                  0x080008d9   Thumb Code     0  startup_gd32a711x_a712x.o(.text)
    DTM_CAN1_INT0_IRQHandler                 0x080008d9   Thumb Code     0  startup_gd32a711x_a712x.o(.text)
    DTM_CAN1_INT1_IRQHandler                 0x080008d9   Thumb Code     0  startup_gd32a711x_a712x.o(.text)
    DTM_CAN2_DMU_IRQHandler                  0x080008d9   Thumb Code     0  startup_gd32a711x_a712x.o(.text)
    DTM_CAN2_INT0_IRQHandler                 0x080008d9   Thumb Code     0  startup_gd32a711x_a712x.o(.text)
    DTM_CAN2_INT1_IRQHandler                 0x080008d9   Thumb Code     0  startup_gd32a711x_a712x.o(.text)
    DTM_CAN3_DMU_IRQHandler                  0x080008d9   Thumb Code     0  startup_gd32a711x_a712x.o(.text)
    DTM_CAN3_INT0_IRQHandler                 0x080008d9   Thumb Code     0  startup_gd32a711x_a712x.o(.text)
    DTM_CAN3_INT1_IRQHandler                 0x080008d9   Thumb Code     0  startup_gd32a711x_a712x.o(.text)
    DTM_CAN4_DMU_IRQHandler                  0x080008d9   Thumb Code     0  startup_gd32a711x_a712x.o(.text)
    DTM_CAN4_INT0_IRQHandler                 0x080008d9   Thumb Code     0  startup_gd32a711x_a712x.o(.text)
    DTM_CAN4_INT1_IRQHandler                 0x080008d9   Thumb Code     0  startup_gd32a711x_a712x.o(.text)
    DTM_CAN5_DMU_IRQHandler                  0x080008d9   Thumb Code     0  startup_gd32a711x_a712x.o(.text)
    DTM_CAN5_INT0_IRQHandler                 0x080008d9   Thumb Code     0  startup_gd32a711x_a712x.o(.text)
    DTM_CAN5_INT1_IRQHandler                 0x080008d9   Thumb Code     0  startup_gd32a711x_a712x.o(.text)
    DTM_CAN6_DMU_IRQHandler                  0x080008d9   Thumb Code     0  startup_gd32a711x_a712x.o(.text)
    DTM_CAN6_INT0_IRQHandler                 0x080008d9   Thumb Code     0  startup_gd32a711x_a712x.o(.text)
    DTM_CAN6_INT1_IRQHandler                 0x080008d9   Thumb Code     0  startup_gd32a711x_a712x.o(.text)
    DTM_CAN7_DMU_IRQHandler                  0x080008d9   Thumb Code     0  startup_gd32a711x_a712x.o(.text)
    DTM_CAN7_INT0_IRQHandler                 0x080008d9   Thumb Code     0  startup_gd32a711x_a712x.o(.text)
    DTM_CAN7_INT1_IRQHandler                 0x080008d9   Thumb Code     0  startup_gd32a711x_a712x.o(.text)
    EXTI0_IRQHandler                         0x080008d9   Thumb Code     0  startup_gd32a711x_a712x.o(.text)
    EXTI10_15_IRQHandler                     0x080008d9   Thumb Code     0  startup_gd32a711x_a712x.o(.text)
    EXTI1_IRQHandler                         0x080008d9   Thumb Code     0  startup_gd32a711x_a712x.o(.text)
    EXTI2_IRQHandler                         0x080008d9   Thumb Code     0  startup_gd32a711x_a712x.o(.text)
    EXTI3_IRQHandler                         0x080008d9   Thumb Code     0  startup_gd32a711x_a712x.o(.text)
    EXTI42_101_IRQHandler                    0x080008d9   Thumb Code     0  startup_gd32a711x_a712x.o(.text)
    EXTI4_IRQHandler                         0x080008d9   Thumb Code     0  startup_gd32a711x_a712x.o(.text)
    EXTI5_9_IRQHandler                       0x080008d9   Thumb Code     0  startup_gd32a711x_a712x.o(.text)
    FMC_IRQHandler                           0x080008d9   Thumb Code     0  startup_gd32a711x_a712x.o(.text)
    FMU_CAT_IRQHandler                       0x080008d9   Thumb Code     0  startup_gd32a711x_a712x.o(.text)
    FMU_INIT_IRQHandler                      0x080008d9   Thumb Code     0  startup_gd32a711x_a712x.o(.text)
    FPU_WAB_IRQHandler                       0x080008d9   Thumb Code     0  startup_gd32a711x_a712x.o(.text)
    FWDGT_IRQHandler                         0x080008d9   Thumb Code     0  startup_gd32a711x_a712x.o(.text)
    HSM_COM0_IRQHandler                      0x080008d9   Thumb Code     0  startup_gd32a711x_a712x.o(.text)
    HSM_COM1_IRQHandler                      0x080008d9   Thumb Code     0  startup_gd32a711x_a712x.o(.text)
    HVD_LVD_IRQHandler                       0x080008d9   Thumb Code     0  startup_gd32a711x_a712x.o(.text)
    I2C0_ER_IRQHandler                       0x080008d9   Thumb Code     0  startup_gd32a711x_a712x.o(.text)
    I2C0_EV_IRQHandler                       0x080008d9   Thumb Code     0  startup_gd32a711x_a712x.o(.text)
    I2C1_ER_IRQHandler                       0x080008d9   Thumb Code     0  startup_gd32a711x_a712x.o(.text)
    I2C1_EV_IRQHandler                       0x080008d9   Thumb Code     0  startup_gd32a711x_a712x.o(.text)
    JDC_IRQHandler                           0x080008d9   Thumb Code     0  startup_gd32a711x_a712x.o(.text)
    LINFlexD0_IRQHandler                     0x080008d9   Thumb Code     0  startup_gd32a711x_a712x.o(.text)
    LINFlexD1_IRQHandler                     0x080008d9   Thumb Code     0  startup_gd32a711x_a712x.o(.text)
    LINFlexD2_IRQHandler                     0x080008d9   Thumb Code     0  startup_gd32a711x_a712x.o(.text)
    LINFlexD3_IRQHandler                     0x080008d9   Thumb Code     0  startup_gd32a711x_a712x.o(.text)
    LINFlexD4_IRQHandler                     0x080008d9   Thumb Code     0  startup_gd32a711x_a712x.o(.text)
    LINFlexD5_IRQHandler                     0x080008d9   Thumb Code     0  startup_gd32a711x_a712x.o(.text)
    PLL_LOL_DES_RESET_IRQHandler             0x080008d9   Thumb Code     0  startup_gd32a711x_a712x.o(.text)
    QSPI_IRQHandler                          0x080008d9   Thumb Code     0  startup_gd32a711x_a712x.o(.text)
    RCTL_IRQHandler                          0x080008d9   Thumb Code     0  startup_gd32a711x_a712x.o(.text)
    RCU_CK_FAIL_IRQHandler                   0x080008d9   Thumb Code     0  startup_gd32a711x_a712x.o(.text)
    RCU_IRQHandler                           0x080008d9   Thumb Code     0  startup_gd32a711x_a712x.o(.text)
    RTC_Alarm_IRQHandler                     0x080008d9   Thumb Code     0  startup_gd32a711x_a712x.o(.text)
    RTC_IRQHandler                           0x080008d9   Thumb Code     0  startup_gd32a711x_a712x.o(.text)
    SPI0_IRQHandler                          0x080008d9   Thumb Code     0  startup_gd32a711x_a712x.o(.text)
    SPI1_IRQHandler                          0x080008d9   Thumb Code     0  startup_gd32a711x_a712x.o(.text)
    SPI2_IRQHandler                          0x080008d9   Thumb Code     0  startup_gd32a711x_a712x.o(.text)
    SPI3_IRQHandler                          0x080008d9   Thumb Code     0  startup_gd32a711x_a712x.o(.text)
    SPI4_IRQHandler                          0x080008d9   Thumb Code     0  startup_gd32a711x_a712x.o(.text)
    SPI5_IRQHandler                          0x080008d9   Thumb Code     0  startup_gd32a711x_a712x.o(.text)
    STCM_IRQHandler                          0x080008d9   Thumb Code     0  startup_gd32a711x_a712x.o(.text)
    TAMPER_IRQHandler                        0x080008d9   Thumb Code     0  startup_gd32a711x_a712x.o(.text)
    TIMER0_BRK_UP_TRG_CMT_IRQHandler         0x080008d9   Thumb Code     0  startup_gd32a711x_a712x.o(.text)
    TIMER0_CC0_CC0N_IRQHandler               0x080008d9   Thumb Code     0  startup_gd32a711x_a712x.o(.text)
    TIMER0_CC1_CC1N_IRQHandler               0x080008d9   Thumb Code     0  startup_gd32a711x_a712x.o(.text)
    TIMER0_CC2_CC2N_IRQHandler               0x080008d9   Thumb Code     0  startup_gd32a711x_a712x.o(.text)
    TIMER0_CC3_CC3N_IRQHandler               0x080008d9   Thumb Code     0  startup_gd32a711x_a712x.o(.text)
    TIMER19_BRK_UP_TRG_CMT_IRQHandler        0x080008d9   Thumb Code     0  startup_gd32a711x_a712x.o(.text)
    TIMER19_CC0_CC0N_IRQHandler              0x080008d9   Thumb Code     0  startup_gd32a711x_a712x.o(.text)
    TIMER19_CC1_CC1N_IRQHandler              0x080008d9   Thumb Code     0  startup_gd32a711x_a712x.o(.text)
    TIMER19_CC2_CC2N_IRQHandler              0x080008d9   Thumb Code     0  startup_gd32a711x_a712x.o(.text)
    TIMER19_CC3_CC3N_IRQHandler              0x080008d9   Thumb Code     0  startup_gd32a711x_a712x.o(.text)
    TIMER1_CC0_IRQHandler                    0x080008d9   Thumb Code     0  startup_gd32a711x_a712x.o(.text)
    TIMER1_CC1_IRQHandler                    0x080008d9   Thumb Code     0  startup_gd32a711x_a712x.o(.text)
    TIMER1_CC2_IRQHandler                    0x080008d9   Thumb Code     0  startup_gd32a711x_a712x.o(.text)
    TIMER1_CC3_IRQHandler                    0x080008d9   Thumb Code     0  startup_gd32a711x_a712x.o(.text)
    TIMER1_IRQHandler                        0x080008d9   Thumb Code     0  startup_gd32a711x_a712x.o(.text)
    TIMER20_BRK_UP_TRG_CMT_IRQHandler        0x080008d9   Thumb Code     0  startup_gd32a711x_a712x.o(.text)
    TIMER20_CC0_CC0N_IRQHandler              0x080008d9   Thumb Code     0  startup_gd32a711x_a712x.o(.text)
    TIMER20_CC1_CC1N_IRQHandler              0x080008d9   Thumb Code     0  startup_gd32a711x_a712x.o(.text)
    TIMER20_CC2_CC2N_IRQHandler              0x080008d9   Thumb Code     0  startup_gd32a711x_a712x.o(.text)
    TIMER20_CC3_CC3N_IRQHandler              0x080008d9   Thumb Code     0  startup_gd32a711x_a712x.o(.text)
    TIMER2_CC0_IRQHandler                    0x080008d9   Thumb Code     0  startup_gd32a711x_a712x.o(.text)
    TIMER2_CC1_IRQHandler                    0x080008d9   Thumb Code     0  startup_gd32a711x_a712x.o(.text)
    TIMER2_CC2_IRQHandler                    0x080008d9   Thumb Code     0  startup_gd32a711x_a712x.o(.text)
    TIMER2_CC3_IRQHandler                    0x080008d9   Thumb Code     0  startup_gd32a711x_a712x.o(.text)
    TIMER2_IRQHandler                        0x080008d9   Thumb Code     0  startup_gd32a711x_a712x.o(.text)
    TIMER5_CH0_UP_IRQHandler                 0x080008d9   Thumb Code     0  startup_gd32a711x_a712x.o(.text)
    TIMER5_CH1_UP_IRQHandler                 0x080008d9   Thumb Code     0  startup_gd32a711x_a712x.o(.text)
    TIMER5_CH2_UP_IRQHandler                 0x080008d9   Thumb Code     0  startup_gd32a711x_a712x.o(.text)
    TIMER5_CH3_UP_IRQHandler                 0x080008d9   Thumb Code     0  startup_gd32a711x_a712x.o(.text)
    TIMER60_BRK_UP_TRG_CMT_IRQHandler        0x080008d9   Thumb Code     0  startup_gd32a711x_a712x.o(.text)
    TIMER60_CC0_CC0N_IRQHandler              0x080008d9   Thumb Code     0  startup_gd32a711x_a712x.o(.text)
    TIMER60_CC1_CC1N_IRQHandler              0x080008d9   Thumb Code     0  startup_gd32a711x_a712x.o(.text)
    TIMER60_CC2_CC2N_IRQHandler              0x080008d9   Thumb Code     0  startup_gd32a711x_a712x.o(.text)
    TIMER60_CC3_CC3N_IRQHandler              0x080008d9   Thumb Code     0  startup_gd32a711x_a712x.o(.text)
    TIMER61_BRK_UP_TRG_CMT_IRQHandler        0x080008d9   Thumb Code     0  startup_gd32a711x_a712x.o(.text)
    TIMER61_CC0_CC0N_IRQHandler              0x080008d9   Thumb Code     0  startup_gd32a711x_a712x.o(.text)
    TIMER61_CC1_CC1N_IRQHandler              0x080008d9   Thumb Code     0  startup_gd32a711x_a712x.o(.text)
    TIMER61_CC2_CC2N_IRQHandler              0x080008d9   Thumb Code     0  startup_gd32a711x_a712x.o(.text)
    TIMER61_CC3_CC3N_IRQHandler              0x080008d9   Thumb Code     0  startup_gd32a711x_a712x.o(.text)
    TIMER62_BRK_UP_TRG_CMT_IRQHandler        0x080008d9   Thumb Code     0  startup_gd32a711x_a712x.o(.text)
    TIMER62_CC0_CC0N_IRQHandler              0x080008d9   Thumb Code     0  startup_gd32a711x_a712x.o(.text)
    TIMER62_CC1_CC1N_IRQHandler              0x080008d9   Thumb Code     0  startup_gd32a711x_a712x.o(.text)
    TIMER62_CC2_CC2N_IRQHandler              0x080008d9   Thumb Code     0  startup_gd32a711x_a712x.o(.text)
    TIMER62_CC3_CC3N_IRQHandler              0x080008d9   Thumb Code     0  startup_gd32a711x_a712x.o(.text)
    TIMER63_BRK_UP_TRG_CMT_IRQHandler        0x080008d9   Thumb Code     0  startup_gd32a711x_a712x.o(.text)
    TIMER63_CC0_CC0N_IRQHandler              0x080008d9   Thumb Code     0  startup_gd32a711x_a712x.o(.text)
    TIMER63_CC1_CC1N_IRQHandler              0x080008d9   Thumb Code     0  startup_gd32a711x_a712x.o(.text)
    TIMER63_CC2_CC2N_IRQHandler              0x080008d9   Thumb Code     0  startup_gd32a711x_a712x.o(.text)
    TIMER63_CC3_CC3N_IRQHandler              0x080008d9   Thumb Code     0  startup_gd32a711x_a712x.o(.text)
    TIMER6_CH0_UP_IRQHandler                 0x080008d9   Thumb Code     0  startup_gd32a711x_a712x.o(.text)
    TIMER6_CH1_UP_IRQHandler                 0x080008d9   Thumb Code     0  startup_gd32a711x_a712x.o(.text)
    TIMER6_CH2_UP_IRQHandler                 0x080008d9   Thumb Code     0  startup_gd32a711x_a712x.o(.text)
    TIMER6_CH3_UP_IRQHandler                 0x080008d9   Thumb Code     0  startup_gd32a711x_a712x.o(.text)
    TIMER7_BRK_UP_TRG_CMT_IRQHandler         0x080008d9   Thumb Code     0  startup_gd32a711x_a712x.o(.text)
    TIMER7_CC0_CC0N_IRQHandler               0x080008d9   Thumb Code     0  startup_gd32a711x_a712x.o(.text)
    TIMER7_CC1_CC1N_IRQHandler               0x080008d9   Thumb Code     0  startup_gd32a711x_a712x.o(.text)
    TIMER7_CC2_CC2N_IRQHandler               0x080008d9   Thumb Code     0  startup_gd32a711x_a712x.o(.text)
    TIMER7_CC3_CC3N_IRQHandler               0x080008d9   Thumb Code     0  startup_gd32a711x_a712x.o(.text)
    WWDGT0_IRQHandler                        0x080008d9   Thumb Code     0  startup_gd32a711x_a712x.o(.text)
    __user_initial_stackheap                 0x080008dd   Thumb Code    10  startup_gd32a711x_a712x.o(.text)
    __use_two_region_memory                  0x08000905   Thumb Code     2  heapauxi.o(.text)
    __rt_heap_escrow$2region                 0x08000907   Thumb Code     2  heapauxi.o(.text)
    __rt_heap_expand$2region                 0x08000909   Thumb Code     2  heapauxi.o(.text)
    __user_setup_stackheap                   0x0800090b   Thumb Code    74  sys_stackheap_outer.o(.text)
    exit                                     0x08000955   Thumb Code    18  exit.o(.text)
    __user_libspace                          0x08000969   Thumb Code     8  libspace.o(.text)
    __user_perproc_libspace                  0x08000969   Thumb Code     0  libspace.o(.text)
    __user_perthread_libspace                0x08000969   Thumb Code     0  libspace.o(.text)
    _sys_exit                                0x08000971   Thumb Code     8  sys_exit.o(.text)
    __I$use$semihosting                      0x0800097d   Thumb Code     0  use_no_semi.o(.text)
    __use_no_semihosting_swi                 0x0800097d   Thumb Code     2  use_no_semi.o(.text)
    __semihosting_library_function           0x0800097f   Thumb Code     0  indicate_semi.o(.text)
    BusFault_Handler                         0x08000981   Thumb Code     2  gd32a7xx_it.o(.text.BusFault_Handler)
    DebugMon_Handler                         0x08000989   Thumb Code     2  gd32a7xx_it.o(.text.DebugMon_Handler)
    HardFault_Handler                        0x08000991   Thumb Code     2  gd32a7xx_it.o(.text.HardFault_Handler)
    MemManage_Handler                        0x08000999   Thumb Code     2  gd32a7xx_it.o(.text.MemManage_Handler)
    NMI_Handler                              0x080009a1   Thumb Code     2  gd32a7xx_it.o(.text.NMI_Handler)
    PendSV_Handler                           0x080009a9   Thumb Code     2  gd32a7xx_it.o(.text.PendSV_Handler)
    SVC_Handler                              0x080009b1   Thumb Code     2  gd32a7xx_it.o(.text.SVC_Handler)
    SysTick_Handler                          0x080009b9   Thumb Code    12  gd32a7xx_it.o(.text.SysTick_Handler)
    SystemInit                               0x080009c9   Thumb Code   190  system_gd32a71xx_a74xx.o(.text.SystemInit)
    UsageFault_Handler                       0x08000a89   Thumb Code     2  gd32a7xx_it.o(.text.UsageFault_Handler)
    delay_decrement                          0x08000aa9   Thumb Code    24  systick.o(.text.delay_decrement)
    led_spark                                0x08000ac1   Thumb Code     2  main.o(.text.led_spark)
    main                                     0x08000ac9   Thumb Code     2  main.o(.text.main)
    nvic_vector_table_set                    0x08000ad1   Thumb Code    28  gd32a7xx_misc.o(.text.nvic_vector_table_set)
    _fp_init                                 0x08000bd9   Thumb Code    26  fpinit.o(x$fpl$fpinit)
    __fplib_config_fpu_vfp                   0x08000bf1   Thumb Code     0  fpinit.o(x$fpl$fpinit)
    __fplib_config_pureend_doubles           0x08000bf1   Thumb Code     0  fpinit.o(x$fpl$fpinit)
    Region$$Table$$Base                      0x08000bf4   Number         0  anon$$obj.o(Region$$Table)
    Region$$Table$$Limit                     0x08000c04   Number         0  anon$$obj.o(Region$$Table)
    Image$$RW_IRAM1$$RW$$Base                0x24000000   Number         0  anon$$obj.o ABSOLUTE
    __libspace_start                         0x24000000   Data          96  libspace.o(.bss)
    __temporary_stack_top$libspace           0x24000060   Data           0  libspace.o(.bss)



==============================================================================

Memory Map of the image

  Image Entry point : 0x08000801

  Load Region LR_IROM1 (Base: 0x08000000, Size: 0x00000c04, Max: 0x00100000, ABSOLUTE)

    Execution Region ER_IROM1 (Exec base: 0x08000000, Load base: 0x08000000, Size: 0x00000c04, Max: 0x00100000, ABSOLUTE)

    Exec Addr    Load Addr    Size         Type   Attr      Idx    E Section Name        Object

    0x08000000   0x08000000   0x00000800   Data   RO           62    RESET               startup_gd32a711x_a712x.o
    0x08000800   0x08000800   0x00000008   Code   RO         3239  * !!!main             c_w.l(__main.o)
    0x08000808   0x08000808   0x00000034   Code   RO         3402    !!!scatter          c_w.l(__scatter.o)
    0x0800083c   0x0800083c   0x0000001c   Code   RO         3404    !!handler_zi        c_w.l(__scatter_zi.o)
    0x08000858   0x08000858   0x00000002   Code   RO         3266    .ARM.Collect$$libinit$$00000000  c_w.l(libinit.o)
    0x0800085a   0x0800085a   0x00000004   Code   RO         3272    .ARM.Collect$$libinit$$00000001  c_w.l(libinit2.o)
    0x0800085e   0x0800085e   0x00000000   Code   RO         3275    .ARM.Collect$$libinit$$00000004  c_w.l(libinit2.o)
    0x0800085e   0x0800085e   0x00000000   Code   RO         3278    .ARM.Collect$$libinit$$0000000A  c_w.l(libinit2.o)
    0x0800085e   0x0800085e   0x00000000   Code   RO         3280    .ARM.Collect$$libinit$$0000000C  c_w.l(libinit2.o)
    0x0800085e   0x0800085e   0x00000000   Code   RO         3282    .ARM.Collect$$libinit$$0000000E  c_w.l(libinit2.o)
    0x0800085e   0x0800085e   0x00000000   Code   RO         3285    .ARM.Collect$$libinit$$00000011  c_w.l(libinit2.o)
    0x0800085e   0x0800085e   0x00000000   Code   RO         3287    .ARM.Collect$$libinit$$00000013  c_w.l(libinit2.o)
    0x0800085e   0x0800085e   0x00000000   Code   RO         3289    .ARM.Collect$$libinit$$00000015  c_w.l(libinit2.o)
    0x0800085e   0x0800085e   0x00000000   Code   RO         3291    .ARM.Collect$$libinit$$00000017  c_w.l(libinit2.o)
    0x0800085e   0x0800085e   0x00000000   Code   RO         3293    .ARM.Collect$$libinit$$00000019  c_w.l(libinit2.o)
    0x0800085e   0x0800085e   0x00000000   Code   RO         3295    .ARM.Collect$$libinit$$0000001B  c_w.l(libinit2.o)
    0x0800085e   0x0800085e   0x00000000   Code   RO         3297    .ARM.Collect$$libinit$$0000001D  c_w.l(libinit2.o)
    0x0800085e   0x0800085e   0x00000000   Code   RO         3299    .ARM.Collect$$libinit$$0000001F  c_w.l(libinit2.o)
    0x0800085e   0x0800085e   0x00000000   Code   RO         3301    .ARM.Collect$$libinit$$00000021  c_w.l(libinit2.o)
    0x0800085e   0x0800085e   0x00000000   Code   RO         3303    .ARM.Collect$$libinit$$00000023  c_w.l(libinit2.o)
    0x0800085e   0x0800085e   0x00000000   Code   RO         3305    .ARM.Collect$$libinit$$00000025  c_w.l(libinit2.o)
    0x0800085e   0x0800085e   0x00000000   Code   RO         3309    .ARM.Collect$$libinit$$0000002C  c_w.l(libinit2.o)
    0x0800085e   0x0800085e   0x00000000   Code   RO         3311    .ARM.Collect$$libinit$$0000002E  c_w.l(libinit2.o)
    0x0800085e   0x0800085e   0x00000000   Code   RO         3313    .ARM.Collect$$libinit$$00000030  c_w.l(libinit2.o)
    0x0800085e   0x0800085e   0x00000000   Code   RO         3315    .ARM.Collect$$libinit$$00000032  c_w.l(libinit2.o)
    0x0800085e   0x0800085e   0x00000002   Code   RO         3316    .ARM.Collect$$libinit$$00000033  c_w.l(libinit2.o)
    0x08000860   0x08000860   0x00000002   Code   RO         3338    .ARM.Collect$$libshutdown$$00000000  c_w.l(libshutdown.o)
    0x08000862   0x08000862   0x00000000   Code   RO         3353    .ARM.Collect$$libshutdown$$00000002  c_w.l(libshutdown2.o)
    0x08000862   0x08000862   0x00000000   Code   RO         3355    .ARM.Collect$$libshutdown$$00000004  c_w.l(libshutdown2.o)
    0x08000862   0x08000862   0x00000000   Code   RO         3358    .ARM.Collect$$libshutdown$$00000007  c_w.l(libshutdown2.o)
    0x08000862   0x08000862   0x00000000   Code   RO         3361    .ARM.Collect$$libshutdown$$0000000A  c_w.l(libshutdown2.o)
    0x08000862   0x08000862   0x00000000   Code   RO         3363    .ARM.Collect$$libshutdown$$0000000C  c_w.l(libshutdown2.o)
    0x08000862   0x08000862   0x00000000   Code   RO         3366    .ARM.Collect$$libshutdown$$0000000F  c_w.l(libshutdown2.o)
    0x08000862   0x08000862   0x00000002   Code   RO         3367    .ARM.Collect$$libshutdown$$00000010  c_w.l(libshutdown2.o)
    0x08000864   0x08000864   0x00000000   Code   RO         3241    .ARM.Collect$$rtentry$$00000000  c_w.l(__rtentry.o)
    0x08000864   0x08000864   0x00000000   Code   RO         3243    .ARM.Collect$$rtentry$$00000002  c_w.l(__rtentry2.o)
    0x08000864   0x08000864   0x00000006   Code   RO         3255    .ARM.Collect$$rtentry$$00000004  c_w.l(__rtentry4.o)
    0x0800086a   0x0800086a   0x00000000   Code   RO         3245    .ARM.Collect$$rtentry$$00000009  c_w.l(__rtentry2.o)
    0x0800086a   0x0800086a   0x00000004   Code   RO         3246    .ARM.Collect$$rtentry$$0000000A  c_w.l(__rtentry2.o)
    0x0800086e   0x0800086e   0x00000000   Code   RO         3248    .ARM.Collect$$rtentry$$0000000C  c_w.l(__rtentry2.o)
    0x0800086e   0x0800086e   0x00000008   Code   RO         3249    .ARM.Collect$$rtentry$$0000000D  c_w.l(__rtentry2.o)
    0x08000876   0x08000876   0x00000002   Code   RO         3270    .ARM.Collect$$rtexit$$00000000  c_w.l(rtexit.o)
    0x08000878   0x08000878   0x00000000   Code   RO         3318    .ARM.Collect$$rtexit$$00000002  c_w.l(rtexit2.o)
    0x08000878   0x08000878   0x00000004   Code   RO         3319    .ARM.Collect$$rtexit$$00000003  c_w.l(rtexit2.o)
    0x0800087c   0x0800087c   0x00000006   Code   RO         3320    .ARM.Collect$$rtexit$$00000004  c_w.l(rtexit2.o)
    0x08000882   0x08000882   0x00000002   PAD
    0x08000884   0x08000884   0x00000080   Code   RO           63    .text               startup_gd32a711x_a712x.o
    0x08000904   0x08000904   0x00000006   Code   RO         3237    .text               c_w.l(heapauxi.o)
    0x0800090a   0x0800090a   0x0000004a   Code   RO         3257    .text               c_w.l(sys_stackheap_outer.o)
    0x08000954   0x08000954   0x00000012   Code   RO         3259    .text               c_w.l(exit.o)
    0x08000966   0x08000966   0x00000002   PAD
    0x08000968   0x08000968   0x00000008   Code   RO         3267    .text               c_w.l(libspace.o)
    0x08000970   0x08000970   0x0000000c   Code   RO         3328    .text               c_w.l(sys_exit.o)
    0x0800097c   0x0800097c   0x00000002   Code   RO         3343    .text               c_w.l(use_no_semi.o)
    0x0800097e   0x0800097e   0x00000000   Code   RO         3345    .text               c_w.l(indicate_semi.o)
    0x0800097e   0x0800097e   0x00000002   PAD
    0x08000980   0x08000980   0x00000002   Code   RO           23    .text.BusFault_Handler  gd32a7xx_it.o
    0x08000982   0x08000982   0x00000006   PAD
    0x08000988   0x08000988   0x00000002   Code   RO           29    .text.DebugMon_Handler  gd32a7xx_it.o
    0x0800098a   0x0800098a   0x00000006   PAD
    0x08000990   0x08000990   0x00000002   Code   RO           19    .text.HardFault_Handler  gd32a7xx_it.o
    0x08000992   0x08000992   0x00000006   PAD
    0x08000998   0x08000998   0x00000002   Code   RO           21    .text.MemManage_Handler  gd32a7xx_it.o
    0x0800099a   0x0800099a   0x00000006   PAD
    0x080009a0   0x080009a0   0x00000002   Code   RO           17    .text.NMI_Handler   gd32a7xx_it.o
    0x080009a2   0x080009a2   0x00000006   PAD
    0x080009a8   0x080009a8   0x00000002   Code   RO           31    .text.PendSV_Handler  gd32a7xx_it.o
    0x080009aa   0x080009aa   0x00000006   PAD
    0x080009b0   0x080009b0   0x00000002   Code   RO           27    .text.SVC_Handler   gd32a7xx_it.o
    0x080009b2   0x080009b2   0x00000006   PAD
    0x080009b8   0x080009b8   0x0000000c   Code   RO           33    .text.SysTick_Handler  gd32a7xx_it.o
    0x080009c4   0x080009c4   0x00000004   PAD
    0x080009c8   0x080009c8   0x000000be   Code   RO           70    .text.SystemInit    system_gd32a71xx_a74xx.o
    0x08000a86   0x08000a86   0x00000002   PAD
    0x08000a88   0x08000a88   0x00000002   Code   RO           25    .text.UsageFault_Handler  gd32a7xx_it.o
    0x08000a8a   0x08000a8a   0x00000006   PAD
    0x08000a90   0x08000a90   0x00000018   Code   RO           72    .text._delay        system_gd32a71xx_a74xx.o
    0x08000aa8   0x08000aa8   0x00000018   Code   RO           50    .text.delay_decrement  systick.o
    0x08000ac0   0x08000ac0   0x00000002   Code   RO            6    .text.led_spark     main.o
    0x08000ac2   0x08000ac2   0x00000006   PAD
    0x08000ac8   0x08000ac8   0x00000002   Code   RO            2    .text.main          main.o
    0x08000aca   0x08000aca   0x00000006   PAD
    0x08000ad0   0x08000ad0   0x0000001c   Code   RO         2075    .text.nvic_vector_table_set  gd32a7xx_misc.o
    0x08000aec   0x08000aec   0x00000004   PAD
    0x08000af0   0x08000af0   0x000000da   Code   RO           80    .text.system_clock_160M_pll_hxtal  system_gd32a71xx_a74xx.o
    0x08000bca   0x08000bca   0x00000006   PAD
    0x08000bd0   0x08000bd0   0x00000008   Code   RO           74    .text.system_clock_config  system_gd32a71xx_a74xx.o
    0x08000bd8   0x08000bd8   0x0000001a   Code   RO         3326    x$fpl$fpinit        fz_wv.l(fpinit.o)
    0x08000bf2   0x08000bf2   0x00000002   PAD
    0x08000bf4   0x08000bf4   0x00000010   Data   RO         3401    Region$$Table       anon$$obj.o


    Execution Region RW_IRAM1 (Exec base: 0x24000000, Load base: 0x08000c04, Size: 0x00001868, Max: 0x00008000, ABSOLUTE)

    Exec Addr    Load Addr    Size         Type   Attr      Idx    E Section Name        Object

    0x24000000        -       0x00000060   Zero   RW         3268    .bss                c_w.l(libspace.o)
    0x24000060        -       0x00000004   Zero   RW           52    .bss.delay          systick.o
    0x24000064   0x08000c04   0x00000004   PAD
    0x24000068        -       0x00000800   Zero   RW           61    HEAP                startup_gd32a711x_a712x.o
    0x24000868        -       0x00001000   Zero   RW           60    STACK               startup_gd32a711x_a712x.o


==============================================================================

Image component sizes


      Code (inc. data)   RO Data    RW Data    ZI Data      Debug   Object Name

        28          0          0          0          0       1045   gd32a7xx_it.o
        28          0          0          0          0       9559   gd32a7xx_misc.o
         4          0          0          0          0       2517   main.o
       128         32       2048          0       6144        980   startup_gd32a711x_a712x.o
       440          0          0          0          0       3591   system_gd32a71xx_a74xx.o
        24          0          0          0          4       7168   systick.o

    ----------------------------------------------------------------------
       728         32       2064          0       6152      24860   Object Totals
         0          0         16          0          0          0   (incl. Generated)
        76          0          0          0          4          0   (incl. Padding)

    ----------------------------------------------------------------------

      Code (inc. data)   RO Data    RW Data    ZI Data      Debug   Library Member Name

         8          0          0          0          0         68   __main.o
         0          0          0          0          0          0   __rtentry.o
        12          0          0          0          0          0   __rtentry2.o
         6          0          0          0          0          0   __rtentry4.o
        52          8          0          0          0          0   __scatter.o
        28          0          0          0          0          0   __scatter_zi.o
        18          0          0          0          0         80   exit.o
         6          0          0          0          0        152   heapauxi.o
         0          0          0          0          0          0   indicate_semi.o
         2          0          0          0          0          0   libinit.o
         6          0          0          0          0          0   libinit2.o
         2          0          0          0          0          0   libshutdown.o
         2          0          0          0          0          0   libshutdown2.o
         8          4          0          0         96         68   libspace.o
         2          0          0          0          0          0   rtexit.o
        10          0          0          0          0          0   rtexit2.o
        12          4          0          0          0         68   sys_exit.o
        74          0          0          0          0         80   sys_stackheap_outer.o
         2          0          0          0          0         68   use_no_semi.o
        26          0          0          0          0        116   fpinit.o

    ----------------------------------------------------------------------
       284         16          0          0         96        700   Library Totals
         8          0          0          0          0          0   (incl. Padding)

    ----------------------------------------------------------------------

      Code (inc. data)   RO Data    RW Data    ZI Data      Debug   Library Name

       250         16          0          0         96        584   c_w.l
        26          0          0          0          0        116   fz_wv.l

    ----------------------------------------------------------------------
       284         16          0          0         96        700   Library Totals

    ----------------------------------------------------------------------

==============================================================================


      Code (inc. data)   RO Data    RW Data    ZI Data      Debug   

      1012         48       2064          0       6248      25272   Grand Totals
      1012         48       2064          0       6248      25272   ELF Image Totals
      1012         48       2064          0          0          0   ROM Totals

==============================================================================

    Total RO  Size (Code + RO Data)                 3076 (   3.00kB)
    Total RW  Size (RW Data + ZI Data)              6248 (   6.10kB)
    Total ROM Size (Code + RO Data + RW Data)       3076 (   3.00kB)

==============================================================================

