Component: ARM Compiler 6.16 Tool: armlink [5dfeaa00]

==============================================================================

Section Cross References

    main.o(.text.main) refers to main.o(.text.cache_enable) for cache_enable
    main.o(.text.main) refers to systick.o(.text.systick_config) for systick_config
    main.o(.ARM.exidx.text.main) refers to main.o(.text.main) for [Anonymous Symbol]
    main.o(.ARM.exidx.text.cache_enable) refers to main.o(.text.cache_enable) for [Anonymous Symbol]
    main.o(.ARM.exidx.text.led_spark) refers to main.o(.text.led_spark) for [Anonymous Symbol]
    gd32a7xx_it.o(.ARM.exidx.text.NMI_Handler) refers to gd32a7xx_it.o(.text.NMI_Handler) for [Anonymous Symbol]
    gd32a7xx_it.o(.ARM.exidx.text.HardFault_Handler) refers to gd32a7xx_it.o(.text.HardFault_Handler) for [Anonymous Symbol]
    gd32a7xx_it.o(.ARM.exidx.text.MemManage_Handler) refers to gd32a7xx_it.o(.text.MemManage_Handler) for [Anonymous Symbol]
    gd32a7xx_it.o(.ARM.exidx.text.BusFault_Handler) refers to gd32a7xx_it.o(.text.BusFault_Handler) for [Anonymous Symbol]
    gd32a7xx_it.o(.ARM.exidx.text.UsageFault_Handler) refers to gd32a7xx_it.o(.text.UsageFault_Handler) for [Anonymous Symbol]
    gd32a7xx_it.o(.ARM.exidx.text.SVC_Handler) refers to gd32a7xx_it.o(.text.SVC_Handler) for [Anonymous Symbol]
    gd32a7xx_it.o(.ARM.exidx.text.DebugMon_Handler) refers to gd32a7xx_it.o(.text.DebugMon_Handler) for [Anonymous Symbol]
    gd32a7xx_it.o(.ARM.exidx.text.PendSV_Handler) refers to gd32a7xx_it.o(.text.PendSV_Handler) for [Anonymous Symbol]
    gd32a7xx_it.o(.text.SysTick_Handler) refers to main.o(.text.led_spark) for led_spark
    gd32a7xx_it.o(.text.SysTick_Handler) refers to systick.o(.text.delay_decrement) for delay_decrement
    gd32a7xx_it.o(.ARM.exidx.text.SysTick_Handler) refers to gd32a7xx_it.o(.text.SysTick_Handler) for [Anonymous Symbol]
    systick.o(.text.systick_config) refers to system_gd32a71xx_a74xx.o(.data.SystemCoreClock) for SystemCoreClock
    systick.o(.text.systick_config) refers to systick.o(.text.SysTick_Config) for SysTick_Config
    systick.o(.text.systick_config) refers to systick.o(.text.__NVIC_SetPriority) for __NVIC_SetPriority
    systick.o(.ARM.exidx.text.systick_config) refers to systick.o(.text.systick_config) for [Anonymous Symbol]
    systick.o(.text.SysTick_Config) refers to systick.o(.text.__NVIC_SetPriority) for __NVIC_SetPriority
    systick.o(.ARM.exidx.text.SysTick_Config) refers to systick.o(.text.SysTick_Config) for [Anonymous Symbol]
    systick.o(.ARM.exidx.text.__NVIC_SetPriority) refers to systick.o(.text.__NVIC_SetPriority) for [Anonymous Symbol]
    systick.o(.text.delay_1ms) refers to systick.o(.bss.delay) for delay
    systick.o(.ARM.exidx.text.delay_1ms) refers to systick.o(.text.delay_1ms) for [Anonymous Symbol]
    systick.o(.text.delay_decrement) refers to systick.o(.bss.delay) for delay
    systick.o(.ARM.exidx.text.delay_decrement) refers to systick.o(.text.delay_decrement) for [Anonymous Symbol]
    gd32a7xx_err_report.o(.text.fw_debug_report_err) refers to gd32a7xx_err_report.o(.bss.err_report_buff_index) for err_report_buff_index
    gd32a7xx_err_report.o(.text.fw_debug_report_err) refers to gd32a7xx_err_report.o(.bss.err_report_buffer) for err_report_buffer
    gd32a7xx_err_report.o(.text.fw_debug_report_err) refers to gd32a7xx_err_report.o(.text.fw_error_notification) for fw_error_notification
    gd32a7xx_err_report.o(.ARM.exidx.text.fw_debug_report_err) refers to gd32a7xx_err_report.o(.text.fw_debug_report_err) for [Anonymous Symbol]
    gd32a7xx_err_report.o(.ARM.exidx.text.fw_error_notification) refers to gd32a7xx_err_report.o(.text.fw_error_notification) for [Anonymous Symbol]
    system_gd32a71xx_a74xx.o(.text.SystemInit) refers to system_gd32a71xx_a74xx.o(.text._delay) for _delay
    system_gd32a71xx_a74xx.o(.text.SystemInit) refers to system_gd32a71xx_a74xx.o(.text.system_clock_config) for system_clock_config
    system_gd32a71xx_a74xx.o(.text.SystemInit) refers to gd32a7xx_misc.o(.text.nvic_vector_table_set) for nvic_vector_table_set
    system_gd32a71xx_a74xx.o(.ARM.exidx.text.SystemInit) refers to system_gd32a71xx_a74xx.o(.text.SystemInit) for [Anonymous Symbol]
    system_gd32a71xx_a74xx.o(.ARM.exidx.text._delay) refers to system_gd32a71xx_a74xx.o(.text._delay) for [Anonymous Symbol]
    system_gd32a71xx_a74xx.o(.text.system_clock_config) refers to system_gd32a71xx_a74xx.o(.text.system_clock_160M_pll_hxtal) for system_clock_160M_pll_hxtal
    system_gd32a71xx_a74xx.o(.ARM.exidx.text.system_clock_config) refers to system_gd32a71xx_a74xx.o(.text.system_clock_config) for [Anonymous Symbol]
    system_gd32a71xx_a74xx.o(.text.SystemCoreClockUpdate) refers to system_gd32a71xx_a74xx.o(.data.SystemCoreClock) for SystemCoreClock
    system_gd32a71xx_a74xx.o(.ARM.exidx.text.SystemCoreClockUpdate) refers to system_gd32a71xx_a74xx.o(.text.SystemCoreClockUpdate) for [Anonymous Symbol]
[...]
    Removing gd32a7xx_timer.o(.ARM.exidx.text.timer_auto_reload_shadow_enable), (8 bytes).
    Removing gd32a7xx_timer.o(.text.timer_auto_reload_shadow_disable), (18 bytes).
    Removing gd32a7xx_timer.o(.ARM.exidx.text.timer_auto_reload_shadow_disable), (8 bytes).
    Removing gd32a7xx_timer.o(.text.timer_update_event_enable), (18 bytes).
    Removing gd32a7xx_timer.o(.ARM.exidx.text.timer_update_event_enable), (8 bytes).
    Removing gd32a7xx_timer.o(.text.timer_update_event_disable), (18 bytes).
    Removing gd32a7xx_timer.o(.ARM.exidx.text.timer_update_event_disable), (8 bytes).
    Removing gd32a7xx_timer.o(.text.timer_counter_alignment), (34 bytes).
    Removing gd32a7xx_timer.o(.ARM.exidx.text.timer_counter_alignment), (8 bytes).
    Removing gd32a7xx_timer.o(.text.timer_counter_up_direction), (18 bytes).
    Removing gd32a7xx_timer.o(.ARM.exidx.text.timer_counter_up_direction), (8 bytes).
    Removing gd32a7xx_timer.o(.text.timer_counter_down_direction), (18 bytes).
    Removing gd32a7xx_timer.o(.ARM.exidx.text.timer_counter_down_direction), (8 bytes).
    Removing gd32a7xx_timer.o(.text.timer_prescaler_config), (40 bytes).
    Removing gd32a7xx_timer.o(.ARM.exidx.text.timer_prescaler_config), (8 bytes).
    Removing gd32a7xx_timer.o(.text.timer_repetition_value_config), (20 bytes).
    Removing gd32a7xx_timer.o(.ARM.exidx.text.timer_repetition_value_config), (8 bytes).
    Removing gd32a7xx_timer.o(.text.timer_autoreload_value_config), (20 bytes).
    Removing gd32a7xx_timer.o(.ARM.exidx.text.timer_autoreload_value_config), (8 bytes).
    Removing gd32a7xx_timer.o(.text.timer_autoreload_value_read), (20 bytes).
    Removing gd32a7xx_timer.o(.ARM.exidx.text.timer_autoreload_value_read), (8 bytes).
    Removing gd32a7xx_timer.o(.text.timer_counter_value_config), (20 bytes).
    Removing gd32a7xx_timer.o(.ARM.exidx.text.timer_counter_value_config), (8 bytes).
    Removing gd32a7xx_timer.o(.text.timer_counter_read), (20 bytes).
    Removing gd32a7xx_timer.o(.ARM.exidx.text.timer_counter_read), (8 bytes).
    Removing gd32a7xx_timer.o(.text.timer_prescaler_read), (26 bytes).
    Removing gd32a7xx_timer.o(.ARM.exidx.text.timer_prescaler_read), (8 bytes).
    Removing gd32a7xx_timer.o(.text.timer_single_pulse_mode_config), (52 bytes).
    Removing gd32a7xx_timer.o(.ARM.exidx.text.timer_single_pulse_mode_config), (8 bytes).
    Removing gd32a7xx_timer.o(.text.timer_update_source_config), (52 bytes).
    Removing gd32a7xx_timer.o(.ARM.exidx.text.timer_update_source_config), (8 bytes).
    Removing gd32a7xx_timer.o(.text.timer_channel_control_shadow_config), (46 bytes).
    Removing gd32a7xx_timer.o(.ARM.exidx.text.timer_channel_control_shadow_config), (8 bytes).
    Removing gd32a7xx_timer.o(.text.timer_channel_control_shadow_update_config), (68 bytes).
    Removing gd32a7xx_timer.o(.ARM.exidx.text.timer_channel_control_shadow_update_config), (8 bytes).
    Removing gd32a7xx_timer.o(.text.timer_dma_enable), (20 bytes).
    Removing gd32a7xx_timer.o(.ARM.exidx.text.timer_dma_enable), (8 bytes).
    Removing gd32a7xx_timer.o(.text.timer_dma_disable), (20 bytes).
    Removing gd32a7xx_timer.o(.ARM.exidx.text.timer_dma_disable), (8 bytes).
    Removing gd32a7xx_timer.o(.text.timer_channel_dma_request_source_select), (52 bytes).
    Removing gd32a7xx_timer.o(.ARM.exidx.text.timer_channel_dma_request_source_select), (8 bytes).
    Removing gd32a7xx_timer.o(.text.timer_dma_transfer_config), (48 bytes).
    Removing gd32a7xx_timer.o(.ARM.exidx.text.timer_dma_transfer_config), (8 bytes).
    Removing gd32a7xx_timer.o(.text.timer_event_software_generate), (20 bytes).
    Removing gd32a7xx_timer.o(.ARM.exidx.text.timer_event_software_generate), (8 bytes).
    Removing gd32a7xx_timer.o(.text.timer_break_struct_para_init), (42 bytes).
    Removing gd32a7xx_timer.o(.ARM.exidx.text.timer_break_struct_para_init), (8 bytes).
    Removing gd32a7xx_timer.o(.text.timer_break_config), (46 bytes).
    Removing gd32a7xx_timer.o(.ARM.exidx.text.timer_break_config), (8 bytes).
    Removing gd32a7xx_timer.o(.text.timer_break_enable), (18 bytes).
    Removing gd32a7xx_timer.o(.ARM.exidx.text.timer_break_enable), (8 bytes).
    Removing gd32a7xx_timer.o(.text.timer_break_disable), (18 bytes).
    Removing gd32a7xx_timer.o(.ARM.exidx.text.timer_break_disable), (8 bytes).
    Removing gd32a7xx_timer.o(.text.timer_counter_freeze_enable), (18 bytes).
    Removing gd32a7xx_timer.o(.ARM.exidx.text.timer_counter_freeze_enable), (8 bytes).
    Removing gd32a7xx_timer.o(.text.timer_counter_freeze_disable), (18 bytes).
    Removing gd32a7xx_timer.o(.ARM.exidx.text.timer_counter_freeze_disable), (8 bytes).
    Removing gd32a7xx_timer.o(.text.timer_automatic_output_enable), (18 bytes).
    Removing gd32a7xx_timer.o(.ARM.exidx.text.timer_automatic_output_enable), (8 bytes).
    Removing gd32a7xx_timer.o(.text.timer_automatic_output_disable), (18 bytes).
    Removing gd32a7xx_timer.o(.ARM.exidx.text.timer_automatic_output_disable), (8 bytes).
    Removing gd32a7xx_timer.o(.text.timer_primary_output_config), (46 bytes).
    Removing gd32a7xx_timer.o(.ARM.exidx.text.timer_primary_output_config), (8 bytes).
    Removing gd32a7xx_timer.o(.text.timer_channel_output_struct_para_init), (34 bytes).
    Removing gd32a7xx_timer.o(.ARM.exidx.text.timer_channel_output_struct_para_init), (8 bytes).
    Removing gd32a7xx_timer.o(.text.timer_channel_output_config), (1176 bytes).
    Removing gd32a7xx_timer.o(.ARM.exidx.text.timer_channel_output_config), (8 bytes).
    Removing gd32a7xx_timer.o(.text.timer_channel_output_mode_config), (288 bytes).
    Removing gd32a7xx_timer.o(.ARM.exidx.text.timer_channel_output_mode_config), (8 bytes).
    Removing gd32a7xx_timer.o(.text.timer_channel_period_output_control_enable), (148 bytes).
    Removing gd32a7xx_timer.o(.ARM.exidx.text.timer_channel_period_output_control_enable), (8 bytes).
    Removing gd32a7xx_timer.o(.text.timer_channel_period_output_control_disable), (148 bytes).
    Removing gd32a7xx_timer.o(.ARM.exidx.text.timer_channel_period_output_control_disable), (8 bytes).
    Removing gd32a7xx_timer.o(.text.timer_channel_output_pulse_value_config), (118 bytes).
    Removing gd32a7xx_timer.o(.ARM.exidx.text.timer_channel_output_pulse_value_config), (8 bytes).
    Removing gd32a7xx_timer.o(.text.timer_channel_output_shadow_config), (258 bytes).
    Removing gd32a7xx_timer.o(.ARM.exidx.text.timer_channel_output_shadow_config), (8 bytes).
    Removing gd32a7xx_timer.o(.text.timer_channel_output_clear_config), (258 bytes).
    Removing gd32a7xx_timer.o(.ARM.exidx.text.timer_channel_output_clear_config), (8 bytes).
    Removing gd32a7xx_timer.o(.text.timer_channel_output_compare_fast_config), (258 bytes).
    Removing gd32a7xx_timer.o(.ARM.exidx.text.timer_channel_output_compare_fast_config), (8 bytes).
    Removing gd32a7xx_timer.o(.text.timer_channel_output_polarity_config), (262 bytes).
    Removing gd32a7xx_timer.o(.ARM.exidx.text.timer_channel_output_polarity_config), (8 bytes).
    Removing gd32a7xx_timer.o(.text.timer_channel_complementary_output_polarity_config), (142 bytes).
    Removing gd32a7xx_timer.o(.ARM.exidx.text.timer_channel_complementary_output_polarity_config), (8 bytes).
    Removing gd32a7xx_timer.o(.text.timer_channel_output_state_config), (244 bytes).
    Removing gd32a7xx_timer.o(.ARM.exidx.text.timer_channel_output_state_config), (8 bytes).
    Removing gd32a7xx_timer.o(.text.timer_channel_complementary_output_state_config), (142 bytes).
    Removing gd32a7xx_timer.o(.ARM.exidx.text.timer_channel_complementary_output_state_config), (8 bytes).
    Removing gd32a7xx_timer.o(.text.timer_channel_input_struct_para_init), (28 bytes).
    Removing gd32a7xx_timer.o(.ARM.exidx.text.timer_channel_input_struct_para_init), (8 bytes).
    Removing gd32a7xx_timer.o(.text.timer_input_capture_config), (1298 bytes).
    Removing gd32a7xx_timer.o(.ARM.exidx.text.timer_input_capture_config), (8 bytes).
    Removing gd32a7xx_timer.o(.text.timer_channel_input_capture_prescaler_config), (258 bytes).
    Removing gd32a7xx_timer.o(.ARM.exidx.text.timer_channel_input_capture_prescaler_config), (8 bytes).
    Removing gd32a7xx_timer.o(.text.timer_channel_capture_value_register_read), (122 bytes).
    Removing gd32a7xx_timer.o(.ARM.exidx.text.timer_channel_capture_value_register_read), (8 bytes).
    Removing gd32a7xx_timer.o(.text.timer_input_pwm_capture_config), (512 bytes).
    Removing gd32a7xx_timer.o(.ARM.exidx.text.timer_input_pwm_capture_config), (8 bytes).
    Removing gd32a7xx_timer.o(.text.timer_input_capture_multi_edge_config), (400 bytes).
    Removing gd32a7xx_timer.o(.ARM.exidx.text.timer_input_capture_multi_edge_config), (8 bytes).
    Removing gd32a7xx_timer.o(.text.timer_input_capture_multi_edge_state_config), (356 bytes).
    Removing gd32a7xx_timer.o(.ARM.exidx.text.timer_input_capture_multi_edge_state_config), (8 bytes).
    Removing gd32a7xx_timer.o(.text.timer_channel_capture_multi_edge_value_read), (678 bytes).
    Removing gd32a7xx_timer.o(.ARM.exidx.text.timer_channel_capture_multi_edge_value_read), (8 bytes).
    Removing gd32a7xx_timer.o(.text.timer_hall_mode_config), (52 bytes).
    Removing gd32a7xx_timer.o(.ARM.exidx.text.timer_hall_mode_config), (8 bytes).
    Removing gd32a7xx_timer.o(.text.timer_multi_mode_channel_output_parameter_struct_init), (26 bytes).
    Removing gd32a7xx_timer.o(.ARM.exidx.text.timer_multi_mode_channel_output_parameter_struct_init), (8 bytes).
    Removing gd32a7xx_timer.o(.text.timer_multi_mode_channel_output_config), (398 bytes).
    Removing gd32a7xx_timer.o(.ARM.exidx.text.timer_multi_mode_channel_output_config), (8 bytes).
    Removing gd32a7xx_timer.o(.text.timer_multi_mode_channel_mode_config), (128 bytes).
    Removing gd32a7xx_timer.o(.ARM.exidx.text.timer_multi_mode_channel_mode_config), (8 bytes).
    Removing gd32a7xx_timer.o(.text.timer_input_trigger_source_select), (462 bytes).
    Removing gd32a7xx_timer.o(.ARM.exidx.text.timer_input_trigger_source_select), (8 bytes).
    Removing gd32a7xx_timer.o(.text.timer_master_output_trigger_source_select), (44 bytes).
    Removing gd32a7xx_timer.o(.ARM.exidx.text.timer_master_output_trigger_source_select), (8 bytes).
    Removing gd32a7xx_timer.o(.text.timer_slave_mode_select), (498 bytes).
    Removing gd32a7xx_timer.o(.ARM.exidx.text.timer_slave_mode_select), (8 bytes).
    Removing gd32a7xx_timer.o(.text.timer_master_slave_mode_config), (52 bytes).
    Removing gd32a7xx_timer.o(.ARM.exidx.text.timer_master_slave_mode_config), (8 bytes).
    Removing gd32a7xx_timer.o(.text.timer_external_trigger_select), (30 bytes).
    Removing gd32a7xx_timer.o(.ARM.exidx.text.timer_external_trigger_select), (8 bytes).
    Removing gd32a7xx_timer.o(.text.timer_external_trigger_config), (52 bytes).
    Removing gd32a7xx_timer.o(.ARM.exidx.text.timer_external_trigger_config), (8 bytes).
    Removing gd32a7xx_timer.o(.text.timer_quadrature_decoder_mode_config), (96 bytes).
    Removing gd32a7xx_timer.o(.ARM.exidx.text.timer_quadrature_decoder_mode_config), (8 bytes).
    Removing gd32a7xx_timer.o(.text.timer_watchdog_value_config), (18 bytes).
    Removing gd32a7xx_timer.o(.ARM.exidx.text.timer_watchdog_value_config), (8 bytes).
    Removing gd32a7xx_timer.o(.text.timer_watchdog_value_read), (22 bytes).
    Removing gd32a7xx_timer.o(.ARM.exidx.text.timer_watchdog_value_read), (8 bytes).
    Removing gd32a7xx_timer.o(.text.timer_decoder_disconnection_detection_config), (46 bytes).
    Removing gd32a7xx_timer.o(.ARM.exidx.text.timer_decoder_disconnection_detection_config), (8 bytes).
    Removing gd32a7xx_timer.o(.text.timer_decoder_jump_detection_config), (46 bytes).
    Removing gd32a7xx_timer.o(.ARM.exidx.text.timer_decoder_jump_detection_config), (8 bytes).
    Removing gd32a7xx_timer.o(.text.timer_internal_clock_config), (18 bytes).
    Removing gd32a7xx_timer.o(.ARM.exidx.text.timer_internal_clock_config), (8 bytes).
    Removing gd32a7xx_timer.o(.text.timer_internal_trigger_as_external_clock_config), (28 bytes).
    Removing gd32a7xx_timer.o(.ARM.exidx.text.timer_internal_trigger_as_external_clock_config), (8 bytes).
    Removing gd32a7xx_timer.o(.text.timer_external_trigger_as_external_clock_config), (228 bytes).
    Removing gd32a7xx_timer.o(.ARM.exidx.text.timer_external_trigger_as_external_clock_config), (8 bytes).
    Removing gd32a7xx_timer.o(.text.timer_external_clock_mode0_config), (44 bytes).
    Removing gd32a7xx_timer.o(.ARM.exidx.text.timer_external_clock_mode0_config), (8 bytes).
    Removing gd32a7xx_timer.o(.text.timer_external_clock_mode1_config), (38 bytes).
    Removing gd32a7xx_timer.o(.ARM.exidx.text.timer_external_clock_mode1_config), (8 bytes).
    Removing gd32a7xx_timer.o(.text.timer_external_clock_mode1_disable), (18 bytes).
    Removing gd32a7xx_timer.o(.ARM.exidx.text.timer_external_clock_mode1_disable), (8 bytes).
    Removing gd32a7xx_timer.o(.text.timer_channel_remap_config), (16 bytes).
    Removing gd32a7xx_timer.o(.ARM.exidx.text.timer_channel_remap_config), (8 bytes).
    Removing gd32a7xx_timer.o(.text.timer_write_chxval_register_config), (66 bytes).
    Removing gd32a7xx_timer.o(.ARM.exidx.text.timer_write_chxval_register_config), (8 bytes).
    Removing gd32a7xx_timer.o(.text.timer_output_value_selection_config), (54 bytes).
    Removing gd32a7xx_timer.o(.ARM.exidx.text.timer_output_value_selection_config), (8 bytes).
    Removing gd32a7xx_timer.o(.text.timer_commutation_control_shadow_update_config), (54 bytes).
    Removing gd32a7xx_timer.o(.ARM.exidx.text.timer_commutation_control_shadow_update_config), (8 bytes).
    Removing gd32a7xx_timer.o(.text.timer_read_selection_config), (66 bytes).
    Removing gd32a7xx_timer.o(.ARM.exidx.text.timer_read_selection_config), (8 bytes).
    Removing gd32a7xx_timer.o(.text.timer_output_match_pulse_select), (134 bytes).
    Removing gd32a7xx_timer.o(.ARM.exidx.text.timer_output_match_pulse_select), (8 bytes).
    Removing gd32a7xx_timer.o(.text.timer_channel_asymmetric_pwm_mode_config), (266 bytes).
    Removing gd32a7xx_timer.o(.ARM.exidx.text.timer_channel_asymmetric_pwm_mode_config), (8 bytes).
    Removing gd32a7xx_timer.o(.text.timer_channel_composite_pwm_mode_output_pulse_value_config), (170 bytes).
    Removing gd32a7xx_timer.o(.ARM.exidx.text.timer_channel_composite_pwm_mode_output_pulse_value_config), (8 bytes).
    Removing gd32a7xx_timer.o(.text.timer_channel_additional_compare_value_config), (126 bytes).
    Removing gd32a7xx_timer.o(.ARM.exidx.text.timer_channel_additional_compare_value_config), (8 bytes).
    Removing gd32a7xx_timer.o(.text.timer_channel_additional_compare_value_read), (150 bytes).
    Removing gd32a7xx_timer.o(.ARM.exidx.text.timer_channel_additional_compare_value_read), (8 bytes).
    Removing gd32a7xx_timer.o(.text.timer_channel_additional_output_shadow_config), (266 bytes).
    Removing gd32a7xx_timer.o(.ARM.exidx.text.timer_channel_additional_output_shadow_config), (8 bytes).
    Removing gd32a7xx_timer.o(.text.timer_channel_additional_output_update_select), (266 bytes).
    Removing gd32a7xx_timer.o(.ARM.exidx.text.timer_channel_additional_output_update_select), (8 bytes).
    Removing gd32a7xx_timer.o(.text.timer_break_external_input_struct_para_init), (22 bytes).
    Removing gd32a7xx_timer.o(.ARM.exidx.text.timer_break_external_input_struct_para_init), (8 bytes).
    Removing gd32a7xx_timer.o(.text.timer_break_external_input_config), (92 bytes).
    Removing gd32a7xx_timer.o(.ARM.exidx.text.timer_break_external_input_config), (8 bytes).
    Removing gd32a7xx_timer.o(.text.timer_break_external_input_enable), (30 bytes).
    Removing gd32a7xx_timer.o(.ARM.exidx.text.timer_break_external_input_enable), (8 bytes).
    Removing gd32a7xx_timer.o(.text.timer_break_external_input_disable), (30 bytes).
    Removing gd32a7xx_timer.o(.ARM.exidx.text.timer_break_external_input_disable), (8 bytes).
    Removing gd32a7xx_timer.o(.text.timer_break_external_input_polarity_config), (64 bytes).
    Removing gd32a7xx_timer.o(.ARM.exidx.text.timer_break_external_input_polarity_config), (8 bytes).
    Removing gd32a7xx_timer.o(.text.timer_channel_break_control_config), (60 bytes).
    Removing gd32a7xx_timer.o(.ARM.exidx.text.timer_channel_break_control_config), (8 bytes).
    Removing gd32a7xx_timer.o(.text.timer_dead_time_shadow_config), (46 bytes).
    Removing gd32a7xx_timer.o(.ARM.exidx.text.timer_dead_time_shadow_config), (8 bytes).
    Removing gd32a7xx_timer.o(.text.timer_channel_dead_time_config), (60 bytes).
    Removing gd32a7xx_timer.o(.ARM.exidx.text.timer_channel_dead_time_config), (8 bytes).
    Removing gd32a7xx_timer.o(.text.timer_free_complementary_struct_para_init), (26 bytes).
    Removing gd32a7xx_timer.o(.ARM.exidx.text.timer_free_complementary_struct_para_init), (8 bytes).
    Removing gd32a7xx_timer.o(.text.timer_channel_free_complementary_config), (412 bytes).
    Removing gd32a7xx_timer.o(.ARM.exidx.text.timer_channel_free_complementary_config), (8 bytes).
    Removing gd32a7xx_timer.o(.text.timer_initial_counter_config), (48 bytes).
    Removing gd32a7xx_timer.o(.ARM.exidx.text.timer_initial_counter_config), (8 bytes).
    Removing gd32a7xx_timer.o(.text.timer_initial_counter_register_config), (54 bytes).
    Removing gd32a7xx_timer.o(.ARM.exidx.text.timer_initial_counter_register_config), (8 bytes).
    Removing gd32a7xx_timer.o(.text.timer_synchronization_event_generate), (22 bytes).
    Removing gd32a7xx_timer.o(.ARM.exidx.text.timer_synchronization_event_generate), (8 bytes).
    Removing gd32a7xx_timer.o(.text.timer_basic_init), (56 bytes).
    Removing gd32a7xx_timer.o(.ARM.exidx.text.timer_basic_init), (8 bytes).
    Removing gd32a7xx_timer.o(.text.timer_basic_enable), (26 bytes).
    Removing gd32a7xx_timer.o(.ARM.exidx.text.timer_basic_enable), (8 bytes).
    Removing gd32a7xx_timer.o(.text.timer_basic_disable), (26 bytes).
    Removing gd32a7xx_timer.o(.ARM.exidx.text.timer_basic_disable), (8 bytes).
    Removing gd32a7xx_timer.o(.text.timer_basic_auto_reload_shadow_enable), (28 bytes).
    Removing gd32a7xx_timer.o(.ARM.exidx.text.timer_basic_auto_reload_shadow_enable), (8 bytes).
    Removing gd32a7xx_timer.o(.text.timer_basic_auto_reload_shadow_disable), (28 bytes).
    Removing gd32a7xx_timer.o(.ARM.exidx.text.timer_basic_auto_reload_shadow_disable), (8 bytes).
    Removing gd32a7xx_timer.o(.text.timer_basic_update_event_enable), (26 bytes).
    Removing gd32a7xx_timer.o(.ARM.exidx.text.timer_basic_update_event_enable), (8 bytes).
    Removing gd32a7xx_timer.o(.text.timer_basic_update_event_disable), (26 bytes).
    Removing gd32a7xx_timer.o(.ARM.exidx.text.timer_basic_update_event_disable), (8 bytes).
    Removing gd32a7xx_timer.o(.text.timer_basic_prescaler_config), (54 bytes).
    Removing gd32a7xx_timer.o(.ARM.exidx.text.timer_basic_prescaler_config), (8 bytes).
    Removing gd32a7xx_timer.o(.text.timer_basic_autoreload_value_config), (24 bytes).
    Removing gd32a7xx_timer.o(.ARM.exidx.text.timer_basic_autoreload_value_config), (8 bytes).
    Removing gd32a7xx_timer.o(.text.timer_basic_autoreload_value_read), (28 bytes).
    Removing gd32a7xx_timer.o(.ARM.exidx.text.timer_basic_autoreload_value_read), (8 bytes).
    Removing gd32a7xx_timer.o(.text.timer_basic_counter_value_config), (24 bytes).
    Removing gd32a7xx_timer.o(.ARM.exidx.text.timer_basic_counter_value_config), (8 bytes).
    Removing gd32a7xx_timer.o(.text.timer_basic_counter_read), (28 bytes).
    Removing gd32a7xx_timer.o(.ARM.exidx.text.timer_basic_counter_read), (8 bytes).
    Removing gd32a7xx_timer.o(.text.timer_basic_prescaler_read), (28 bytes).
    Removing gd32a7xx_timer.o(.ARM.exidx.text.timer_basic_prescaler_read), (8 bytes).
    Removing gd32a7xx_timer.o(.text.timer_basic_single_pulse_mode_config), (70 bytes).
    Removing gd32a7xx_timer.o(.ARM.exidx.text.timer_basic_single_pulse_mode_config), (8 bytes).
    Removing gd32a7xx_timer.o(.text.timer_basic_update_source_config), (70 bytes).
    Removing gd32a7xx_timer.o(.ARM.exidx.text.timer_basic_update_source_config), (8 bytes).
    Removing gd32a7xx_timer.o(.text.timer_basic_dma_enable), (20 bytes).
    Removing gd32a7xx_timer.o(.ARM.exidx.text.timer_basic_dma_enable), (8 bytes).
    Removing gd32a7xx_timer.o(.text.timer_basic_dma_disable), (20 bytes).
    Removing gd32a7xx_timer.o(.ARM.exidx.text.timer_basic_dma_disable), (8 bytes).
    Removing gd32a7xx_timer.o(.text.timer_basic_event_software_generate), (20 bytes).
    Removing gd32a7xx_timer.o(.ARM.exidx.text.timer_basic_event_software_generate), (8 bytes).
    Removing gd32a7xx_timer.o(.text.timer_basic_cascade_mode_enable), (64 bytes).
    Removing gd32a7xx_timer.o(.ARM.exidx.text.timer_basic_cascade_mode_enable), (8 bytes).
    Removing gd32a7xx_timer.o(.text.timer_basic_cascade_mode_disable), (64 bytes).
    Removing gd32a7xx_timer.o(.ARM.exidx.text.timer_basic_cascade_mode_disable), (8 bytes).
    Removing gd32a7xx_timer.o(.text.timer_basic_cascade_counter_read), (46 bytes).
    Removing gd32a7xx_timer.o(.ARM.exidx.text.timer_basic_cascade_counter_read), (8 bytes).
    Removing gd32a7xx_timer.o(.text.timer_basic_master_output_trigger_source_select), (62 bytes).
    Removing gd32a7xx_timer.o(.ARM.exidx.text.timer_basic_master_output_trigger_source_select), (8 bytes).
    Removing gd32a7xx_timer.o(.text.timer_flag_get), (48 bytes).
    Removing gd32a7xx_timer.o(.ARM.exidx.text.timer_flag_get), (8 bytes).
    Removing gd32a7xx_timer.o(.text.timer_flag_clear), (18 bytes).
    Removing gd32a7xx_timer.o(.ARM.exidx.text.timer_flag_clear), (8 bytes).
    Removing gd32a7xx_timer.o(.text.timer_interrupt_enable), (36 bytes).
    Removing gd32a7xx_timer.o(.ARM.exidx.text.timer_interrupt_enable), (8 bytes).
    Removing gd32a7xx_timer.o(.text.timer_interrupt_disable), (36 bytes).
    Removing gd32a7xx_timer.o(.ARM.exidx.text.timer_interrupt_disable), (8 bytes).
    Removing gd32a7xx_timer.o(.text.timer_interrupt_flag_get), (48 bytes).
    Removing gd32a7xx_timer.o(.ARM.exidx.text.timer_interrupt_flag_get), (8 bytes).
    Removing gd32a7xx_timer.o(.text.timer_interrupt_flag_clear), (18 bytes).
    Removing gd32a7xx_timer.o(.ARM.exidx.text.timer_interrupt_flag_clear), (8 bytes).
    Removing gd32a7xx_trigsel.o(.text), (0 bytes).
    Removing gd32a7xx_trigsel.o(.text.trigsel_init), (92 bytes).
    Removing gd32a7xx_trigsel.o(.ARM.exidx.text.trigsel_init), (8 bytes).
    Removing gd32a7xx_trigsel.o(.text.trigsel_register_lock_get), (54 bytes).
    Removing gd32a7xx_trigsel.o(.ARM.exidx.text.trigsel_register_lock_get), (8 bytes).
    Removing gd32a7xx_trigsel.o(.text.trigsel_trigger_source_get), (58 bytes).
    Removing gd32a7xx_trigsel.o(.ARM.exidx.text.trigsel_trigger_source_get), (8 bytes).
    Removing gd32a7xx_trigsel.o(.text.trigsel_register_lock_set), (34 bytes).
    Removing gd32a7xx_trigsel.o(.ARM.exidx.text.trigsel_register_lock_set), (8 bytes).
    Removing gd32a7xx_wwdgt.o(.text), (0 bytes).
    Removing gd32a7xx_wwdgt.o(.text.wwdgt_deinit), (128 bytes).
    Removing gd32a7xx_wwdgt.o(.ARM.exidx.text.wwdgt_deinit), (8 bytes).
    Removing gd32a7xx_wwdgt.o(.text.wwdgt_enable), (104 bytes).
    Removing gd32a7xx_wwdgt.o(.ARM.exidx.text.wwdgt_enable), (8 bytes).
    Removing gd32a7xx_wwdgt.o(.text.wwdgt_counter_update), (110 bytes).
    Removing gd32a7xx_wwdgt.o(.ARM.exidx.text.wwdgt_counter_update), (8 bytes).
    Removing gd32a7xx_wwdgt.o(.text.wwdgt_config), (132 bytes).
    Removing gd32a7xx_wwdgt.o(.ARM.exidx.text.wwdgt_config), (8 bytes).
    Removing gd32a7xx_wwdgt.o(.text.wwdgt_flag_get), (72 bytes).
    Removing gd32a7xx_wwdgt.o(.ARM.exidx.text.wwdgt_flag_get), (8 bytes).
    Removing gd32a7xx_wwdgt.o(.text.wwdgt_flag_clear), (18 bytes).
    Removing gd32a7xx_wwdgt.o(.ARM.exidx.text.wwdgt_flag_clear), (8 bytes).
    Removing gd32a7xx_wwdgt.o(.text.wwdgt_interrupt_enable), (18 bytes).
    Removing gd32a7xx_wwdgt.o(.ARM.exidx.text.wwdgt_interrupt_enable), (8 bytes).
    Removing gd32a7xx_wwdgt.o(.text.wwdgt_error_flag_get), (74 bytes).
    Removing gd32a7xx_wwdgt.o(.ARM.exidx.text.wwdgt_error_flag_get), (8 bytes).
    Removing gd32a7xx_wwdgt.o(.text.wwdgt_error_flag_clear), (42 bytes).
    Removing gd32a7xx_wwdgt.o(.ARM.exidx.text.wwdgt_error_flag_clear), (8 bytes).
    Removing gd32a7xx_wwdgt.o(.text.wwdgt_flag_mask), (42 bytes).
    Removing gd32a7xx_wwdgt.o(.ARM.exidx.text.wwdgt_flag_mask), (8 bytes).
    Removing gd32a7xx_wwdgt.o(.text.wwdgt_flag_unmask), (42 bytes).
    Removing gd32a7xx_wwdgt.o(.ARM.exidx.text.wwdgt_flag_unmask), (8 bytes).
    Removing gd32a7xx_linflexd_lin.o(.text), (0 bytes).
    Removing gd32a7xx_linflexd_lin.o(.text.linflexd_deinit), (558 bytes).
    Removing gd32a7xx_linflexd_lin.o(.ARM.exidx.text.linflexd_deinit), (8 bytes).
    Removing gd32a7xx_linflexd_lin.o(.text.linflexd_lin_enter_init_mode), (28 bytes).
    Removing gd32a7xx_linflexd_lin.o(.ARM.exidx.text.linflexd_lin_enter_init_mode), (8 bytes).
    Removing gd32a7xx_linflexd_lin.o(.text.linflexd_lin_get_state), (22 bytes).
    Removing gd32a7xx_linflexd_lin.o(.ARM.exidx.text.linflexd_lin_get_state), (8 bytes).
    Removing gd32a7xx_linflexd_lin.o(.text.linflexd_lin_struct_para_init), (104 bytes).
    Removing gd32a7xx_linflexd_lin.o(.ARM.exidx.text.linflexd_lin_struct_para_init), (8 bytes).
    Removing gd32a7xx_linflexd_lin.o(.text.linflexd_lin_init), (446 bytes).
    Removing gd32a7xx_linflexd_lin.o(.ARM.exidx.text.linflexd_lin_init), (8 bytes).
    Removing gd32a7xx_linflexd_lin.o(.text.linflexd_lin_master_mode_enable), (18 bytes).
    Removing gd32a7xx_linflexd_lin.o(.ARM.exidx.text.linflexd_lin_master_mode_enable), (8 bytes).
    Removing gd32a7xx_linflexd_lin.o(.text.linflexd_lin_master_mode_disable), (18 bytes).
    Removing gd32a7xx_linflexd_lin.o(.ARM.exidx.text.linflexd_lin_master_mode_disable), (8 bytes).
    Removing gd32a7xx_linflexd_lin.o(.text.linflexd_lin_config_id_filter), (192 bytes).
    Removing gd32a7xx_linflexd_lin.o(.ARM.exidx.text.linflexd_lin_config_id_filter), (8 bytes).
    Removing gd32a7xx_linflexd_lin.o(.text.linflexd_lin_timeout_disable), (26 bytes).
    Removing gd32a7xx_linflexd_lin.o(.ARM.exidx.text.linflexd_lin_timeout_disable), (8 bytes).
    Removing gd32a7xx_linflexd_lin.o(.text.linflexd_lin_set_timeout_value), (36 bytes).
    Removing gd32a7xx_linflexd_lin.o(.ARM.exidx.text.linflexd_lin_set_timeout_value), (8 bytes).
    Removing gd32a7xx_linflexd_lin.o(.text.linflexd_lin_auto_sync_enable), (18 bytes).
    Removing gd32a7xx_linflexd_lin.o(.ARM.exidx.text.linflexd_lin_auto_sync_enable), (8 bytes).
    Removing gd32a7xx_linflexd_lin.o(.text.linflexd_lin_baudrate_set), (282 bytes).
    Removing gd32a7xx_linflexd_lin.o(.ARM.exidx.text.linflexd_lin_baudrate_set), (8 bytes).
    Removing gd32a7xx_linflexd_lin.o(.text.linflexd_lin_idle_bit_error_disable), (18 bytes).
    Removing gd32a7xx_linflexd_lin.o(.ARM.exidx.text.linflexd_lin_idle_bit_error_disable), (8 bytes).
    Removing gd32a7xx_linflexd_lin.o(.text.linflexd_lin_enter_normal_mode), (28 bytes).
    Removing gd32a7xx_linflexd_lin.o(.ARM.exidx.text.linflexd_lin_enter_normal_mode), (8 bytes).
    Removing gd32a7xx_linflexd_lin.o(.text.linflexd_lin_set_integer_baudrate), (42 bytes).
    Removing gd32a7xx_linflexd_lin.o(.ARM.exidx.text.linflexd_lin_set_integer_baudrate), (8 bytes).
    Removing gd32a7xx_linflexd_lin.o(.text.linflexd_lin_set_fractional_baudrate), (46 bytes).
    Removing gd32a7xx_linflexd_lin.o(.ARM.exidx.text.linflexd_lin_set_fractional_baudrate), (8 bytes).
    Removing gd32a7xx_linflexd_lin.o(.text.linflexd_lin_data_transmit), (192 bytes).
    Removing gd32a7xx_linflexd_lin.o(.ARM.exidx.text.linflexd_lin_data_transmit), (8 bytes).
    Removing gd32a7xx_linflexd_lin.o(.text.linflexd_lin_data_receive), (182 bytes).
    Removing gd32a7xx_linflexd_lin.o(.ARM.exidx.text.linflexd_lin_data_receive), (8 bytes).
    Removing gd32a7xx_linflexd_lin.o(.text.linflexd_lin_get_checksum), (14 bytes).
    Removing gd32a7xx_linflexd_lin.o(.ARM.exidx.text.linflexd_lin_get_checksum), (8 bytes).
    Removing gd32a7xx_linflexd_lin.o(.text.linflexd_lin_set_sleep_mode), (44 bytes).
    Removing gd32a7xx_linflexd_lin.o(.ARM.exidx.text.linflexd_lin_set_sleep_mode), (8 bytes).
    Removing gd32a7xx_linflexd_lin.o(.text.linflexd_lin_get_sleep_mode), (46 bytes).
    Removing gd32a7xx_linflexd_lin.o(.ARM.exidx.text.linflexd_lin_get_sleep_mode), (8 bytes).
    Removing gd32a7xx_linflexd_lin.o(.text.linflexd_lin_auto_sync_disable), (18 bytes).
    Removing gd32a7xx_linflexd_lin.o(.ARM.exidx.text.linflexd_lin_auto_sync_disable), (8 bytes).
    Removing gd32a7xx_linflexd_lin.o(.text.linflexd_lin_loopback_enable), (28 bytes).
    Removing gd32a7xx_linflexd_lin.o(.ARM.exidx.text.linflexd_lin_loopback_enable), (8 bytes).
    Removing gd32a7xx_linflexd_lin.o(.text.linflexd_lin_loopback_disable), (28 bytes).
    Removing gd32a7xx_linflexd_lin.o(.ARM.exidx.text.linflexd_lin_loopback_disable), (8 bytes).
    Removing gd32a7xx_linflexd_lin.o(.text.linflexd_lin_set_direction), (46 bytes).
    Removing gd32a7xx_linflexd_lin.o(.ARM.exidx.text.linflexd_lin_set_direction), (8 bytes).
    Removing gd32a7xx_linflexd_lin.o(.text.linflexd_lin_set_data_length), (46 bytes).
    Removing gd32a7xx_linflexd_lin.o(.ARM.exidx.text.linflexd_lin_set_data_length), (8 bytes).
    Removing gd32a7xx_linflexd_lin.o(.text.linflexd_lin_set_bidr), (110 bytes).
    Removing gd32a7xx_linflexd_lin.o(.ARM.exidx.text.linflexd_lin_set_bidr), (8 bytes).
    Removing gd32a7xx_linflexd_lin.o(.text.linflexd_lin_header_request_enable), (18 bytes).
    Removing gd32a7xx_linflexd_lin.o(.ARM.exidx.text.linflexd_lin_header_request_enable), (8 bytes).
    Removing gd32a7xx_linflexd_lin.o(.text.linflexd_lin_data_request_enable), (18 bytes).
    Removing gd32a7xx_linflexd_lin.o(.ARM.exidx.text.linflexd_lin_data_request_enable), (8 bytes).
    Removing gd32a7xx_linflexd_lin.o(.text.linflexd_lin_wakeup_request_enable), (18 bytes).
    Removing gd32a7xx_linflexd_lin.o(.ARM.exidx.text.linflexd_lin_wakeup_request_enable), (8 bytes).
    Removing gd32a7xx_linflexd_lin.o(.text.linflexd_lin_autowake_hw_clear), (28 bytes).
    Removing gd32a7xx_linflexd_lin.o(.ARM.exidx.text.linflexd_lin_autowake_hw_clear), (8 bytes).
    Removing gd32a7xx_linflexd_lin.o(.text.linflexd_lin_autowake_sw_clear), (28 bytes).
    Removing gd32a7xx_linflexd_lin.o(.ARM.exidx.text.linflexd_lin_autowake_sw_clear), (8 bytes).
    Removing gd32a7xx_linflexd_lin.o(.text.linflexd_lin_data_discard_enable), (18 bytes).
    Removing gd32a7xx_linflexd_lin.o(.ARM.exidx.text.linflexd_lin_data_discard_enable), (8 bytes).
    Removing gd32a7xx_linflexd_lin.o(.text.linflexd_lin_idle_bit_error_enable), (18 bytes).
    Removing gd32a7xx_linflexd_lin.o(.ARM.exidx.text.linflexd_lin_idle_bit_error_enable), (8 bytes).
    Removing gd32a7xx_linflexd_lin.o(.text.linflexd_lin_idle_parity_error_enable), (18 bytes).
    Removing gd32a7xx_linflexd_lin.o(.ARM.exidx.text.linflexd_lin_idle_parity_error_enable), (8 bytes).
    Removing gd32a7xx_linflexd_lin.o(.text.linflexd_lin_idle_parity_error_disable), (18 bytes).
    Removing gd32a7xx_linflexd_lin.o(.ARM.exidx.text.linflexd_lin_idle_parity_error_disable), (8 bytes).
    Removing gd32a7xx_linflexd_lin.o(.text.linflexd_lin_transfer_abort_enable), (18 bytes).
    Removing gd32a7xx_linflexd_lin.o(.ARM.exidx.text.linflexd_lin_transfer_abort_enable), (8 bytes).
    Removing gd32a7xx_linflexd_lin.o(.text.linflexd_lin_get_transfer_abort), (46 bytes).
    Removing gd32a7xx_linflexd_lin.o(.ARM.exidx.text.linflexd_lin_get_transfer_abort), (8 bytes).
    Removing gd32a7xx_linflexd_lin.o(.text.linflexd_lin_set_bidr_id), (28 bytes).
    Removing gd32a7xx_linflexd_lin.o(.ARM.exidx.text.linflexd_lin_set_bidr_id), (8 bytes).
    Removing gd32a7xx_linflexd_lin.o(.text.linflexd_lin_get_bidr_id), (30 bytes).
    Removing gd32a7xx_linflexd_lin.o(.ARM.exidx.text.linflexd_lin_get_bidr_id), (8 bytes).
    Removing gd32a7xx_linflexd_lin.o(.text.linflexd_lin_timeout_enable), (26 bytes).
    Removing gd32a7xx_linflexd_lin.o(.ARM.exidx.text.linflexd_lin_timeout_enable), (8 bytes).
    Removing gd32a7xx_linflexd_lin.o(.text.linflexd_lin_set_oc_value), (32 bytes).
    Removing gd32a7xx_linflexd_lin.o(.ARM.exidx.text.linflexd_lin_set_oc_value), (8 bytes).
    Removing gd32a7xx_linflexd_lin.o(.text.linflexd_lin_get_filter_match_index), (16 bytes).
    Removing gd32a7xx_linflexd_lin.o(.ARM.exidx.text.linflexd_lin_get_filter_match_index), (8 bytes).
    Removing gd32a7xx_linflexd_lin.o(.text.linflexd_lin_tx_order_msb_enable), (22 bytes).
    Removing gd32a7xx_linflexd_lin.o(.ARM.exidx.text.linflexd_lin_tx_order_msb_enable), (8 bytes).
    Removing gd32a7xx_linflexd_lin.o(.text.linflexd_lin_tx_order_msb_disable), (22 bytes).
    Removing gd32a7xx_linflexd_lin.o(.ARM.exidx.text.linflexd_lin_tx_order_msb_disable), (8 bytes).
    Removing gd32a7xx_linflexd_lin.o(.text.linflexd_lin_rx_order_msb_enable), (22 bytes).
    Removing gd32a7xx_linflexd_lin.o(.ARM.exidx.text.linflexd_lin_rx_order_msb_enable), (8 bytes).
    Removing gd32a7xx_linflexd_lin.o(.text.linflexd_lin_rx_order_msb_disable), (22 bytes).
    Removing gd32a7xx_linflexd_lin.o(.ARM.exidx.text.linflexd_lin_rx_order_msb_disable), (8 bytes).
    Removing gd32a7xx_linflexd_lin.o(.text.linflexd_lin_stop_bit_config), (52 bytes).
    Removing gd32a7xx_linflexd_lin.o(.ARM.exidx.text.linflexd_lin_stop_bit_config), (8 bytes).
    Removing gd32a7xx_linflexd_lin.o(.text.linflexd_lin_soft_reset_enable), (22 bytes).
    Removing gd32a7xx_linflexd_lin.o(.ARM.exidx.text.linflexd_lin_soft_reset_enable), (8 bytes).
    Removing gd32a7xx_linflexd_lin.o(.text.linflexd_lin_soft_reset_disable), (22 bytes).
    Removing gd32a7xx_linflexd_lin.o(.ARM.exidx.text.linflexd_lin_soft_reset_disable), (8 bytes).
    Removing gd32a7xx_linflexd_lin.o(.text.linflexd_lin_inversion_enable), (22 bytes).
    Removing gd32a7xx_linflexd_lin.o(.ARM.exidx.text.linflexd_lin_inversion_enable), (8 bytes).
    Removing gd32a7xx_linflexd_lin.o(.text.linflexd_lin_inversion_disable), (22 bytes).
    Removing gd32a7xx_linflexd_lin.o(.ARM.exidx.text.linflexd_lin_inversion_disable), (8 bytes).
    Removing gd32a7xx_linflexd_lin.o(.text.linflexd_lin_two_bit_delimiter_enable), (28 bytes).
    Removing gd32a7xx_linflexd_lin.o(.ARM.exidx.text.linflexd_lin_two_bit_delimiter_enable), (8 bytes).
    Removing gd32a7xx_linflexd_lin.o(.text.linflexd_lin_two_bit_delimiter_disable), (18 bytes).
    Removing gd32a7xx_linflexd_lin.o(.ARM.exidx.text.linflexd_lin_two_bit_delimiter_disable), (8 bytes).
    Removing gd32a7xx_linflexd_lin.o(.text.linflexd_lin_stop_request_set), (22 bytes).
    Removing gd32a7xx_linflexd_lin.o(.ARM.exidx.text.linflexd_lin_stop_request_set), (8 bytes).
    Removing gd32a7xx_linflexd_lin.o(.text.linflexd_lin_stop_ack_get), (48 bytes).
    Removing gd32a7xx_linflexd_lin.o(.ARM.exidx.text.linflexd_lin_stop_ack_get), (8 bytes).
    Removing gd32a7xx_linflexd_lin.o(.text.linflexd_lin_dma_tx_enable), (28 bytes).
    Removing gd32a7xx_linflexd_lin.o(.ARM.exidx.text.linflexd_lin_dma_tx_enable), (8 bytes).
    Removing gd32a7xx_linflexd_lin.o(.text.linflexd_lin_dma_tx_disable), (28 bytes).
    Removing gd32a7xx_linflexd_lin.o(.ARM.exidx.text.linflexd_lin_dma_tx_disable), (8 bytes).
    Removing gd32a7xx_linflexd_lin.o(.text.linflexd_lin_dma_rx_enable), (28 bytes).
    Removing gd32a7xx_linflexd_lin.o(.ARM.exidx.text.linflexd_lin_dma_rx_enable), (8 bytes).
    Removing gd32a7xx_linflexd_lin.o(.text.linflexd_lin_dma_rx_disable), (28 bytes).
    Removing gd32a7xx_linflexd_lin.o(.ARM.exidx.text.linflexd_lin_dma_rx_disable), (8 bytes).
    Removing gd32a7xx_linflexd_lin.o(.text.linflexd_lin_flag_get), (64 bytes).
    Removing gd32a7xx_linflexd_lin.o(.ARM.exidx.text.linflexd_lin_flag_get), (8 bytes).
    Removing gd32a7xx_linflexd_lin.o(.text.linflexd_lin_flag_clear), (30 bytes).
    Removing gd32a7xx_linflexd_lin.o(.ARM.exidx.text.linflexd_lin_flag_clear), (8 bytes).
    Removing gd32a7xx_linflexd_lin.o(.text.linflexd_lin_interrupt_enable), (24 bytes).
    Removing gd32a7xx_linflexd_lin.o(.ARM.exidx.text.linflexd_lin_interrupt_enable), (8 bytes).
    Removing gd32a7xx_linflexd_lin.o(.text.linflexd_lin_interrupt_disable), (24 bytes).
    Removing gd32a7xx_linflexd_lin.o(.ARM.exidx.text.linflexd_lin_interrupt_disable), (8 bytes).
    Removing gd32a7xx_linflexd_lin.o(.text.linflexd_lin_interrupt_flag_get), (88 bytes).
    Removing gd32a7xx_linflexd_lin.o(.ARM.exidx.text.linflexd_lin_interrupt_flag_get), (8 bytes).
    Removing gd32a7xx_linflexd_lin.o(.text.linflexd_lin_interrupt_flag_clear), (28 bytes).
    Removing gd32a7xx_linflexd_lin.o(.ARM.exidx.text.linflexd_lin_interrupt_flag_clear), (8 bytes).
    Removing gd32a7xx_linflexd_uart.o(.text), (0 bytes).
    Removing gd32a7xx_linflexd_uart.o(.text.linflexd_uart_deinit), (500 bytes).
    Removing gd32a7xx_linflexd_uart.o(.ARM.exidx.text.linflexd_uart_deinit), (8 bytes).
    Removing gd32a7xx_linflexd_uart.o(.text.linflexd_uart_initmode_enter), (36 bytes).
    Removing gd32a7xx_linflexd_uart.o(.ARM.exidx.text.linflexd_uart_initmode_enter), (8 bytes).
    Removing gd32a7xx_linflexd_uart.o(.text.linflexd_uart_state_get), (38 bytes).
    Removing gd32a7xx_linflexd_uart.o(.ARM.exidx.text.linflexd_uart_state_get), (8 bytes).
    Removing gd32a7xx_linflexd_uart.o(.text.linflexd_uart_struct_para_init), (40 bytes).
    Removing gd32a7xx_linflexd_uart.o(.ARM.exidx.text.linflexd_uart_struct_para_init), (8 bytes).
    Removing gd32a7xx_linflexd_uart.o(.text.linflexd_uart_init), (244 bytes).
    Removing gd32a7xx_linflexd_uart.o(.ARM.exidx.text.linflexd_uart_init), (8 bytes).
    Removing gd32a7xx_linflexd_uart.o(.text.linflexd_uart_mode_set), (42 bytes).
    Removing gd32a7xx_linflexd_uart.o(.ARM.exidx.text.linflexd_uart_mode_set), (8 bytes).
    Removing gd32a7xx_linflexd_uart.o(.text.linflexd_uart_baudrate_set), (316 bytes).
    Removing gd32a7xx_linflexd_uart.o(.ARM.exidx.text.linflexd_uart_baudrate_set), (8 bytes).
    Removing gd32a7xx_linflexd_uart.o(.text.linflexd_uart_wordlength_set), (72 bytes).
    Removing gd32a7xx_linflexd_uart.o(.ARM.exidx.text.linflexd_uart_wordlength_set), (8 bytes).
    Removing gd32a7xx_linflexd_uart.o(.text.linflexd_uart_txdatafieldlength_set), (44 bytes).
    Removing gd32a7xx_linflexd_uart.o(.ARM.exidx.text.linflexd_uart_txdatafieldlength_set), (8 bytes).
    Removing gd32a7xx_linflexd_uart.o(.text.linflexd_uart_rxdatafieldlength_set), (44 bytes).
    Removing gd32a7xx_linflexd_uart.o(.ARM.exidx.text.linflexd_uart_rxdatafieldlength_set), (8 bytes).
    Removing gd32a7xx_linflexd_uart.o(.text.linflexd_uart_paritycontrol_disable), (28 bytes).
    Removing gd32a7xx_linflexd_uart.o(.ARM.exidx.text.linflexd_uart_paritycontrol_disable), (8 bytes).
    Removing gd32a7xx_linflexd_uart.o(.text.linflexd_uart_paritycontrol_enable), (28 bytes).
    Removing gd32a7xx_linflexd_uart.o(.ARM.exidx.text.linflexd_uart_paritycontrol_enable), (8 bytes).
    Removing gd32a7xx_linflexd_uart.o(.text.linflexd_uart_paritytype_set), (80 bytes).
    Removing gd32a7xx_linflexd_uart.o(.ARM.exidx.text.linflexd_uart_paritytype_set), (8 bytes).
    Removing gd32a7xx_linflexd_uart.o(.text.linflexd_uart_rxstopbitscount_set), (44 bytes).
    Removing gd32a7xx_linflexd_uart.o(.ARM.exidx.text.linflexd_uart_rxstopbitscount_set), (8 bytes).
    Removing gd32a7xx_linflexd_uart.o(.text.linflexd_uart_txstopbitscount_set), (48 bytes).
    Removing gd32a7xx_linflexd_uart.o(.ARM.exidx.text.linflexd_uart_txstopbitscount_set), (8 bytes).
    Removing gd32a7xx_linflexd_uart.o(.text.linflexd_uart_txmode_set), (44 bytes).
    Removing gd32a7xx_linflexd_uart.o(.ARM.exidx.text.linflexd_uart_txmode_set), (8 bytes).
    Removing gd32a7xx_linflexd_uart.o(.text.linflexd_uart_rxmode_set), (44 bytes).
    Removing gd32a7xx_linflexd_uart.o(.ARM.exidx.text.linflexd_uart_rxmode_set), (8 bytes).
    Removing gd32a7xx_linflexd_uart.o(.text.linflexd_uart_normalmode_enter), (36 bytes).
    Removing gd32a7xx_linflexd_uart.o(.ARM.exidx.text.linflexd_uart_normalmode_enter), (8 bytes).
    Removing gd32a7xx_linflexd_uart.o(.text.linflexd_uart_sleepmode_enable), (28 bytes).
    Removing gd32a7xx_linflexd_uart.o(.ARM.exidx.text.linflexd_uart_sleepmode_enable), (8 bytes).
    Removing gd32a7xx_linflexd_uart.o(.text.linflexd_uart_sleepmode_disable), (28 bytes).
    Removing gd32a7xx_linflexd_uart.o(.ARM.exidx.text.linflexd_uart_sleepmode_disable), (8 bytes).
    Removing gd32a7xx_linflexd_uart.o(.text.linflexd_uart_sleepmode_get), (34 bytes).
    Removing gd32a7xx_linflexd_uart.o(.ARM.exidx.text.linflexd_uart_sleepmode_get), (8 bytes).
    Removing gd32a7xx_linflexd_uart.o(.text.linflexd_uart_receiverbufferlocked_enable), (28 bytes).
    Removing gd32a7xx_linflexd_uart.o(.ARM.exidx.text.linflexd_uart_receiverbufferlocked_enable), (8 bytes).
    Removing gd32a7xx_linflexd_uart.o(.text.linflexd_uart_receiverbufferlocked_disable), (28 bytes).
    Removing gd32a7xx_linflexd_uart.o(.ARM.exidx.text.linflexd_uart_receiverbufferlocked_disable), (8 bytes).
    Removing gd32a7xx_linflexd_uart.o(.text.linflexd_uart_loopback_enable), (28 bytes).
    Removing gd32a7xx_linflexd_uart.o(.ARM.exidx.text.linflexd_uart_loopback_enable), (8 bytes).
    Removing gd32a7xx_linflexd_uart.o(.text.linflexd_uart_loopback_disable), (28 bytes).
    Removing gd32a7xx_linflexd_uart.o(.ARM.exidx.text.linflexd_uart_loopback_disable), (8 bytes).
    Removing gd32a7xx_linflexd_uart.o(.text.linflexd_uart_autowake_hw_clear), (28 bytes).
    Removing gd32a7xx_linflexd_uart.o(.ARM.exidx.text.linflexd_uart_autowake_hw_clear), (8 bytes).
    Removing gd32a7xx_linflexd_uart.o(.text.linflexd_uart_autowake_sw_clear), (28 bytes).
    Removing gd32a7xx_linflexd_uart.o(.ARM.exidx.text.linflexd_uart_autowake_sw_clear), (8 bytes).
    Removing gd32a7xx_linflexd_uart.o(.text.linflexd_uart_integer_baudrate_set), (38 bytes).
    Removing gd32a7xx_linflexd_uart.o(.ARM.exidx.text.linflexd_uart_integer_baudrate_set), (8 bytes).
    Removing gd32a7xx_linflexd_uart.o(.text.linflexd_uart_fractional_baudrate_set), (42 bytes).
    Removing gd32a7xx_linflexd_uart.o(.ARM.exidx.text.linflexd_uart_fractional_baudrate_set), (8 bytes).
    Removing gd32a7xx_linflexd_uart.o(.text.linflexd_uart_wordlength_get), (156 bytes).
    Removing gd32a7xx_linflexd_uart.o(.ARM.exidx.text.linflexd_uart_wordlength_get), (8 bytes).
    Removing gd32a7xx_linflexd_uart.o(.text.linflexd_uart_transmitter_config), (38 bytes).
    Removing gd32a7xx_linflexd_uart.o(.ARM.exidx.text.linflexd_uart_transmitter_config), (8 bytes).
    Removing gd32a7xx_linflexd_uart.o(.text.linflexd_uart_receiver_config), (38 bytes).
    Removing gd32a7xx_linflexd_uart.o(.ARM.exidx.text.linflexd_uart_receiver_config), (8 bytes).
    Removing gd32a7xx_linflexd_uart.o(.text.linflexd_uart_rxfifo_flush), (30 bytes).
    Removing gd32a7xx_linflexd_uart.o(.ARM.exidx.text.linflexd_uart_rxfifo_flush), (8 bytes).
    Removing gd32a7xx_linflexd_uart.o(.text.linflexd_uart_idle_receive_line_monitor), (28 bytes).
    Removing gd32a7xx_linflexd_uart.o(.ARM.exidx.text.linflexd_uart_idle_receive_line_monitor), (8 bytes).
    Removing gd32a7xx_linflexd_uart.o(.text.linflexd_uart_number_receive_bits_monitor), (28 bytes).
    Removing gd32a7xx_linflexd_uart.o(.ARM.exidx.text.linflexd_uart_number_receive_bits_monitor), (8 bytes).
    Removing gd32a7xx_linflexd_uart.o(.text.linflexd_uart_timeout_resetmode_set), (44 bytes).
    Removing gd32a7xx_linflexd_uart.o(.ARM.exidx.text.linflexd_uart_timeout_resetmode_set), (8 bytes).
    Removing gd32a7xx_linflexd_uart.o(.text.linflexd_uart_idle_timeoutvalue_set), (44 bytes).
    Removing gd32a7xx_linflexd_uart.o(.ARM.exidx.text.linflexd_uart_idle_timeoutvalue_set), (8 bytes).
    Removing gd32a7xx_linflexd_uart.o(.text.linflexd_uart_specialwordlength_enable), (28 bytes).
    Removing gd32a7xx_linflexd_uart.o(.ARM.exidx.text.linflexd_uart_specialwordlength_enable), (8 bytes).
    Removing gd32a7xx_linflexd_uart.o(.text.linflexd_uart_specialwordlength_disable), (28 bytes).
    Removing gd32a7xx_linflexd_uart.o(.ARM.exidx.text.linflexd_uart_specialwordlength_disable), (8 bytes).
    Removing gd32a7xx_linflexd_uart.o(.text.linflexd_uart_expect_framenumber_set), (44 bytes).
    Removing gd32a7xx_linflexd_uart.o(.ARM.exidx.text.linflexd_uart_expect_framenumber_set), (8 bytes).
    Removing gd32a7xx_linflexd_uart.o(.text.linflexd_uart_reducedoversampling_enable), (28 bytes).
    Removing gd32a7xx_linflexd_uart.o(.ARM.exidx.text.linflexd_uart_reducedoversampling_enable), (8 bytes).
    Removing gd32a7xx_linflexd_uart.o(.text.linflexd_uart_reducedoversampling_disable), (28 bytes).
    Removing gd32a7xx_linflexd_uart.o(.ARM.exidx.text.linflexd_uart_reducedoversampling_disable), (8 bytes).
    Removing gd32a7xx_linflexd_uart.o(.text.linflexd_uart_oversamplingrate_set), (44 bytes).
    Removing gd32a7xx_linflexd_uart.o(.ARM.exidx.text.linflexd_uart_oversamplingrate_set), (8 bytes).
    Removing gd32a7xx_linflexd_uart.o(.text.linflexd_uart_samplepoint_set), (44 bytes).
    Removing gd32a7xx_linflexd_uart.o(.ARM.exidx.text.linflexd_uart_samplepoint_set), (8 bytes).
    Removing gd32a7xx_linflexd_uart.o(.text.linflexd_uart_transmit_datafirst_config), (48 bytes).
    Removing gd32a7xx_linflexd_uart.o(.ARM.exidx.text.linflexd_uart_transmit_datafirst_config), (8 bytes).
    Removing gd32a7xx_linflexd_uart.o(.text.linflexd_uart_receive_datafirst_config), (48 bytes).
    Removing gd32a7xx_linflexd_uart.o(.ARM.exidx.text.linflexd_uart_receive_datafirst_config), (8 bytes).
    Removing gd32a7xx_linflexd_uart.o(.text.linflexd_uart_transmitdata_invert_config), (48 bytes).
    Removing gd32a7xx_linflexd_uart.o(.ARM.exidx.text.linflexd_uart_transmitdata_invert_config), (8 bytes).
    Removing gd32a7xx_linflexd_uart.o(.text.linflexd_uart_receivedata_invert_config), (48 bytes).
    Removing gd32a7xx_linflexd_uart.o(.ARM.exidx.text.linflexd_uart_receivedata_invert_config), (8 bytes).
    Removing gd32a7xx_linflexd_uart.o(.text.linflexd_uart_transmitpin_invert_config), (48 bytes).
    Removing gd32a7xx_linflexd_uart.o(.ARM.exidx.text.linflexd_uart_transmitpin_invert_config), (8 bytes).
    Removing gd32a7xx_linflexd_uart.o(.text.linflexd_uart_receivepin_invert_config), (48 bytes).
    Removing gd32a7xx_linflexd_uart.o(.ARM.exidx.text.linflexd_uart_receivepin_invert_config), (8 bytes).
    Removing gd32a7xx_linflexd_uart.o(.text.linflexd_uart_soft_reset), (32 bytes).
    Removing gd32a7xx_linflexd_uart.o(.ARM.exidx.text.linflexd_uart_soft_reset), (8 bytes).
    Removing gd32a7xx_linflexd_uart.o(.text.linflexd_uart_abort_request), (28 bytes).
    Removing gd32a7xx_linflexd_uart.o(.ARM.exidx.text.linflexd_uart_abort_request), (8 bytes).
    Removing gd32a7xx_linflexd_uart.o(.text.linflexd_uart_terminate_transmit), (46 bytes).
    Removing gd32a7xx_linflexd_uart.o(.ARM.exidx.text.linflexd_uart_terminate_transmit), (8 bytes).
    Removing gd32a7xx_linflexd_uart.o(.text.linflexd_uart_stop_get), (36 bytes).
    Removing gd32a7xx_linflexd_uart.o(.ARM.exidx.text.linflexd_uart_stop_get), (8 bytes).
    Removing gd32a7xx_linflexd_uart.o(.text.linflexd_uart_byte_transmit), (20 bytes).
    Removing gd32a7xx_linflexd_uart.o(.ARM.exidx.text.linflexd_uart_byte_transmit), (8 bytes).
    Removing gd32a7xx_linflexd_uart.o(.text.linflexd_uart_halfword_transmit), (20 bytes).
    Removing gd32a7xx_linflexd_uart.o(.ARM.exidx.text.linflexd_uart_halfword_transmit), (8 bytes).
    Removing gd32a7xx_linflexd_uart.o(.text.linflexd_uart_byte_receive), (26 bytes).
    Removing gd32a7xx_linflexd_uart.o(.ARM.exidx.text.linflexd_uart_byte_receive), (8 bytes).
    Removing gd32a7xx_linflexd_uart.o(.text.linflexd_uart_halfword_receive), (26 bytes).
    Removing gd32a7xx_linflexd_uart.o(.ARM.exidx.text.linflexd_uart_halfword_receive), (8 bytes).
    Removing gd32a7xx_linflexd_uart.o(.text.linflexd_uart_tx_dma_enable), (32 bytes).
    Removing gd32a7xx_linflexd_uart.o(.ARM.exidx.text.linflexd_uart_tx_dma_enable), (8 bytes).
    Removing gd32a7xx_linflexd_uart.o(.text.linflexd_uart_tx_dma_disable), (32 bytes).
    Removing gd32a7xx_linflexd_uart.o(.ARM.exidx.text.linflexd_uart_tx_dma_disable), (8 bytes).
    Removing gd32a7xx_linflexd_uart.o(.text.linflexd_uart_rx_dma_enable), (32 bytes).
    Removing gd32a7xx_linflexd_uart.o(.ARM.exidx.text.linflexd_uart_rx_dma_enable), (8 bytes).
    Removing gd32a7xx_linflexd_uart.o(.text.linflexd_uart_rx_dma_disable), (32 bytes).
    Removing gd32a7xx_linflexd_uart.o(.ARM.exidx.text.linflexd_uart_rx_dma_disable), (8 bytes).
    Removing gd32a7xx_linflexd_uart.o(.text.linflexd_uart_ips_size_set), (48 bytes).
    Removing gd32a7xx_linflexd_uart.o(.ARM.exidx.text.linflexd_uart_ips_size_set), (8 bytes).
    Removing gd32a7xx_linflexd_uart.o(.text.linflexd_uart_flag_get), (64 bytes).
    Removing gd32a7xx_linflexd_uart.o(.ARM.exidx.text.linflexd_uart_flag_get), (8 bytes).
    Removing gd32a7xx_linflexd_uart.o(.text.linflexd_uart_flag_clear), (34 bytes).
    Removing gd32a7xx_linflexd_uart.o(.ARM.exidx.text.linflexd_uart_flag_clear), (8 bytes).
    Removing gd32a7xx_linflexd_uart.o(.text.linflexd_uart_interrupt_enable), (36 bytes).
    Removing gd32a7xx_linflexd_uart.o(.ARM.exidx.text.linflexd_uart_interrupt_enable), (8 bytes).
    Removing gd32a7xx_linflexd_uart.o(.text.linflexd_uart_interrupt_disable), (36 bytes).
    Removing gd32a7xx_linflexd_uart.o(.ARM.exidx.text.linflexd_uart_interrupt_disable), (8 bytes).
    Removing gd32a7xx_linflexd_uart.o(.text.linflexd_uart_interrupt_flag_get), (94 bytes).
    Removing gd32a7xx_linflexd_uart.o(.ARM.exidx.text.linflexd_uart_interrupt_flag_get), (8 bytes).
    Removing gd32a7xx_linflexd_uart.o(.text.linflexd_uart_interrupt_flag_clear), (30 bytes).
    Removing gd32a7xx_linflexd_uart.o(.ARM.exidx.text.linflexd_uart_interrupt_flag_clear), (8 bytes).
    Removing startup_gd32a711x_a712x.o(HEAP), (2048 bytes).
    Removing gd32a712_evb.o(.text), (0 bytes).
    Removing gd32a712_evb.o(.text.gd_eval_led_init), (116 bytes).
    Removing gd32a712_evb.o(.ARM.exidx.text.gd_eval_led_init), (8 bytes).
    Removing gd32a712_evb.o(.text.gd_eval_led_on), (40 bytes).
    Removing gd32a712_evb.o(.ARM.exidx.text.gd_eval_led_on), (8 bytes).
    Removing gd32a712_evb.o(.text.gd_eval_led_off), (40 bytes).
    Removing gd32a712_evb.o(.ARM.exidx.text.gd_eval_led_off), (8 bytes).
    Removing gd32a712_evb.o(.text.gd_eval_led_toggle), (40 bytes).
    Removing gd32a712_evb.o(.ARM.exidx.text.gd_eval_led_toggle), (8 bytes).
    Removing gd32a712_evb.o(.text.gd_eval_key_init), (184 bytes).
    Removing gd32a712_evb.o(.ARM.exidx.text.gd_eval_key_init), (8 bytes).
    Removing gd32a712_evb.o(.text.gd_eval_key_state_get), (44 bytes).
    Removing gd32a712_evb.o(.ARM.exidx.text.gd_eval_key_state_get), (8 bytes).
    Removing gd32a712_evb.o(.text.gd_eval_com_init), (426 bytes).
    Removing gd32a712_evb.o(.ARM.exidx.text.gd_eval_com_init), (8 bytes).
    Removing gd32a712_evb.o(.text.fputc), (76 bytes).
    Removing gd32a712_evb.o(.ARM.exidx.text.fputc), (8 bytes).
    Removing gd32a712_evb.o(.data.eval_com), (4 bytes).
    Removing gd32a712_evb.o(.rodata.GPIO_CLK), (8 bytes).
    Removing gd32a712_evb.o(.rodata.GPIO_PORT), (16 bytes).
    Removing gd32a712_evb.o(.rodata.GPIO_PIN), (16 bytes).
    Removing gd32a712_evb.o(.rodata.KEY_CLK), (8 bytes).
    Removing gd32a712_evb.o(.rodata.KEY_PORT), (16 bytes).
    Removing gd32a712_evb.o(.rodata.KEY_PIN), (16 bytes).
    Removing gd32a712_evb.o(.rodata.KEY_IRQn), (4 bytes).
    Removing gd32a712_evb.o(.rodata.KEY_PORT_SOURCE), (4 bytes).
    Removing gd32a712_evb.o(.rodata.KEY_PIN_SOURCE), (4 bytes).
    Removing gd32a712_evb.o(.rodata.KEY_EXTI_LINE), (8 bytes).
    Removing gd32a712_evb.o(.rodata.COM_CLK), (4 bytes).
    Removing gd32a712_evb.o(.rodata.COM_TX_PIN), (8 bytes).
    Removing gd32a712_evb.o(.rodata.COM_RX_PIN), (8 bytes).

2914 unused section(s) (total 117019 bytes) removed from the image.

==============================================================================

Image Symbol Table

    Local Symbols

    Symbol Name                              Value     Ov Type        Size  Object(Section)

    ../clib/microlib/init/entry.s            0x00000000   Number         0  entry.o ABSOLUTE
    ../clib/microlib/init/entry.s            0x00000000   Number         0  entry2.o ABSOLUTE
    ../clib/microlib/init/entry.s            0x00000000   Number         0  entry5.o ABSOLUTE
    ../clib/microlib/init/entry.s            0x00000000   Number         0  entry7a.o ABSOLUTE
    ../clib/microlib/init/entry.s            0x00000000   Number         0  entry7b.o ABSOLUTE
    ../clib/microlib/init/entry.s            0x00000000   Number         0  entry8a.o ABSOLUTE
    ../clib/microlib/init/entry.s            0x00000000   Number         0  entry8b.o ABSOLUTE
    ../clib/microlib/init/entry.s            0x00000000   Number         0  entry9a.o ABSOLUTE
    ../clib/microlib/init/entry.s            0x00000000   Number         0  entry9b.o ABSOLUTE
    ../clib/microlib/init/entry.s            0x00000000   Number         0  entry10a.o ABSOLUTE
    ../clib/microlib/init/entry.s            0x00000000   Number         0  entry10b.o ABSOLUTE
    ../clib/microlib/init/entry.s            0x00000000   Number         0  entry11a.o ABSOLUTE
    ../clib/microlib/init/entry.s            0x00000000   Number         0  entry11b.o ABSOLUTE
    ../clib/microlib/string/memcpy.c         0x00000000   Number         0  memcpya.o ABSOLUTE
    ../clib/microlib/string/memcpy.c         0x00000000   Number         0  memcpyb.o ABSOLUTE
    ../clib/microlib/string/memset.c         0x00000000   Number         0  memseta.o ABSOLUTE
    ..\firmware\cmsis\GD\GD32A7xx\Source\ARM\startup_gd32a711x_a712x.s 0x00000000   Number         0  startup_gd32a711x_a712x.o ABSOLUTE
    dc.s                                     0x00000000   Number         0  dc.o ABSOLUTE
    gd32a712_evb.c                           0x00000000   Number         0  gd32a712_evb.o ABSOLUTE
    gd32a7xx_adc.c                           0x00000000   Number         0  gd32a7xx_adc.o ABSOLUTE
    gd32a7xx_bkp.c                           0x00000000   Number         0  gd32a7xx_bkp.o ABSOLUTE
    gd32a7xx_busim.c                         0x00000000   Number         0  gd32a7xx_busim.o ABSOLUTE
    gd32a7xx_can.c                           0x00000000   Number         0  gd32a7xx_can.o ABSOLUTE
    gd32a7xx_cltcfg.c                        0x00000000   Number         0  gd32a7xx_cltcfg.o ABSOLUTE
    gd32a7xx_cmp.c                           0x00000000   Number         0  gd32a7xx_cmp.o ABSOLUTE
    gd32a7xx_crc.c                           0x00000000   Number         0  gd32a7xx_crc.o ABSOLUTE
    gd32a7xx_dac.c                           0x00000000   Number         0  gd32a7xx_dac.o ABSOLUTE
    gd32a7xx_dbg.c                           0x00000000   Number         0  gd32a7xx_dbg.o ABSOLUTE
    gd32a7xx_dma.c                           0x00000000   Number         0  gd32a7xx_dma.o ABSOLUTE
    gd32a7xx_err_report.c                    0x00000000   Number         0  gd32a7xx_err_report.o ABSOLUTE
    gd32a7xx_exti.c                          0x00000000   Number         0  gd32a7xx_exti.o ABSOLUTE
    gd32a7xx_extmpu.c                        0x00000000   Number         0  gd32a7xx_extmpu.o ABSOLUTE
    gd32a7xx_fmc.c                           0x00000000   Number         0  gd32a7xx_fmc.o ABSOLUTE
    gd32a7xx_fmu.c                           0x00000000   Number         0  gd32a7xx_fmu.o ABSOLUTE
    gd32a7xx_fwdgt.c                         0x00000000   Number         0  gd32a7xx_fwdgt.o ABSOLUTE
    gd32a7xx_gdap.c                          0x00000000   Number         0  gd32a7xx_gdap.o ABSOLUTE
    gd32a7xx_gpio.c                          0x00000000   Number         0  gd32a7xx_gpio.o ABSOLUTE
    gd32a7xx_hsmif.c                         0x00000000   Number         0  gd32a7xx_hsmif.o ABSOLUTE
    gd32a7xx_i2c.c                           0x00000000   Number         0  gd32a7xx_i2c.o ABSOLUTE
    gd32a7xx_imicu.c                         0x00000000   Number         0  gd32a7xx_imicu.o ABSOLUTE
    gd32a7xx_irm.c                           0x00000000   Number         0  gd32a7xx_irm.o ABSOLUTE
    gd32a7xx_it.c                            0x00000000   Number         0  gd32a7xx_it.o ABSOLUTE
    gd32a7xx_jdc.c                           0x00000000   Number         0  gd32a7xx_jdc.o ABSOLUTE
    gd32a7xx_linflexd_lin.c                  0x00000000   Number         0  gd32a7xx_linflexd_lin.o ABSOLUTE
    gd32a7xx_linflexd_uart.c                 0x00000000   Number         0  gd32a7xx_linflexd_uart.o ABSOLUTE
    gd32a7xx_misc.c                          0x00000000   Number         0  gd32a7xx_misc.o ABSOLUTE
    gd32a7xx_mtc.c                           0x00000000   Number         0  gd32a7xx_mtc.o ABSOLUTE
    gd32a7xx_pmu.c                           0x00000000   Number         0  gd32a7xx_pmu.o ABSOLUTE
    gd32a7xx_prpu.c                          0x00000000   Number         0  gd32a7xx_prpu.o ABSOLUTE
    gd32a7xx_qspi.c                          0x00000000   Number         0  gd32a7xx_qspi.o ABSOLUTE
    gd32a7xx_rcu.c                           0x00000000   Number         0  gd32a7xx_rcu.o ABSOLUTE
    gd32a7xx_rtc.c                           0x00000000   Number         0  gd32a7xx_rtc.o ABSOLUTE
    gd32a7xx_spi.c                           0x00000000   Number         0  gd32a7xx_spi.o ABSOLUTE
    gd32a7xx_sram_tcm.c                      0x00000000   Number         0  gd32a7xx_sram_tcm.o ABSOLUTE
    gd32a7xx_stcm.c                          0x00000000   Number         0  gd32a7xx_stcm.o ABSOLUTE
    gd32a7xx_syscfg.c                        0x00000000   Number         0  gd32a7xx_syscfg.o ABSOLUTE
    gd32a7xx_timer.c                         0x00000000   Number         0  gd32a7xx_timer.o ABSOLUTE
    gd32a7xx_trigsel.c                       0x00000000   Number         0  gd32a7xx_trigsel.o ABSOLUTE
    gd32a7xx_wwdgt.c                         0x00000000   Number         0  gd32a7xx_wwdgt.o ABSOLUTE
    handlers.s                               0x00000000   Number         0  handlers.o ABSOLUTE
    init.s                                   0x00000000   Number         0  init.o ABSOLUTE
    main.c                                   0x00000000   Number         0  main.o ABSOLUTE
    system_gd32a71xx_a74xx.c                 0x00000000   Number         0  system_gd32a71xx_a74xx.o ABSOLUTE
    systick.c                                0x00000000   Number         0  systick.o ABSOLUTE
    RESET                                    0x08000000   Section     2048  startup_gd32a711x_a712x.o(RESET)
    .ARM.Collect$$$$00000000                 0x08000800   Section        0  entry.o(.ARM.Collect$$$$00000000)
    .ARM.Collect$$$$00000001                 0x08000800   Section        4  entry2.o(.ARM.Collect$$$$00000001)
    .ARM.Collect$$$$00000004                 0x08000804   Section        4  entry5.o(.ARM.Collect$$$$00000004)
    .ARM.Collect$$$$00000008                 0x08000808   Section        0  entry7b.o(.ARM.Collect$$$$00000008)
    .ARM.Collect$$$$0000000A                 0x08000808   Section        0  entry8b.o(.ARM.Collect$$$$0000000A)
    .ARM.Collect$$$$0000000B                 0x08000808   Section        8  entry9a.o(.ARM.Collect$$$$0000000B)
    __lit__00000000                          0x08000810   Data           4  entry2.o(.ARM.Collect$$$$00002712)
    .ARM.Collect$$$$0000000D                 0x08000810   Section        0  entry10a.o(.ARM.Collect$$$$0000000D)
    .ARM.Collect$$$$0000000F                 0x08000810   Section        0  entry11a.o(.ARM.Collect$$$$0000000F)
    .ARM.Collect$$$$00002712                 0x08000810   Section        4  entry2.o(.ARM.Collect$$$$00002712)
    $v0                                      0x08000814   Number         0  startup_gd32a711x_a712x.o(.text)
    .text                                    0x08000814   Section      100  startup_gd32a711x_a712x.o(.text)
    .text                                    0x08000878   Section       36  init.o(.text)
    [Anonymous Symbol]                       0x080008a0   Section        0  gd32a7xx_it.o(.text.BusFault_Handler)
    [Anonymous Symbol]                       0x080008a8   Section        0  gd32a7xx_it.o(.text.DebugMon_Handler)
    [Anonymous Symbol]                       0x080008b0   Section        0  gd32a7xx_it.o(.text.HardFault_Handler)
    [Anonymous Symbol]                       0x080008b8   Section        0  gd32a7xx_it.o(.text.MemManage_Handler)
    [Anonymous Symbol]                       0x080008c0   Section        0  gd32a7xx_it.o(.text.NMI_Handler)
    [Anonymous Symbol]                       0x080008c8   Section        0  gd32a7xx_it.o(.text.PendSV_Handler)
    [Anonymous Symbol]                       0x080008d0   Section        0  gd32a7xx_it.o(.text.SVC_Handler)
    SysTick_Config                           0x080008d9   Thumb Code    82  systick.o(.text.SysTick_Config)
    [Anonymous Symbol]                       0x080008d8   Section        0  systick.o(.text.SysTick_Config)
    [Anonymous Symbol]                       0x08000930   Section        0  gd32a7xx_it.o(.text.SysTick_Handler)
    [Anonymous Symbol]                       0x08000940   Section        0  system_gd32a71xx_a74xx.o(.text.SystemInit)
    [Anonymous Symbol]                       0x08000a68   Section        0  gd32a7xx_it.o(.text.UsageFault_Handler)
    __NVIC_SetPriority                       0x08000a71   Thumb Code    66  systick.o(.text.__NVIC_SetPriority)
    [Anonymous Symbol]                       0x08000a70   Section        0  systick.o(.text.__NVIC_SetPriority)
    _delay                                   0x08000ab9   Thumb Code    22  system_gd32a71xx_a74xx.o(.text._delay)
    [Anonymous Symbol]                       0x08000ab8   Section        0  system_gd32a71xx_a74xx.o(.text._delay)
    cache_enable                             0x08000ad1   Thumb Code   222  main.o(.text.cache_enable)
    [Anonymous Symbol]                       0x08000ad0   Section        0  main.o(.text.cache_enable)
    [Anonymous Symbol]                       0x08000bb0   Section        0  systick.o(.text.delay_decrement)
    [Anonymous Symbol]                       0x08000bd0   Section        0  main.o(.text.led_spark)
    [Anonymous Symbol]                       0x08000bd8   Section        0  main.o(.text.main)
    [Anonymous Symbol]                       0x08000bf0   Section        0  gd32a7xx_misc.o(.text.nvic_vector_table_set)
    system_clock_160M_pll_hxtal              0x08000c19   Thumb Code   330  system_gd32a71xx_a74xx.o(.text.system_clock_160M_pll_hxtal)
    [Anonymous Symbol]                       0x08000c18   Section        0  system_gd32a71xx_a74xx.o(.text.system_clock_160M_pll_hxtal)
    system_clock_config                      0x08000d69   Thumb Code     8  system_gd32a71xx_a74xx.o(.text.system_clock_config)
    [Anonymous Symbol]                       0x08000d68   Section        0  system_gd32a71xx_a74xx.o(.text.system_clock_config)
    [Anonymous Symbol]                       0x08000d70   Section        0  systick.o(.text.systick_config)
    i.__scatterload_copy                     0x08000da2   Section       14  handlers.o(i.__scatterload_copy)
    i.__scatterload_null                     0x08000db0   Section        2  handlers.o(i.__scatterload_null)
    i.__scatterload_zeroinit                 0x08000db2   Section       14  handlers.o(i.__scatterload_zeroinit)
    delay                                    0x24000008   Data           4  systick.o(.bss.delay)
    [Anonymous Symbol]                       0x24000008   Section        0  systick.o(.bss.delay)
    STACK                                    0x24000010   Section     4096  startup_gd32a711x_a712x.o(STACK)

    Global Symbols

    Symbol Name                              Value     Ov Type        Size  Object(Section)

    BuildAttributes$$THM_ISAv4$E$P$D$K$B$S$7EM$VFPv5_D16$PE$PLD8$A:L22UL41UL21$X:L11$S22US41US21$IEEE1$IW$~IW$USESV6$~STKCKD$USESV7$~SHL$OSPACE$EBA8$MICROLIB$REQ8$PRES8$EABIv2 0x00000000   Number         0  anon$$obj.o ABSOLUTE
    __cpp_initialize__aeabi_                  - Undefined Weak Reference
    __cxa_finalize                            - Undefined Weak Reference
    __decompress                              - Undefined Weak Reference
    _clock_init                               - Undefined Weak Reference
    _microlib_exit                            - Undefined Weak Reference
    __Vectors_Size                           0x00000400   Number         0  startup_gd32a711x_a712x.o ABSOLUTE
    __Vectors                                0x08000400   Data           4  startup_gd32a711x_a712x.o(RESET)
    __Vectors_End                            0x08000800   Data           0  startup_gd32a711x_a712x.o(RESET)
    __main                                   0x08000801   Thumb Code     0  entry.o(.ARM.Collect$$$$00000000)
    _main_stk                                0x08000801   Thumb Code     0  entry2.o(.ARM.Collect$$$$00000001)
    _main_scatterload                        0x08000805   Thumb Code     0  entry5.o(.ARM.Collect$$$$00000004)
    __main_after_scatterload                 0x08000809   Thumb Code     0  entry5.o(.ARM.Collect$$$$00000004)
    _main_clock                              0x08000809   Thumb Code     0  entry7b.o(.ARM.Collect$$$$00000008)
    _main_cpp_init                           0x08000809   Thumb Code     0  entry8b.o(.ARM.Collect$$$$0000000A)
    _main_init                               0x08000809   Thumb Code     0  entry9a.o(.ARM.Collect$$$$0000000B)
    __rt_final_cpp                           0x08000811   Thumb Code     0  entry10a.o(.ARM.Collect$$$$0000000D)
    __rt_final_exit                          0x08000811   Thumb Code     0  entry11a.o(.ARM.Collect$$$$0000000F)
    Reset_Handler                            0x08000815   Thumb Code    66  startup_gd32a711x_a712x.o(.text)
    ADC0_IRQHandler                          0x08000869   Thumb Code     0  startup_gd32a711x_a712x.o(.text)
    ADC1_IRQHandler                          0x08000869   Thumb Code     0  startup_gd32a711x_a712x.o(.text)
    CAN0_ECCERR_IRQHandler                   0x08000869   Thumb Code     0  startup_gd32a711x_a712x.o(.text)
    CAN1_ECCERR_IRQHandler                   0x08000869   Thumb Code     0  startup_gd32a711x_a712x.o(.text)
    CAN2_ECCERR_IRQHandler                   0x08000869   Thumb Code     0  startup_gd32a711x_a712x.o(.text)
    CMP0_EXTI_IRQHandler                     0x08000869   Thumb Code     0  startup_gd32a711x_a712x.o(.text)
    CMP0_IRQHandler                          0x08000869   Thumb Code     0  startup_gd32a711x_a712x.o(.text)
    CMP1_EXTI_IRQHandler                     0x08000869   Thumb Code     0  startup_gd32a711x_a712x.o(.text)
    CMP1_IRQHandler                          0x08000869   Thumb Code     0  startup_gd32a711x_a712x.o(.text)
    CTI0_IRQHandler                          0x08000869   Thumb Code     0  startup_gd32a711x_a712x.o(.text)
    CTI1_IRQHandler                          0x08000869   Thumb Code     0  startup_gd32a711x_a712x.o(.text)
    DAC0_IRQHandler                          0x08000869   Thumb Code     0  startup_gd32a711x_a712x.o(.text)
    DAC1_IRQHandler                          0x08000869   Thumb Code     0  startup_gd32a711x_a712x.o(.text)
    DMA0_Channel0_IRQHandler                 0x08000869   Thumb Code     0  startup_gd32a711x_a712x.o(.text)
    DMA0_Channel1_IRQHandler                 0x08000869   Thumb Code     0  startup_gd32a711x_a712x.o(.text)
    DMA0_Channel2_IRQHandler                 0x08000869   Thumb Code     0  startup_gd32a711x_a712x.o(.text)
    DMA0_Channel3_IRQHandler                 0x08000869   Thumb Code     0  startup_gd32a711x_a712x.o(.text)
    DMA0_Channel4_IRQHandler                 0x08000869   Thumb Code     0  startup_gd32a711x_a712x.o(.text)
    DMA0_Channel5_IRQHandler                 0x08000869   Thumb Code     0  startup_gd32a711x_a712x.o(.text)
    DMA0_Channel6_IRQHandler                 0x08000869   Thumb Code     0  startup_gd32a711x_a712x.o(.text)
    DMA0_Channel7_IRQHandler                 0x08000869   Thumb Code     0  startup_gd32a711x_a712x.o(.text)
    DMA1_Channel0_IRQHandler                 0x08000869   Thumb Code     0  startup_gd32a711x_a712x.o(.text)
    DMA1_Channel1_IRQHandler                 0x08000869   Thumb Code     0  startup_gd32a711x_a712x.o(.text)
    DMA1_Channel2_IRQHandler                 0x08000869   Thumb Code     0  startup_gd32a711x_a712x.o(.text)
    DMA1_Channel3_IRQHandler                 0x08000869   Thumb Code     0  startup_gd32a711x_a712x.o(.text)
    DMA1_Channel4_IRQHandler                 0x08000869   Thumb Code     0  startup_gd32a711x_a712x.o(.text)
    DMA1_Channel5_IRQHandler                 0x08000869   Thumb Code     0  startup_gd32a711x_a712x.o(.text)
    DMA1_Channel6_IRQHandler                 0x08000869   Thumb Code     0  startup_gd32a711x_a712x.o(.text)
    DMA1_Channel7_IRQHandler                 0x08000869   Thumb Code     0  startup_gd32a711x_a712x.o(.text)
    DMAMUX_OVR_IRQHandler                    0x08000869   Thumb Code     0  startup_gd32a711x_a712x.o(.text)
    DTM_CAN0_DMU_IRQHandler                  0x08000869   Thumb Code     0  startup_gd32a711x_a712x.o(.text)
    DTM_CAN0_INT0_IRQHandler                 0x08000869   Thumb Code     0  startup_gd32a711x_a712x.o(.text)
    DTM_CAN0_INT1_IRQHandler                 0x08000869   Thumb Code     0  startup_gd32a711x_a712x.o(.text)
    DTM_CAN1_DMU_IRQHandler                  0x08000869   Thumb Code     0  startup_gd32a711x_a712x.o(.text)
    DTM_CAN1_INT0_IRQHandler                 0x08000869   Thumb Code     0  startup_gd32a711x_a712x.o(.text)
    DTM_CAN1_INT1_IRQHandler                 0x08000869   Thumb Code     0  startup_gd32a711x_a712x.o(.text)
    DTM_CAN2_DMU_IRQHandler                  0x08000869   Thumb Code     0  startup_gd32a711x_a712x.o(.text)
    DTM_CAN2_INT0_IRQHandler                 0x08000869   Thumb Code     0  startup_gd32a711x_a712x.o(.text)
    DTM_CAN2_INT1_IRQHandler                 0x08000869   Thumb Code     0  startup_gd32a711x_a712x.o(.text)
    DTM_CAN3_DMU_IRQHandler                  0x08000869   Thumb Code     0  startup_gd32a711x_a712x.o(.text)
    DTM_CAN3_INT0_IRQHandler                 0x08000869   Thumb Code     0  startup_gd32a711x_a712x.o(.text)
    DTM_CAN3_INT1_IRQHandler                 0x08000869   Thumb Code     0  startup_gd32a711x_a712x.o(.text)
    DTM_CAN4_DMU_IRQHandler                  0x08000869   Thumb Code     0  startup_gd32a711x_a712x.o(.text)
    DTM_CAN4_INT0_IRQHandler                 0x08000869   Thumb Code     0  startup_gd32a711x_a712x.o(.text)
    DTM_CAN4_INT1_IRQHandler                 0x08000869   Thumb Code     0  startup_gd32a711x_a712x.o(.text)
    DTM_CAN5_DMU_IRQHandler                  0x08000869   Thumb Code     0  startup_gd32a711x_a712x.o(.text)
    DTM_CAN5_INT0_IRQHandler                 0x08000869   Thumb Code     0  startup_gd32a711x_a712x.o(.text)
    DTM_CAN5_INT1_IRQHandler                 0x08000869   Thumb Code     0  startup_gd32a711x_a712x.o(.text)
    DTM_CAN6_DMU_IRQHandler                  0x08000869   Thumb Code     0  startup_gd32a711x_a712x.o(.text)
    DTM_CAN6_INT0_IRQHandler                 0x08000869   Thumb Code     0  startup_gd32a711x_a712x.o(.text)
    DTM_CAN6_INT1_IRQHandler                 0x08000869   Thumb Code     0  startup_gd32a711x_a712x.o(.text)
    DTM_CAN7_DMU_IRQHandler                  0x08000869   Thumb Code     0  startup_gd32a711x_a712x.o(.text)
    DTM_CAN7_INT0_IRQHandler                 0x08000869   Thumb Code     0  startup_gd32a711x_a712x.o(.text)
    DTM_CAN7_INT1_IRQHandler                 0x08000869   Thumb Code     0  startup_gd32a711x_a712x.o(.text)
    EXTI0_IRQHandler                         0x08000869   Thumb Code     0  startup_gd32a711x_a712x.o(.text)
    EXTI10_15_IRQHandler                     0x08000869   Thumb Code     0  startup_gd32a711x_a712x.o(.text)
    EXTI1_IRQHandler                         0x08000869   Thumb Code     0  startup_gd32a711x_a712x.o(.text)
    EXTI2_IRQHandler                         0x08000869   Thumb Code     0  startup_gd32a711x_a712x.o(.text)
    EXTI3_IRQHandler                         0x08000869   Thumb Code     0  startup_gd32a711x_a712x.o(.text)
    EXTI42_101_IRQHandler                    0x08000869   Thumb Code     0  startup_gd32a711x_a712x.o(.text)
    EXTI4_IRQHandler                         0x08000869   Thumb Code     0  startup_gd32a711x_a712x.o(.text)
    EXTI5_9_IRQHandler                       0x08000869   Thumb Code     0  startup_gd32a711x_a712x.o(.text)
    FMC_IRQHandler                           0x08000869   Thumb Code     0  startup_gd32a711x_a712x.o(.text)
    FMU_CAT_IRQHandler                       0x08000869   Thumb Code     0  startup_gd32a711x_a712x.o(.text)
    FMU_INIT_IRQHandler                      0x08000869   Thumb Code     0  startup_gd32a711x_a712x.o(.text)
    FPU_WAB_IRQHandler                       0x08000869   Thumb Code     0  startup_gd32a711x_a712x.o(.text)
    FWDGT_IRQHandler                         0x08000869   Thumb Code     0  startup_gd32a711x_a712x.o(.text)
    HSM_COM0_IRQHandler                      0x08000869   Thumb Code     0  startup_gd32a711x_a712x.o(.text)
    HSM_COM1_IRQHandler                      0x08000869   Thumb Code     0  startup_gd32a711x_a712x.o(.text)
    HVD_LVD_IRQHandler                       0x08000869   Thumb Code     0  startup_gd32a711x_a712x.o(.text)
    I2C0_ER_IRQHandler                       0x08000869   Thumb Code     0  startup_gd32a711x_a712x.o(.text)
    I2C0_EV_IRQHandler                       0x08000869   Thumb Code     0  startup_gd32a711x_a712x.o(.text)
    I2C1_ER_IRQHandler                       0x08000869   Thumb Code     0  startup_gd32a711x_a712x.o(.text)
    I2C1_EV_IRQHandler                       0x08000869   Thumb Code     0  startup_gd32a711x_a712x.o(.text)
    JDC_IRQHandler                           0x08000869   Thumb Code     0  startup_gd32a711x_a712x.o(.text)
    LINFlexD0_IRQHandler                     0x08000869   Thumb Code     0  startup_gd32a711x_a712x.o(.text)
    LINFlexD1_IRQHandler                     0x08000869   Thumb Code     0  startup_gd32a711x_a712x.o(.text)
    LINFlexD2_IRQHandler                     0x08000869   Thumb Code     0  startup_gd32a711x_a712x.o(.text)
    LINFlexD3_IRQHandler                     0x08000869   Thumb Code     0  startup_gd32a711x_a712x.o(.text)
    LINFlexD4_IRQHandler                     0x08000869   Thumb Code     0  startup_gd32a711x_a712x.o(.text)
    LINFlexD5_IRQHandler                     0x08000869   Thumb Code     0  startup_gd32a711x_a712x.o(.text)
    PLL_LOL_DES_RESET_IRQHandler             0x08000869   Thumb Code     0  startup_gd32a711x_a712x.o(.text)
    QSPI_IRQHandler                          0x08000869   Thumb Code     0  startup_gd32a711x_a712x.o(.text)
    RCTL_IRQHandler                          0x08000869   Thumb Code     0  startup_gd32a711x_a712x.o(.text)
    RCU_CK_FAIL_IRQHandler                   0x08000869   Thumb Code     0  startup_gd32a711x_a712x.o(.text)
    RCU_IRQHandler                           0x08000869   Thumb Code     0  startup_gd32a711x_a712x.o(.text)
    RTC_Alarm_IRQHandler                     0x08000869   Thumb Code     0  startup_gd32a711x_a712x.o(.text)
    RTC_IRQHandler                           0x08000869   Thumb Code     0  startup_gd32a711x_a712x.o(.text)
    SPI0_IRQHandler                          0x08000869   Thumb Code     0  startup_gd32a711x_a712x.o(.text)
    SPI1_IRQHandler                          0x08000869   Thumb Code     0  startup_gd32a711x_a712x.o(.text)
    SPI2_IRQHandler                          0x08000869   Thumb Code     0  startup_gd32a711x_a712x.o(.text)
    SPI3_IRQHandler                          0x08000869   Thumb Code     0  startup_gd32a711x_a712x.o(.text)
    SPI4_IRQHandler                          0x08000869   Thumb Code     0  startup_gd32a711x_a712x.o(.text)
    SPI5_IRQHandler                          0x08000869   Thumb Code     0  startup_gd32a711x_a712x.o(.text)
    STCM_IRQHandler                          0x08000869   Thumb Code     0  startup_gd32a711x_a712x.o(.text)
    TAMPER_IRQHandler                        0x08000869   Thumb Code     0  startup_gd32a711x_a712x.o(.text)
    TIMER0_BRK_UP_TRG_CMT_IRQHandler         0x08000869   Thumb Code     0  startup_gd32a711x_a712x.o(.text)
    TIMER0_CC0_CC0N_IRQHandler               0x08000869   Thumb Code     0  startup_gd32a711x_a712x.o(.text)
    TIMER0_CC1_CC1N_IRQHandler               0x08000869   Thumb Code     0  startup_gd32a711x_a712x.o(.text)
    TIMER0_CC2_CC2N_IRQHandler               0x08000869   Thumb Code     0  startup_gd32a711x_a712x.o(.text)
    TIMER0_CC3_CC3N_IRQHandler               0x08000869   Thumb Code     0  startup_gd32a711x_a712x.o(.text)
    TIMER19_BRK_UP_TRG_CMT_IRQHandler        0x08000869   Thumb Code     0  startup_gd32a711x_a712x.o(.text)
    TIMER19_CC0_CC0N_IRQHandler              0x08000869   Thumb Code     0  startup_gd32a711x_a712x.o(.text)
    TIMER19_CC1_CC1N_IRQHandler              0x08000869   Thumb Code     0  startup_gd32a711x_a712x.o(.text)
    TIMER19_CC2_CC2N_IRQHandler              0x08000869   Thumb Code     0  startup_gd32a711x_a712x.o(.text)
    TIMER19_CC3_CC3N_IRQHandler              0x08000869   Thumb Code     0  startup_gd32a711x_a712x.o(.text)
    TIMER1_CC0_IRQHandler                    0x08000869   Thumb Code     0  startup_gd32a711x_a712x.o(.text)
    TIMER1_CC1_IRQHandler                    0x08000869   Thumb Code     0  startup_gd32a711x_a712x.o(.text)
    TIMER1_CC2_IRQHandler                    0x08000869   Thumb Code     0  startup_gd32a711x_a712x.o(.text)
    TIMER1_CC3_IRQHandler                    0x08000869   Thumb Code     0  startup_gd32a711x_a712x.o(.text)
    TIMER1_IRQHandler                        0x08000869   Thumb Code     0  startup_gd32a711x_a712x.o(.text)
    TIMER20_BRK_UP_TRG_CMT_IRQHandler        0x08000869   Thumb Code     0  startup_gd32a711x_a712x.o(.text)
    TIMER20_CC0_CC0N_IRQHandler              0x08000869   Thumb Code     0  startup_gd32a711x_a712x.o(.text)
    TIMER20_CC1_CC1N_IRQHandler              0x08000869   Thumb Code     0  startup_gd32a711x_a712x.o(.text)
    TIMER20_CC2_CC2N_IRQHandler              0x08000869   Thumb Code     0  startup_gd32a711x_a712x.o(.text)
    TIMER20_CC3_CC3N_IRQHandler              0x08000869   Thumb Code     0  startup_gd32a711x_a712x.o(.text)
    TIMER2_CC0_IRQHandler                    0x08000869   Thumb Code     0  startup_gd32a711x_a712x.o(.text)
    TIMER2_CC1_IRQHandler                    0x08000869   Thumb Code     0  startup_gd32a711x_a712x.o(.text)
    TIMER2_CC2_IRQHandler                    0x08000869   Thumb Code     0  startup_gd32a711x_a712x.o(.text)
    TIMER2_CC3_IRQHandler                    0x08000869   Thumb Code     0  startup_gd32a711x_a712x.o(.text)
    TIMER2_IRQHandler                        0x08000869   Thumb Code     0  startup_gd32a711x_a712x.o(.text)
    TIMER5_CH0_UP_IRQHandler                 0x08000869   Thumb Code     0  startup_gd32a711x_a712x.o(.text)
    TIMER5_CH1_UP_IRQHandler                 0x08000869   Thumb Code     0  startup_gd32a711x_a712x.o(.text)
    TIMER5_CH2_UP_IRQHandler                 0x08000869   Thumb Code     0  startup_gd32a711x_a712x.o(.text)
    TIMER5_CH3_UP_IRQHandler                 0x08000869   Thumb Code     0  startup_gd32a711x_a712x.o(.text)
    TIMER60_BRK_UP_TRG_CMT_IRQHandler        0x08000869   Thumb Code     0  startup_gd32a711x_a712x.o(.text)
    TIMER60_CC0_CC0N_IRQHandler              0x08000869   Thumb Code     0  startup_gd32a711x_a712x.o(.text)
    TIMER60_CC1_CC1N_IRQHandler              0x08000869   Thumb Code     0  startup_gd32a711x_a712x.o(.text)
    TIMER60_CC2_CC2N_IRQHandler              0x08000869   Thumb Code     0  startup_gd32a711x_a712x.o(.text)
    TIMER60_CC3_CC3N_IRQHandler              0x08000869   Thumb Code     0  startup_gd32a711x_a712x.o(.text)
    TIMER61_BRK_UP_TRG_CMT_IRQHandler        0x08000869   Thumb Code     0  startup_gd32a711x_a712x.o(.text)
    TIMER61_CC0_CC0N_IRQHandler              0x08000869   Thumb Code     0  startup_gd32a711x_a712x.o(.text)
    TIMER61_CC1_CC1N_IRQHandler              0x08000869   Thumb Code     0  startup_gd32a711x_a712x.o(.text)
    TIMER61_CC2_CC2N_IRQHandler              0x08000869   Thumb Code     0  startup_gd32a711x_a712x.o(.text)
    TIMER61_CC3_CC3N_IRQHandler              0x08000869   Thumb Code     0  startup_gd32a711x_a712x.o(.text)
    TIMER62_BRK_UP_TRG_CMT_IRQHandler        0x08000869   Thumb Code     0  startup_gd32a711x_a712x.o(.text)
    TIMER62_CC0_CC0N_IRQHandler              0x08000869   Thumb Code     0  startup_gd32a711x_a712x.o(.text)
    TIMER62_CC1_CC1N_IRQHandler              0x08000869   Thumb Code     0  startup_gd32a711x_a712x.o(.text)
    TIMER62_CC2_CC2N_IRQHandler              0x08000869   Thumb Code     0  startup_gd32a711x_a712x.o(.text)
    TIMER62_CC3_CC3N_IRQHandler              0x08000869   Thumb Code     0  startup_gd32a711x_a712x.o(.text)
    TIMER63_BRK_UP_TRG_CMT_IRQHandler        0x08000869   Thumb Code     0  startup_gd32a711x_a712x.o(.text)
    TIMER63_CC0_CC0N_IRQHandler              0x08000869   Thumb Code     0  startup_gd32a711x_a712x.o(.text)
    TIMER63_CC1_CC1N_IRQHandler              0x08000869   Thumb Code     0  startup_gd32a711x_a712x.o(.text)
    TIMER63_CC2_CC2N_IRQHandler              0x08000869   Thumb Code     0  startup_gd32a711x_a712x.o(.text)
    TIMER63_CC3_CC3N_IRQHandler              0x08000869   Thumb Code     0  startup_gd32a711x_a712x.o(.text)
    TIMER6_CH0_UP_IRQHandler                 0x08000869   Thumb Code     0  startup_gd32a711x_a712x.o(.text)
    TIMER6_CH1_UP_IRQHandler                 0x08000869   Thumb Code     0  startup_gd32a711x_a712x.o(.text)
    TIMER6_CH2_UP_IRQHandler                 0x08000869   Thumb Code     0  startup_gd32a711x_a712x.o(.text)
    TIMER6_CH3_UP_IRQHandler                 0x08000869   Thumb Code     0  startup_gd32a711x_a712x.o(.text)
    TIMER7_BRK_UP_TRG_CMT_IRQHandler         0x08000869   Thumb Code     0  startup_gd32a711x_a712x.o(.text)
    TIMER7_CC0_CC0N_IRQHandler               0x08000869   Thumb Code     0  startup_gd32a711x_a712x.o(.text)
    TIMER7_CC1_CC1N_IRQHandler               0x08000869   Thumb Code     0  startup_gd32a711x_a712x.o(.text)
    TIMER7_CC2_CC2N_IRQHandler               0x08000869   Thumb Code     0  startup_gd32a711x_a712x.o(.text)
    TIMER7_CC3_CC3N_IRQHandler               0x08000869   Thumb Code     0  startup_gd32a711x_a712x.o(.text)
    WWDGT0_IRQHandler                        0x08000869   Thumb Code     0  startup_gd32a711x_a712x.o(.text)
    __scatterload                            0x08000879   Thumb Code    28  init.o(.text)
    __scatterload_rt2                        0x08000879   Thumb Code     0  init.o(.text)
    BusFault_Handler                         0x080008a1   Thumb Code     4  gd32a7xx_it.o(.text.BusFault_Handler)
    DebugMon_Handler                         0x080008a9   Thumb Code     4  gd32a7xx_it.o(.text.DebugMon_Handler)
    HardFault_Handler                        0x080008b1   Thumb Code     4  gd32a7xx_it.o(.text.HardFault_Handler)
    MemManage_Handler                        0x080008b9   Thumb Code     4  gd32a7xx_it.o(.text.MemManage_Handler)
    NMI_Handler                              0x080008c1   Thumb Code     4  gd32a7xx_it.o(.text.NMI_Handler)
    PendSV_Handler                           0x080008c9   Thumb Code     4  gd32a7xx_it.o(.text.PendSV_Handler)
    SVC_Handler                              0x080008d1   Thumb Code     4  gd32a7xx_it.o(.text.SVC_Handler)
    SysTick_Handler                          0x08000931   Thumb Code    12  gd32a7xx_it.o(.text.SysTick_Handler)
    SystemInit                               0x08000941   Thumb Code   292  system_gd32a71xx_a74xx.o(.text.SystemInit)
    UsageFault_Handler                       0x08000a69   Thumb Code     4  gd32a7xx_it.o(.text.UsageFault_Handler)
    delay_decrement                          0x08000bb1   Thumb Code    32  systick.o(.text.delay_decrement)
    led_spark                                0x08000bd1   Thumb Code     2  main.o(.text.led_spark)
    main                                     0x08000bd9   Thumb Code    20  main.o(.text.main)
    nvic_vector_table_set                    0x08000bf1   Thumb Code    40  gd32a7xx_misc.o(.text.nvic_vector_table_set)
    systick_config                           0x08000d71   Thumb Code    50  systick.o(.text.systick_config)
    __scatterload_copy                       0x08000da3   Thumb Code    14  handlers.o(i.__scatterload_copy)
    __scatterload_null                       0x08000db1   Thumb Code     2  handlers.o(i.__scatterload_null)
    __scatterload_zeroinit                   0x08000db3   Thumb Code    14  handlers.o(i.__scatterload_zeroinit)
    Region$$Table$$Base                      0x08000dc0   Number         0  anon$$obj.o(Region$$Table)
    Region$$Table$$Limit                     0x08000de0   Number         0  anon$$obj.o(Region$$Table)
    Image$$RW_IRAM1$$RW$$Base                0x24000000   Number         0  anon$$obj.o ABSOLUTE
    SystemCoreClock                          0x24000000   Data           4  system_gd32a71xx_a74xx.o(.data.SystemCoreClock)
    __initial_sp                             0x24001010   Data           0  startup_gd32a711x_a712x.o(STACK)



==============================================================================

Memory Map of the image

  Image Entry point : 0x08000801

  Load Region LR_IROM1 (Base: 0x08000000, Size: 0x00000de8, Max: 0x00200000, ABSOLUTE)

    Execution Region ER_IROM1 (Exec base: 0x08000000, Load base: 0x08000000, Size: 0x00000de0, Max: 0x00200000, ABSOLUTE)

    Exec Addr    Load Addr    Size         Type   Attr      Idx    E Section Name        Object

    0x08000000   0x08000000   0x00000800   Data   RO         3167    RESET               startup_gd32a711x_a712x.o
    0x08000800   0x08000800   0x00000000   Code   RO         3211  * .ARM.Collect$$$$00000000  mc_w.l(entry.o)
    0x08000800   0x08000800   0x00000004   Code   RO         3220    .ARM.Collect$$$$00000001  mc_w.l(entry2.o)
    0x08000804   0x08000804   0x00000004   Code   RO         3223    .ARM.Collect$$$$00000004  mc_w.l(entry5.o)
    0x08000808   0x08000808   0x00000000   Code   RO         3225    .ARM.Collect$$$$00000008  mc_w.l(entry7b.o)
    0x08000808   0x08000808   0x00000000   Code   RO         3227    .ARM.Collect$$$$0000000A  mc_w.l(entry8b.o)
    0x08000808   0x08000808   0x00000008   Code   RO         3228    .ARM.Collect$$$$0000000B  mc_w.l(entry9a.o)
    0x08000810   0x08000810   0x00000000   Code   RO         3230    .ARM.Collect$$$$0000000D  mc_w.l(entry10a.o)
    0x08000810   0x08000810   0x00000000   Code   RO         3232    .ARM.Collect$$$$0000000F  mc_w.l(entry11a.o)
    0x08000810   0x08000810   0x00000004   Code   RO         3221    .ARM.Collect$$$$00002712  mc_w.l(entry2.o)
    0x08000814   0x08000814   0x00000064   Code   RO         3168    .text               startup_gd32a711x_a712x.o
    0x08000878   0x08000878   0x00000024   Code   RO         3234    .text               mc_w.l(init.o)
    0x0800089c   0x0800089c   0x00000004   PAD
    0x080008a0   0x080008a0   0x00000004   Code   RO           22    .text.BusFault_Handler  gd32a7xx_it.o
    0x080008a4   0x080008a4   0x00000004   PAD
    0x080008a8   0x080008a8   0x00000004   Code   RO           28    .text.DebugMon_Handler  gd32a7xx_it.o
    0x080008ac   0x080008ac   0x00000004   PAD
    0x080008b0   0x080008b0   0x00000004   Code   RO           18    .text.HardFault_Handler  gd32a7xx_it.o
    0x080008b4   0x080008b4   0x00000004   PAD
    0x080008b8   0x080008b8   0x00000004   Code   RO           20    .text.MemManage_Handler  gd32a7xx_it.o
    0x080008bc   0x080008bc   0x00000004   PAD
    0x080008c0   0x080008c0   0x00000004   Code   RO           16    .text.NMI_Handler   gd32a7xx_it.o
    0x080008c4   0x080008c4   0x00000004   PAD
    0x080008c8   0x080008c8   0x00000004   Code   RO           30    .text.PendSV_Handler  gd32a7xx_it.o
    0x080008cc   0x080008cc   0x00000004   PAD
    0x080008d0   0x080008d0   0x00000004   Code   RO           26    .text.SVC_Handler   gd32a7xx_it.o
    0x080008d4   0x080008d4   0x00000004   PAD
    0x080008d8   0x080008d8   0x00000052   Code   RO           43    .text.SysTick_Config  systick.o
    0x0800092a   0x0800092a   0x00000006   PAD
    0x08000930   0x08000930   0x0000000c   Code   RO           32    .text.SysTick_Handler  gd32a7xx_it.o
    0x0800093c   0x0800093c   0x00000004   PAD
    0x08000940   0x08000940   0x00000124   Code   RO           72    .text.SystemInit    system_gd32a71xx_a74xx.o
    0x08000a64   0x08000a64   0x00000004   PAD
    0x08000a68   0x08000a68   0x00000004   Code   RO           24    .text.UsageFault_Handler  gd32a7xx_it.o
    0x08000a6c   0x08000a6c   0x00000004   PAD
    0x08000a70   0x08000a70   0x00000042   Code   RO           45    .text.__NVIC_SetPriority  systick.o
    0x08000ab2   0x08000ab2   0x00000006   PAD
    0x08000ab8   0x08000ab8   0x00000016   Code   RO           74    .text._delay        system_gd32a71xx_a74xx.o
    0x08000ace   0x08000ace   0x00000002   PAD
    0x08000ad0   0x08000ad0   0x000000de   Code   RO            4    .text.cache_enable  main.o
    0x08000bae   0x08000bae   0x00000002   PAD
    0x08000bb0   0x08000bb0   0x00000020   Code   RO           49    .text.delay_decrement  systick.o
    0x08000bd0   0x08000bd0   0x00000002   Code   RO            6    .text.led_spark     main.o
    0x08000bd2   0x08000bd2   0x00000006   PAD
    0x08000bd8   0x08000bd8   0x00000014   Code   RO            2    .text.main          main.o
    0x08000bec   0x08000bec   0x00000004   PAD
    0x08000bf0   0x08000bf0   0x00000028   Code   RO         1753    .text.nvic_vector_table_set  gd32a7xx_misc.o
    0x08000c18   0x08000c18   0x0000014a   Code   RO           82    .text.system_clock_160M_pll_hxtal  system_gd32a71xx_a74xx.o
    0x08000d62   0x08000d62   0x00000006   PAD
    0x08000d68   0x08000d68   0x00000008   Code   RO           76    .text.system_clock_config  system_gd32a71xx_a74xx.o
    0x08000d70   0x08000d70   0x00000032   Code   RO           41    .text.systick_config  systick.o
    0x08000da2   0x08000da2   0x0000000e   Code   RO         3238    i.__scatterload_copy  mc_w.l(handlers.o)
    0x08000db0   0x08000db0   0x00000002   Code   RO         3239    i.__scatterload_null  mc_w.l(handlers.o)
    0x08000db2   0x08000db2   0x0000000e   Code   RO         3240    i.__scatterload_zeroinit  mc_w.l(handlers.o)
    0x08000dc0   0x08000dc0   0x00000020   Data   RO         3237    Region$$Table       anon$$obj.o


    Execution Region RW_IRAM1 (Exec base: 0x24000000, Load base: 0x08000de0, Size: 0x00001010, Max: 0x00028000, ABSOLUTE)

    Exec Addr    Load Addr    Size         Type   Attr      Idx    E Section Name        Object

    0x24000000   0x08000de0   0x00000004   Data   RW           84    .data.SystemCoreClock  system_gd32a71xx_a74xx.o
    0x24000004   0x08000de4   0x00000004   PAD
    0x24000008        -       0x00000004   Zero   RW           51    .bss.delay          systick.o
    0x2400000c   0x08000de4   0x00000004   PAD
    0x24000010        -       0x00001000   Zero   RW         3165    STACK               startup_gd32a711x_a712x.o


==============================================================================

Image component sizes


      Code (inc. data)   RO Data    RW Data    ZI Data      Debug   Object Name

        44          0          0          0          0       1005   gd32a7xx_it.o
        40          0          0          0          0       9243   gd32a7xx_misc.o
       244          0          0          0          0       2510   main.o
       100         14       2048          0       4096        932   startup_gd32a711x_a712x.o
       652          0          0          4          0       3466   system_gd32a71xx_a74xx.o
       230          0          0          0          4       7121   systick.o

    ----------------------------------------------------------------------
      1382         14       2080          4       4108      24277   Object Totals
         0          0         32          0          0          0   (incl. Generated)
        72          0          0          0          8          0   (incl. Padding)

    ----------------------------------------------------------------------

      Code (inc. data)   RO Data    RW Data    ZI Data      Debug   Library Member Name

         0          0          0          0          0          0   entry.o
         0          0          0          0          0          0   entry10a.o
         0          0          0          0          0          0   entry11a.o
         8          4          0          0          0          0   entry2.o
         4          0          0          0          0          0   entry5.o
         0          0          0          0          0          0   entry7b.o
         0          0          0          0          0          0   entry8b.o
         8          4          0          0          0          0   entry9a.o
        30          0          0          0          0          0   handlers.o
        36          8          0          0          0         68   init.o

    ----------------------------------------------------------------------
        90         20          0          0          0         68   Library Totals
         4          4          0          0          0          0   (incl. Padding)

    ----------------------------------------------------------------------

      Code (inc. data)   RO Data    RW Data    ZI Data      Debug   Library Name

        86         16          0          0          0         68   mc_w.l

    ----------------------------------------------------------------------
        90         20          0          0          0         68   Library Totals

    ----------------------------------------------------------------------

==============================================================================


      Code (inc. data)   RO Data    RW Data    ZI Data      Debug   

      1472         34       2080          4       4108      24485   Grand Totals
      1472         34       2080          4       4108      24485   ELF Image Totals
      1472         34       2080          4          0          0   ROM Totals

==============================================================================

    Total RO  Size (Code + RO Data)                 3552 (   3.47kB)
    Total RW  Size (RW Data + ZI Data)              4112 (   4.02kB)
    Total ROM Size (Code + RO Data + RW Data)       3556 (   3.47kB)

==============================================================================

