<html>
<body>
<pre>
<h1>µVision Build Log</h1>
<h2>Tool Versions:</h2>
IDE-Version: ¦ÌVision V5.34.0.0
Copyright (C) 2021 ARM Ltd and ARM Germany GmbH. All rights reserved.
License Information: 1 1, 1, LIC=9WSKC-7P2K9-CXJU6-DYFHY-SH4EB-NP8EW
 
Tool Versions:
Toolchain:       MDK-ARM Plus  Version: 5.34.0.0
Toolchain Path:  C:\Keil_v5\ARM\ARMCLANG\Bin
C Compiler:      ArmClang.exe V6.16
Assembler:       Armasm.exe V6.16
Linker/Locator:  ArmLink.exe V6.16
Library Manager: ArmAr.exe V6.16
Hex Converter:   FromElf.exe V6.16
CPU DLL:         SARMCM3.DLL V5.34.0.0
Dialog DLL:      DCM.DLL V1.17.3.0
Target DLL:      UL2CM3.DLL V1.163.9.0
Dialog DLL:      TCM.DLL V1.48.0.0
 
<h2>Project:</h2>
F:\ys\data_files\mcu_project\gd32\template_project\mdk\gd32a71x.uvprojx
Project File Date:  05/18/2026

<h2>Output:</h2>
*** Using Compiler 'V6.16', folder: 'C:\Keil_v5\ARM\ARMCLANG\Bin'
Build target 'gd32a71x'
compiling main.c...
linking...
Program Size: Code=1012 RO-data=2064 RW-data=0 ZI-data=6248  
".\Objects\gd32a71x.axf" - 0 Error(s), 0 Warning(s).

<h2>Software Packages used:</h2>

Package Vendor: GigaDevice
                https://gd32mcu.com/data/documents/pack/GigaDevice.GD32A7xx_DFP.1.1.0.pack
                GigaDevice.GD32A7xx_DFP.1.1.0
                GigaDevice GD32A7xx Series Device Support and Examples

<h2>Collection of Component include folders:</h2>

<h2>Collection of Component Files used:</h2>
Build Time Elapsed:  00:00:01
</pre>
</body>
</html>
