<!doctype html public "-//w3c//dtd html 4.0 transitional//en">
<html><head>
<title>Static Call Graph - [.\Objects\gd32a71x.axf]</title></head>
<body><HR>
<H1>Static Call Graph for image .\Objects\gd32a71x.axf</H1><HR>
<BR><P>#&#060CALLGRAPH&#062# ARM Linker, 6160001: Last Updated: Mon May 18 09:01:09 2026
<BR><P>
<H3>Maximum Stack Usage =         20 bytes + Unknown(Cycles, Untraceable Function Pointers)</H3><H3>
Call chain for Maximum Stack Depth:</H3>
SystemInit &rArr; system_clock_config &rArr; system_clock_160M_pll_hxtal
<P>
<H3>
Mutually Recursive functions
</H3> <LI><a href="#[1c]">ADC0_IRQHandler</a>&nbsp;&nbsp;&nbsp;&rArr;&nbsp;&nbsp;&nbsp;<a href="#[1c]">ADC0_IRQHandler</a><BR>
 <LI><a href="#[4]">BusFault_Handler</a>&nbsp;&nbsp;&nbsp;&rArr;&nbsp;&nbsp;&nbsp;<a href="#[4]">BusFault_Handler</a><BR>
 <LI><a href="#[7]">DebugMon_Handler</a>&nbsp;&nbsp;&nbsp;&rArr;&nbsp;&nbsp;&nbsp;<a href="#[7]">DebugMon_Handler</a><BR>
 <LI><a href="#[2]">HardFault_Handler</a>&nbsp;&nbsp;&nbsp;&rArr;&nbsp;&nbsp;&nbsp;<a href="#[2]">HardFault_Handler</a><BR>
 <LI><a href="#[3]">MemManage_Handler</a>&nbsp;&nbsp;&nbsp;&rArr;&nbsp;&nbsp;&nbsp;<a href="#[3]">MemManage_Handler</a><BR>
 <LI><a href="#[1]">NMI_Handler</a>&nbsp;&nbsp;&nbsp;&rArr;&nbsp;&nbsp;&nbsp;<a href="#[1]">NMI_Handler</a><BR>
 <LI><a href="#[8]">PendSV_Handler</a>&nbsp;&nbsp;&nbsp;&rArr;&nbsp;&nbsp;&nbsp;<a href="#[8]">PendSV_Handler</a><BR>
 <LI><a href="#[6]">SVC_Handler</a>&nbsp;&nbsp;&nbsp;&rArr;&nbsp;&nbsp;&nbsp;<a href="#[6]">SVC_Handler</a><BR>
 <LI><a href="#[5]">UsageFault_Handler</a>&nbsp;&nbsp;&nbsp;&rArr;&nbsp;&nbsp;&nbsp;<a href="#[5]">UsageFault_Handler</a><BR>
 <LI><a href="#[b1]">main</a>&nbsp;&nbsp;&nbsp;&rArr;&nbsp;&nbsp;&nbsp;<a href="#[b1]">main</a><BR>
</UL>
<P>
<H3>
Function Pointers
</H3><UL>
 <LI><a href="#[1c]">ADC0_IRQHandler</a> from startup_gd32a711x_a712x.o(.text) referenced from startup_gd32a711x_a712x.o(RESET)
 <LI><a href="#[37]">ADC1_IRQHandler</a> from startup_gd32a711x_a712x.o(.text) referenced from startup_gd32a711x_a712x.o(RESET)
 <LI><a href="#[4]">BusFault_Handler</a> from gd32a7xx_it.o(.text.BusFault_Handler) referenced from startup_gd32a711x_a712x.o(RESET)
 <LI><a href="#[44]">CAN0_ECCERR_IRQHandler</a> from startup_gd32a711x_a712x.o(.text) referenced from startup_gd32a711x_a712x.o(RESET)
 <LI><a href="#[45]">CAN1_ECCERR_IRQHandler</a> from startup_gd32a711x_a712x.o(.text) referenced from startup_gd32a711x_a712x.o(RESET)
 <LI><a href="#[46]">CAN2_ECCERR_IRQHandler</a> from startup_gd32a711x_a712x.o(.text) referenced from startup_gd32a711x_a712x.o(RESET)
 <LI><a href="#[34]">CMP0_EXTI_IRQHandler</a> from startup_gd32a711x_a712x.o(.text) referenced from startup_gd32a711x_a712x.o(RESET)
 <LI><a href="#[47]">CMP0_IRQHandler</a> from startup_gd32a711x_a712x.o(.text) referenced from startup_gd32a711x_a712x.o(RESET)
 <LI><a href="#[35]">CMP1_EXTI_IRQHandler</a> from startup_gd32a711x_a712x.o(.text) referenced from startup_gd32a711x_a712x.o(RESET)
 <LI><a href="#[48]">CMP1_IRQHandler</a> from startup_gd32a711x_a712x.o(.text) referenced from startup_gd32a711x_a712x.o(RESET)
 <LI><a href="#[42]">CTI0_IRQHandler</a> from startup_gd32a711x_a712x.o(.text) referenced from startup_gd32a711x_a712x.o(RESET)
 <LI><a href="#[43]">CTI1_IRQHandler</a> from startup_gd32a711x_a712x.o(.text) referenced from startup_gd32a711x_a712x.o(RESET)
 <LI><a href="#[38]">DAC0_IRQHandler</a> from startup_gd32a711x_a712x.o(.text) referenced from startup_gd32a711x_a712x.o(RESET)
 <LI><a href="#[49]">DAC1_IRQHandler</a> from startup_gd32a711x_a712x.o(.text) referenced from startup_gd32a711x_a712x.o(RESET)
 <LI><a href="#[15]">DMA0_Channel0_IRQHandler</a> from startup_gd32a711x_a712x.o(.text) referenced from startup_gd32a711x_a712x.o(RESET)
 <LI><a href="#[16]">DMA0_Channel1_IRQHandler</a> from startup_gd32a711x_a712x.o(.text) referenced from startup_gd32a711x_a712x.o(RESET)
 <LI><a href="#[17]">DMA0_Channel2_IRQHandler</a> from startup_gd32a711x_a712x.o(.text) referenced from startup_gd32a711x_a712x.o(RESET)
 <LI><a href="#[18]">DMA0_Channel3_IRQHandler</a> from startup_gd32a711x_a712x.o(.text) referenced from startup_gd32a711x_a712x.o(RESET)
 <LI><a href="#[19]">DMA0_Channel4_IRQHandler</a> from startup_gd32a711x_a712x.o(.text) referenced from startup_gd32a711x_a712x.o(RESET)
 <LI><a href="#[1a]">DMA0_Channel5_IRQHandler</a> from startup_gd32a711x_a712x.o(.text) referenced from startup_gd32a711x_a712x.o(RESET)
 <LI><a href="#[1b]">DMA0_Channel6_IRQHandler</a> from startup_gd32a711x_a712x.o(.text) referenced from startup_gd32a711x_a712x.o(RESET)
 <LI><a href="#[7d]">DMA0_Channel7_IRQHandler</a> from startup_gd32a711x_a712x.o(.text) referenced from startup_gd32a711x_a712x.o(RESET)
 <LI><a href="#[3a]">DMA1_Channel0_IRQHandler</a> from startup_gd32a711x_a712x.o(.text) referenced from startup_gd32a711x_a712x.o(RESET)
 <LI><a href="#[3b]">DMA1_Channel1_IRQHandler</a> from startup_gd32a711x_a712x.o(.text) referenced from startup_gd32a711x_a712x.o(RESET)
 <LI><a href="#[3c]">DMA1_Channel2_IRQHandler</a> from startup_gd32a711x_a712x.o(.text) referenced from startup_gd32a711x_a712x.o(RESET)
 <LI><a href="#[3d]">DMA1_Channel3_IRQHandler</a> from startup_gd32a711x_a712x.o(.text) referenced from startup_gd32a711x_a712x.o(RESET)
 <LI><a href="#[3e]">DMA1_Channel4_IRQHandler</a> from startup_gd32a711x_a712x.o(.text) referenced from startup_gd32a711x_a712x.o(RESET)
 <LI><a href="#[7e]">DMA1_Channel5_IRQHandler</a> from startup_gd32a711x_a712x.o(.text) referenced from startup_gd32a711x_a712x.o(RESET)
 <LI><a href="#[7f]">DMA1_Channel6_IRQHandler</a> from startup_gd32a711x_a712x.o(.text) referenced from startup_gd32a711x_a712x.o(RESET)
 <LI><a href="#[80]">DMA1_Channel7_IRQHandler</a> from startup_gd32a711x_a712x.o(.text) referenced from startup_gd32a711x_a712x.o(RESET)
 <LI><a href="#[32]">DMAMUX_OVR_IRQHandler</a> from startup_gd32a711x_a712x.o(.text) referenced from startup_gd32a711x_a712x.o(RESET)
 <LI><a href="#[1f]">DTM_CAN0_DMU_IRQHandler</a> from startup_gd32a711x_a712x.o(.text) referenced from startup_gd32a711x_a712x.o(RESET)
 <LI><a href="#[1d]">DTM_CAN0_INT0_IRQHandler</a> from startup_gd32a711x_a712x.o(.text) referenced from startup_gd32a711x_a712x.o(RESET)
 <LI><a href="#[1e]">DTM_CAN0_INT1_IRQHandler</a> from startup_gd32a711x_a712x.o(.text) referenced from startup_gd32a711x_a712x.o(RESET)
 <LI><a href="#[41]">DTM_CAN1_DMU_IRQHandler</a> from startup_gd32a711x_a712x.o(.text) referenced from startup_gd32a711x_a712x.o(RESET)
 <LI><a href="#[3f]">DTM_CAN1_INT0_IRQHandler</a> from startup_gd32a711x_a712x.o(.text) referenced from startup_gd32a711x_a712x.o(RESET)
 <LI><a href="#[40]">DTM_CAN1_INT1_IRQHandler</a> from startup_gd32a711x_a712x.o(.text) referenced from startup_gd32a711x_a712x.o(RESET)
 <LI><a href="#[53]">DTM_CAN2_DMU_IRQHandler</a> from startup_gd32a711x_a712x.o(.text) referenced from startup_gd32a711x_a712x.o(RESET)
 <LI><a href="#[59]">DTM_CAN2_INT0_IRQHandler</a> from startup_gd32a711x_a712x.o(.text) referenced from startup_gd32a711x_a712x.o(RESET)
 <LI><a href="#[5a]">DTM_CAN2_INT1_IRQHandler</a> from startup_gd32a711x_a712x.o(.text) referenced from startup_gd32a711x_a712x.o(RESET)
 <LI><a href="#[54]">DTM_CAN3_DMU_IRQHandler</a> from startup_gd32a711x_a712x.o(.text) referenced from startup_gd32a711x_a712x.o(RESET)
 <LI><a href="#[5b]">DTM_CAN3_INT0_IRQHandler</a> from startup_gd32a711x_a712x.o(.text) referenced from startup_gd32a711x_a712x.o(RESET)
 <LI><a href="#[5c]">DTM_CAN3_INT1_IRQHandler</a> from startup_gd32a711x_a712x.o(.text) referenced from startup_gd32a711x_a712x.o(RESET)
 <LI><a href="#[55]">DTM_CAN4_DMU_IRQHandler</a> from startup_gd32a711x_a712x.o(.text) referenced from startup_gd32a711x_a712x.o(RESET)
 <LI><a href="#[5d]">DTM_CAN4_INT0_IRQHandler</a> from startup_gd32a711x_a712x.o(.text) referenced from startup_gd32a711x_a712x.o(RESET)
 <LI><a href="#[5e]">DTM_CAN4_INT1_IRQHandler</a> from startup_gd32a711x_a712x.o(.text) referenced from startup_gd32a711x_a712x.o(RESET)
 <LI><a href="#[56]">DTM_CAN5_DMU_IRQHandler</a> from startup_gd32a711x_a712x.o(.text) referenced from startup_gd32a711x_a712x.o(RESET)
 <LI><a href="#[5f]">DTM_CAN5_INT0_IRQHandler</a> from startup_gd32a711x_a712x.o(.text) referenced from startup_gd32a711x_a712x.o(RESET)
 <LI><a href="#[60]">DTM_CAN5_INT1_IRQHandler</a> from startup_gd32a711x_a712x.o(.text) referenced from startup_gd32a711x_a712x.o(RESET)
 <LI><a href="#[57]">DTM_CAN6_DMU_IRQHandler</a> from startup_gd32a711x_a712x.o(.text) referenced from startup_gd32a711x_a712x.o(RESET)
 <LI><a href="#[61]">DTM_CAN6_INT0_IRQHandler</a> from startup_gd32a711x_a712x.o(.text) referenced from startup_gd32a711x_a712x.o(RESET)
 <LI><a href="#[62]">DTM_CAN6_INT1_IRQHandler</a> from startup_gd32a711x_a712x.o(.text) referenced from startup_gd32a711x_a712x.o(RESET)
 <LI><a href="#[58]">DTM_CAN7_DMU_IRQHandler</a> from startup_gd32a711x_a712x.o(.text) referenced from startup_gd32a711x_a712x.o(RESET)
 <LI><a href="#[63]">DTM_CAN7_INT0_IRQHandler</a> from startup_gd32a711x_a712x.o(.text) referenced from startup_gd32a711x_a712x.o(RESET)
 <LI><a href="#[64]">DTM_CAN7_INT1_IRQHandler</a> from startup_gd32a711x_a712x.o(.text) referenced from startup_gd32a711x_a712x.o(RESET)
 <LI><a href="#[7]">DebugMon_Handler</a> from gd32a7xx_it.o(.text.DebugMon_Handler) referenced from startup_gd32a711x_a712x.o(RESET)
 <LI><a href="#[10]">EXTI0_IRQHandler</a> from startup_gd32a711x_a712x.o(.text) referenced from startup_gd32a711x_a712x.o(RESET)
 <LI><a href="#[2b]">EXTI10_15_IRQHandler</a> from startup_gd32a711x_a712x.o(.text) referenced from startup_gd32a711x_a712x.o(RESET)
 <LI><a href="#[11]">EXTI1_IRQHandler</a> from startup_gd32a711x_a712x.o(.text) referenced from startup_gd32a711x_a712x.o(RESET)
 <LI><a href="#[12]">EXTI2_IRQHandler</a> from startup_gd32a711x_a712x.o(.text) referenced from startup_gd32a711x_a712x.o(RESET)
 <LI><a href="#[13]">EXTI3_IRQHandler</a> from startup_gd32a711x_a712x.o(.text) referenced from startup_gd32a711x_a712x.o(RESET)
 <LI><a href="#[2f]">EXTI42_101_IRQHandler</a> from startup_gd32a711x_a712x.o(.text) referenced from startup_gd32a711x_a712x.o(RESET)
 <LI><a href="#[14]">EXTI4_IRQHandler</a> from startup_gd32a711x_a712x.o(.text) referenced from startup_gd32a711x_a712x.o(RESET)
 <LI><a href="#[2c]">EXTI5_9_IRQHandler</a> from startup_gd32a711x_a712x.o(.text) referenced from startup_gd32a711x_a712x.o(RESET)
 <LI><a href="#[e]">FMC_IRQHandler</a> from startup_gd32a711x_a712x.o(.text) referenced from startup_gd32a711x_a712x.o(RESET)
 <LI><a href="#[4c]">FMU_CAT_IRQHandler</a> from startup_gd32a711x_a712x.o(.text) referenced from startup_gd32a711x_a712x.o(RESET)
 <LI><a href="#[36]">FMU_INIT_IRQHandler</a> from startup_gd32a711x_a712x.o(.text) referenced from startup_gd32a711x_a712x.o(RESET)
 <LI><a href="#[33]">FPU_WAB_IRQHandler</a> from startup_gd32a711x_a712x.o(.text) referenced from startup_gd32a711x_a712x.o(RESET)
 <LI><a href="#[97]">FWDGT_IRQHandler</a> from startup_gd32a711x_a712x.o(.text) referenced from startup_gd32a711x_a712x.o(RESET)
 <LI><a href="#[4a]">HSM_COM0_IRQHandler</a> from startup_gd32a711x_a712x.o(.text) referenced from startup_gd32a711x_a712x.o(RESET)
 <LI><a href="#[4b]">HSM_COM1_IRQHandler</a> from startup_gd32a711x_a712x.o(.text) referenced from startup_gd32a711x_a712x.o(RESET)
 <LI><a href="#[b]">HVD_LVD_IRQHandler</a> from startup_gd32a711x_a712x.o(.text) referenced from startup_gd32a711x_a712x.o(RESET)
 <LI><a href="#[2]">HardFault_Handler</a> from gd32a7xx_it.o(.text.HardFault_Handler) referenced from startup_gd32a711x_a712x.o(RESET)
 <LI><a href="#[26]">I2C0_ER_IRQHandler</a> from startup_gd32a711x_a712x.o(.text) referenced from startup_gd32a711x_a712x.o(RESET)
 <LI><a href="#[25]">I2C0_EV_IRQHandler</a> from startup_gd32a711x_a712x.o(.text) referenced from startup_gd32a711x_a712x.o(RESET)
 <LI><a href="#[28]">I2C1_ER_IRQHandler</a> from startup_gd32a711x_a712x.o(.text) referenced from startup_gd32a711x_a712x.o(RESET)
 <LI><a href="#[27]">I2C1_EV_IRQHandler</a> from startup_gd32a711x_a712x.o(.text) referenced from startup_gd32a711x_a712x.o(RESET)
 <LI><a href="#[24]">JDC_IRQHandler</a> from startup_gd32a711x_a712x.o(.text) referenced from startup_gd32a711x_a712x.o(RESET)
 <LI><a href="#[81]">LINFlexD0_IRQHandler</a> from startup_gd32a711x_a712x.o(.text) referenced from startup_gd32a711x_a712x.o(RESET)
 <LI><a href="#[82]">LINFlexD1_IRQHandler</a> from startup_gd32a711x_a712x.o(.text) referenced from startup_gd32a711x_a712x.o(RESET)
 <LI><a href="#[83]">LINFlexD2_IRQHandler</a> from startup_gd32a711x_a712x.o(.text) referenced from startup_gd32a711x_a712x.o(RESET)
 <LI><a href="#[84]">LINFlexD3_IRQHandler</a> from startup_gd32a711x_a712x.o(.text) referenced from startup_gd32a711x_a712x.o(RESET)
 <LI><a href="#[85]">LINFlexD4_IRQHandler</a> from startup_gd32a711x_a712x.o(.text) referenced from startup_gd32a711x_a712x.o(RESET)
 <LI><a href="#[86]">LINFlexD5_IRQHandler</a> from startup_gd32a711x_a712x.o(.text) referenced from startup_gd32a711x_a712x.o(RESET)
 <LI><a href="#[3]">MemManage_Handler</a> from gd32a7xx_it.o(.text.MemManage_Handler) referenced from startup_gd32a711x_a712x.o(RESET)
 <LI><a href="#[1]">NMI_Handler</a> from gd32a7xx_it.o(.text.NMI_Handler) referenced from startup_gd32a711x_a712x.o(RESET)
 <LI><a href="#[31]">PLL_LOL_DES_RESET_IRQHandler</a> from startup_gd32a711x_a712x.o(.text) referenced from startup_gd32a711x_a712x.o(RESET)
 <LI><a href="#[8]">PendSV_Handler</a> from gd32a7xx_it.o(.text.PendSV_Handler) referenced from startup_gd32a711x_a712x.o(RESET)
 <LI><a href="#[52]">QSPI_IRQHandler</a> from startup_gd32a711x_a712x.o(.text) referenced from startup_gd32a711x_a712x.o(RESET)
 <LI><a href="#[4d]">RCTL_IRQHandler</a> from startup_gd32a711x_a712x.o(.text) referenced from startup_gd32a711x_a712x.o(RESET)
 <LI><a href="#[98]">RCU_CK_FAIL_IRQHandler</a> from startup_gd32a711x_a712x.o(.text) referenced from startup_gd32a711x_a712x.o(RESET)
 <LI><a href="#[f]">RCU_IRQHandler</a> from startup_gd32a711x_a712x.o(.text) referenced from startup_gd32a711x_a712x.o(RESET)
 <LI><a href="#[c]">RTC_Alarm_IRQHandler</a> from startup_gd32a711x_a712x.o(.text) referenced from startup_gd32a711x_a712x.o(RESET)
 <LI><a href="#[d]">RTC_IRQHandler</a> from startup_gd32a711x_a712x.o(.text) referenced from startup_gd32a711x_a712x.o(RESET)
 <LI><a href="#[0]">Reset_Handler</a> from startup_gd32a711x_a712x.o(.text) referenced from startup_gd32a711x_a712x.o(RESET)
 <LI><a href="#[29]">SPI0_IRQHandler</a> from startup_gd32a711x_a712x.o(.text) referenced from startup_gd32a711x_a712x.o(RESET)
 <LI><a href="#[2a]">SPI1_IRQHandler</a> from startup_gd32a711x_a712x.o(.text) referenced from startup_gd32a711x_a712x.o(RESET)
 <LI><a href="#[4e]">SPI2_IRQHandler</a> from startup_gd32a711x_a712x.o(.text) referenced from startup_gd32a711x_a712x.o(RESET)
 <LI><a href="#[4f]">SPI3_IRQHandler</a> from startup_gd32a711x_a712x.o(.text) referenced from startup_gd32a711x_a712x.o(RESET)
 <LI><a href="#[50]">SPI4_IRQHandler</a> from startup_gd32a711x_a712x.o(.text) referenced from startup_gd32a711x_a712x.o(RESET)
 <LI><a href="#[51]">SPI5_IRQHandler</a> from startup_gd32a711x_a712x.o(.text) referenced from startup_gd32a711x_a712x.o(RESET)
 <LI><a href="#[39]">STCM_IRQHandler</a> from startup_gd32a711x_a712x.o(.text) referenced from startup_gd32a711x_a712x.o(RESET)
 <LI><a href="#[6]">SVC_Handler</a> from gd32a7xx_it.o(.text.SVC_Handler) referenced from startup_gd32a711x_a712x.o(RESET)
 <LI><a href="#[9]">SysTick_Handler</a> from gd32a7xx_it.o(.text.SysTick_Handler) referenced from startup_gd32a711x_a712x.o(RESET)
 <LI><a href="#[a5]">SystemInit</a> from system_gd32a71xx_a74xx.o(.text.SystemInit) referenced from startup_gd32a711x_a712x.o(.text)
 <LI><a href="#[2d]">TAMPER_IRQHandler</a> from startup_gd32a711x_a712x.o(.text) referenced from startup_gd32a711x_a712x.o(RESET)
 <LI><a href="#[20]">TIMER0_BRK_UP_TRG_CMT_IRQHandler</a> from startup_gd32a711x_a712x.o(.text) referenced from startup_gd32a711x_a712x.o(RESET)
 <LI><a href="#[87]">TIMER0_CC0_CC0N_IRQHandler</a> from startup_gd32a711x_a712x.o(.text) referenced from startup_gd32a711x_a712x.o(RESET)
 <LI><a href="#[88]">TIMER0_CC1_CC1N_IRQHandler</a> from startup_gd32a711x_a712x.o(.text) referenced from startup_gd32a711x_a712x.o(RESET)
 <LI><a href="#[89]">TIMER0_CC2_CC2N_IRQHandler</a> from startup_gd32a711x_a712x.o(.text) referenced from startup_gd32a711x_a712x.o(RESET)
 <LI><a href="#[8a]">TIMER0_CC3_CC3N_IRQHandler</a> from startup_gd32a711x_a712x.o(.text) referenced from startup_gd32a711x_a712x.o(RESET)
 <LI><a href="#[23]">TIMER19_BRK_UP_TRG_CMT_IRQHandler</a> from startup_gd32a711x_a712x.o(.text) referenced from startup_gd32a711x_a712x.o(RESET)
 <LI><a href="#[65]">TIMER19_CC0_CC0N_IRQHandler</a> from startup_gd32a711x_a712x.o(.text) referenced from startup_gd32a711x_a712x.o(RESET)
 <LI><a href="#[66]">TIMER19_CC1_CC1N_IRQHandler</a> from startup_gd32a711x_a712x.o(.text) referenced from startup_gd32a711x_a712x.o(RESET)
 <LI><a href="#[67]">TIMER19_CC2_CC2N_IRQHandler</a> from startup_gd32a711x_a712x.o(.text) referenced from startup_gd32a711x_a712x.o(RESET)
 <LI><a href="#[68]">TIMER19_CC3_CC3N_IRQHandler</a> from startup_gd32a711x_a712x.o(.text) referenced from startup_gd32a711x_a712x.o(RESET)
 <LI><a href="#[8f]">TIMER1_CC0_IRQHandler</a> from startup_gd32a711x_a712x.o(.text) referenced from startup_gd32a711x_a712x.o(RESET)
 <LI><a href="#[90]">TIMER1_CC1_IRQHandler</a> from startup_gd32a711x_a712x.o(.text) referenced from startup_gd32a711x_a712x.o(RESET)
 <LI><a href="#[91]">TIMER1_CC2_IRQHandler</a> from startup_gd32a711x_a712x.o(.text) referenced from startup_gd32a711x_a712x.o(RESET)
 <LI><a href="#[92]">TIMER1_CC3_IRQHandler</a> from startup_gd32a711x_a712x.o(.text) referenced from startup_gd32a711x_a712x.o(RESET)
 <LI><a href="#[22]">TIMER1_IRQHandler</a> from startup_gd32a711x_a712x.o(.text) referenced from startup_gd32a711x_a712x.o(RESET)
 <LI><a href="#[2e]">TIMER20_BRK_UP_TRG_CMT_IRQHandler</a> from startup_gd32a711x_a712x.o(.text) referenced from startup_gd32a711x_a712x.o(RESET)
 <LI><a href="#[69]">TIMER20_CC0_CC0N_IRQHandler</a> from startup_gd32a711x_a712x.o(.text) referenced from startup_gd32a711x_a712x.o(RESET)
 <LI><a href="#[6a]">TIMER20_CC1_CC1N_IRQHandler</a> from startup_gd32a711x_a712x.o(.text) referenced from startup_gd32a711x_a712x.o(RESET)
 <LI><a href="#[6b]">TIMER20_CC2_CC2N_IRQHandler</a> from startup_gd32a711x_a712x.o(.text) referenced from startup_gd32a711x_a712x.o(RESET)
 <LI><a href="#[6c]">TIMER20_CC3_CC3N_IRQHandler</a> from startup_gd32a711x_a712x.o(.text) referenced from startup_gd32a711x_a712x.o(RESET)
 <LI><a href="#[93]">TIMER2_CC0_IRQHandler</a> from startup_gd32a711x_a712x.o(.text) referenced from startup_gd32a711x_a712x.o(RESET)
 <LI><a href="#[94]">TIMER2_CC1_IRQHandler</a> from startup_gd32a711x_a712x.o(.text) referenced from startup_gd32a711x_a712x.o(RESET)
 <LI><a href="#[95]">TIMER2_CC2_IRQHandler</a> from startup_gd32a711x_a712x.o(.text) referenced from startup_gd32a711x_a712x.o(RESET)
 <LI><a href="#[96]">TIMER2_CC3_IRQHandler</a> from startup_gd32a711x_a712x.o(.text) referenced from startup_gd32a711x_a712x.o(RESET)
 <LI><a href="#[21]">TIMER2_IRQHandler</a> from startup_gd32a711x_a712x.o(.text) referenced from startup_gd32a711x_a712x.o(RESET)
 <LI><a href="#[9d]">TIMER5_CH0_UP_IRQHandler</a> from startup_gd32a711x_a712x.o(.text) referenced from startup_gd32a711x_a712x.o(RESET)
 <LI><a href="#[9e]">TIMER5_CH1_UP_IRQHandler</a> from startup_gd32a711x_a712x.o(.text) referenced from startup_gd32a711x_a712x.o(RESET)
 <LI><a href="#[9f]">TIMER5_CH2_UP_IRQHandler</a> from startup_gd32a711x_a712x.o(.text) referenced from startup_gd32a711x_a712x.o(RESET)
 <LI><a href="#[a0]">TIMER5_CH3_UP_IRQHandler</a> from startup_gd32a711x_a712x.o(.text) referenced from startup_gd32a711x_a712x.o(RESET)
 <LI><a href="#[99]">TIMER60_BRK_UP_TRG_CMT_IRQHandler</a> from startup_gd32a711x_a712x.o(.text) referenced from startup_gd32a711x_a712x.o(RESET)
 <LI><a href="#[6d]">TIMER60_CC0_CC0N_IRQHandler</a> from startup_gd32a711x_a712x.o(.text) referenced from startup_gd32a711x_a712x.o(RESET)
 <LI><a href="#[6e]">TIMER60_CC1_CC1N_IRQHandler</a> from startup_gd32a711x_a712x.o(.text) referenced from startup_gd32a711x_a712x.o(RESET)
 <LI><a href="#[6f]">TIMER60_CC2_CC2N_IRQHandler</a> from startup_gd32a711x_a712x.o(.text) referenced from startup_gd32a711x_a712x.o(RESET)
 <LI><a href="#[70]">TIMER60_CC3_CC3N_IRQHandler</a> from startup_gd32a711x_a712x.o(.text) referenced from startup_gd32a711x_a712x.o(RESET)
 <LI><a href="#[9a]">TIMER61_BRK_UP_TRG_CMT_IRQHandler</a> from startup_gd32a711x_a712x.o(.text) referenced from startup_gd32a711x_a712x.o(RESET)
 <LI><a href="#[71]">TIMER61_CC0_CC0N_IRQHandler</a> from startup_gd32a711x_a712x.o(.text) referenced from startup_gd32a711x_a712x.o(RESET)
 <LI><a href="#[72]">TIMER61_CC1_CC1N_IRQHandler</a> from startup_gd32a711x_a712x.o(.text) referenced from startup_gd32a711x_a712x.o(RESET)
 <LI><a href="#[73]">TIMER61_CC2_CC2N_IRQHandler</a> from startup_gd32a711x_a712x.o(.text) referenced from startup_gd32a711x_a712x.o(RESET)
 <LI><a href="#[74]">TIMER61_CC3_CC3N_IRQHandler</a> from startup_gd32a711x_a712x.o(.text) referenced from startup_gd32a711x_a712x.o(RESET)
 <LI><a href="#[9b]">TIMER62_BRK_UP_TRG_CMT_IRQHandler</a> from startup_gd32a711x_a712x.o(.text) referenced from startup_gd32a711x_a712x.o(RESET)
 <LI><a href="#[75]">TIMER62_CC0_CC0N_IRQHandler</a> from startup_gd32a711x_a712x.o(.text) referenced from startup_gd32a711x_a712x.o(RESET)
 <LI><a href="#[76]">TIMER62_CC1_CC1N_IRQHandler</a> from startup_gd32a711x_a712x.o(.text) referenced from startup_gd32a711x_a712x.o(RESET)
 <LI><a href="#[77]">TIMER62_CC2_CC2N_IRQHandler</a> from startup_gd32a711x_a712x.o(.text) referenced from startup_gd32a711x_a712x.o(RESET)
 <LI><a href="#[78]">TIMER62_CC3_CC3N_IRQHandler</a> from startup_gd32a711x_a712x.o(.text) referenced from startup_gd32a711x_a712x.o(RESET)
 <LI><a href="#[9c]">TIMER63_BRK_UP_TRG_CMT_IRQHandler</a> from startup_gd32a711x_a712x.o(.text) referenced from startup_gd32a711x_a712x.o(RESET)
 <LI><a href="#[79]">TIMER63_CC0_CC0N_IRQHandler</a> from startup_gd32a711x_a712x.o(.text) referenced from startup_gd32a711x_a712x.o(RESET)
 <LI><a href="#[7a]">TIMER63_CC1_CC1N_IRQHandler</a> from startup_gd32a711x_a712x.o(.text) referenced from startup_gd32a711x_a712x.o(RESET)
 <LI><a href="#[7b]">TIMER63_CC2_CC2N_IRQHandler</a> from startup_gd32a711x_a712x.o(.text) referenced from startup_gd32a711x_a712x.o(RESET)
 <LI><a href="#[7c]">TIMER63_CC3_CC3N_IRQHandler</a> from startup_gd32a711x_a712x.o(.text) referenced from startup_gd32a711x_a712x.o(RESET)
 <LI><a href="#[a1]">TIMER6_CH0_UP_IRQHandler</a> from startup_gd32a711x_a712x.o(.text) referenced from startup_gd32a711x_a712x.o(RESET)
 <LI><a href="#[a2]">TIMER6_CH1_UP_IRQHandler</a> from startup_gd32a711x_a712x.o(.text) referenced from startup_gd32a711x_a712x.o(RESET)
 <LI><a href="#[a3]">TIMER6_CH2_UP_IRQHandler</a> from startup_gd32a711x_a712x.o(.text) referenced from startup_gd32a711x_a712x.o(RESET)
 <LI><a href="#[a4]">TIMER6_CH3_UP_IRQHandler</a> from startup_gd32a711x_a712x.o(.text) referenced from startup_gd32a711x_a712x.o(RESET)
 <LI><a href="#[30]">TIMER7_BRK_UP_TRG_CMT_IRQHandler</a> from startup_gd32a711x_a712x.o(.text) referenced from startup_gd32a711x_a712x.o(RESET)
 <LI><a href="#[8b]">TIMER7_CC0_CC0N_IRQHandler</a> from startup_gd32a711x_a712x.o(.text) referenced from startup_gd32a711x_a712x.o(RESET)
 <LI><a href="#[8c]">TIMER7_CC1_CC1N_IRQHandler</a> from startup_gd32a711x_a712x.o(.text) referenced from startup_gd32a711x_a712x.o(RESET)
 <LI><a href="#[8d]">TIMER7_CC2_CC2N_IRQHandler</a> from startup_gd32a711x_a712x.o(.text) referenced from startup_gd32a711x_a712x.o(RESET)
 <LI><a href="#[8e]">TIMER7_CC3_CC3N_IRQHandler</a> from startup_gd32a711x_a712x.o(.text) referenced from startup_gd32a711x_a712x.o(RESET)
 <LI><a href="#[5]">UsageFault_Handler</a> from gd32a7xx_it.o(.text.UsageFault_Handler) referenced from startup_gd32a711x_a712x.o(RESET)
 <LI><a href="#[a]">WWDGT0_IRQHandler</a> from startup_gd32a711x_a712x.o(.text) referenced from startup_gd32a711x_a712x.o(RESET)
 <LI><a href="#[a6]">__main</a> from __main.o(!!!main) referenced from startup_gd32a711x_a712x.o(.text)
</UL>
<P>
<H3>
Global Symbols
</H3>
<P><STRONG><a name="[a6]"></a>__main</STRONG> (Thumb, 8 bytes, Stack size 0 bytes, __main.o(!!!main))
<BR><BR>[Calls]<UL><LI><a href="#[a7]">&gt;&gt;</a>&nbsp;&nbsp;&nbsp;__scatterload
<LI><a href="#[a8]">&gt;&gt;</a>&nbsp;&nbsp;&nbsp;__rt_entry
</UL>
<BR>[Address Reference Count : 1]<UL><LI> startup_gd32a711x_a712x.o(.text)
</UL>
<P><STRONG><a name="[a7]"></a>__scatterload</STRONG> (Thumb, 0 bytes, Stack size unknown bytes, __scatter.o(!!!scatter))
<BR><BR>[Called By]<UL><LI><a href="#[a6]">&gt;&gt;</a>&nbsp;&nbsp;&nbsp;__main
</UL>

<P><STRONG><a name="[a9]"></a>__scatterload_rt2</STRONG> (Thumb, 44 bytes, Stack size unknown bytes, __scatter.o(!!!scatter), UNUSED)
<BR><BR>[Calls]<UL><LI><a href="#[a8]">&gt;&gt;</a>&nbsp;&nbsp;&nbsp;__rt_entry
</UL>

<P><STRONG><a name="[c0]"></a>__scatterload_rt2_thumb_only</STRONG> (Thumb, 0 bytes, Stack size unknown bytes, __scatter.o(!!!scatter), UNUSED)

<P><STRONG><a name="[c1]"></a>__scatterload_null</STRONG> (Thumb, 0 bytes, Stack size unknown bytes, __scatter.o(!!!scatter), UNUSED)

<P><STRONG><a name="[c2]"></a>__scatterload_zeroinit</STRONG> (Thumb, 28 bytes, Stack size unknown bytes, __scatter_zi.o(!!handler_zi), UNUSED)

<P><STRONG><a name="[af]"></a>__rt_lib_init</STRONG> (Thumb, 0 bytes, Stack size unknown bytes, libinit.o(.ARM.Collect$$libinit$$00000000))
<BR><BR>[Called By]<UL><LI><a href="#[ae]">&gt;&gt;</a>&nbsp;&nbsp;&nbsp;__rt_entry_li
</UL>

<P><STRONG><a name="[aa]"></a>__rt_lib_init_fp_1</STRONG> (Thumb, 0 bytes, Stack size unknown bytes, libinit2.o(.ARM.Collect$$libinit$$00000001))
<BR><BR>[Calls]<UL><LI><a href="#[ab]">&gt;&gt;</a>&nbsp;&nbsp;&nbsp;_fp_init
</UL>

<P><STRONG><a name="[c3]"></a>__rt_lib_init_alloca_1</STRONG> (Thumb, 0 bytes, Stack size unknown bytes, libinit2.o(.ARM.Collect$$libinit$$0000002E))

<P><STRONG><a name="[c4]"></a>__rt_lib_init_argv_1</STRONG> (Thumb, 0 bytes, Stack size unknown bytes, libinit2.o(.ARM.Collect$$libinit$$0000002C))

<P><STRONG><a name="[c5]"></a>__rt_lib_init_atexit_1</STRONG> (Thumb, 0 bytes, Stack size unknown bytes, libinit2.o(.ARM.Collect$$libinit$$0000001B))

<P><STRONG><a name="[c6]"></a>__rt_lib_init_clock_1</STRONG> (Thumb, 0 bytes, Stack size unknown bytes, libinit2.o(.ARM.Collect$$libinit$$00000021))

<P><STRONG><a name="[c7]"></a>__rt_lib_init_cpp_1</STRONG> (Thumb, 0 bytes, Stack size unknown bytes, libinit2.o(.ARM.Collect$$libinit$$00000032))

<P><STRONG><a name="[c8]"></a>__rt_lib_init_exceptions_1</STRONG> (Thumb, 0 bytes, Stack size unknown bytes, libinit2.o(.ARM.Collect$$libinit$$00000030))

<P><STRONG><a name="[c9]"></a>__rt_lib_init_fp_trap_1</STRONG> (Thumb, 0 bytes, Stack size unknown bytes, libinit2.o(.ARM.Collect$$libinit$$0000001F))

<P><STRONG><a name="[ca]"></a>__rt_lib_init_getenv_1</STRONG> (Thumb, 0 bytes, Stack size unknown bytes, libinit2.o(.ARM.Collect$$libinit$$00000023))

<P><STRONG><a name="[cb]"></a>__rt_lib_init_heap_1</STRONG> (Thumb, 0 bytes, Stack size unknown bytes, libinit2.o(.ARM.Collect$$libinit$$0000000A))

<P><STRONG><a name="[cc]"></a>__rt_lib_init_lc_collate_1</STRONG> (Thumb, 0 bytes, Stack size unknown bytes, libinit2.o(.ARM.Collect$$libinit$$00000011))

<P><STRONG><a name="[cd]"></a>__rt_lib_init_lc_ctype_1</STRONG> (Thumb, 0 bytes, Stack size unknown bytes, libinit2.o(.ARM.Collect$$libinit$$00000013))

<P><STRONG><a name="[ce]"></a>__rt_lib_init_lc_monetary_1</STRONG> (Thumb, 0 bytes, Stack size unknown bytes, libinit2.o(.ARM.Collect$$libinit$$00000015))

<P><STRONG><a name="[cf]"></a>__rt_lib_init_lc_numeric_1</STRONG> (Thumb, 0 bytes, Stack size unknown bytes, libinit2.o(.ARM.Collect$$libinit$$00000017))

<P><STRONG><a name="[d0]"></a>__rt_lib_init_lc_time_1</STRONG> (Thumb, 0 bytes, Stack size unknown bytes, libinit2.o(.ARM.Collect$$libinit$$00000019))

<P><STRONG><a name="[d1]"></a>__rt_lib_init_preinit_1</STRONG> (Thumb, 0 bytes, Stack size unknown bytes, libinit2.o(.ARM.Collect$$libinit$$00000004))

<P><STRONG><a name="[d2]"></a>__rt_lib_init_rand_1</STRONG> (Thumb, 0 bytes, Stack size unknown bytes, libinit2.o(.ARM.Collect$$libinit$$0000000E))

<P><STRONG><a name="[d3]"></a>__rt_lib_init_return</STRONG> (Thumb, 0 bytes, Stack size unknown bytes, libinit2.o(.ARM.Collect$$libinit$$00000033))

<P><STRONG><a name="[d4]"></a>__rt_lib_init_signal_1</STRONG> (Thumb, 0 bytes, Stack size unknown bytes, libinit2.o(.ARM.Collect$$libinit$$0000001D))

<P><STRONG><a name="[d5]"></a>__rt_lib_init_stdio_1</STRONG> (Thumb, 0 bytes, Stack size unknown bytes, libinit2.o(.ARM.Collect$$libinit$$00000025))

<P><STRONG><a name="[d6]"></a>__rt_lib_init_user_alloc_1</STRONG> (Thumb, 0 bytes, Stack size unknown bytes, libinit2.o(.ARM.Collect$$libinit$$0000000C))

<P><STRONG><a name="[b4]"></a>__rt_lib_shutdown</STRONG> (Thumb, 0 bytes, Stack size unknown bytes, libshutdown.o(.ARM.Collect$$libshutdown$$00000000))
<BR><BR>[Called By]<UL><LI><a href="#[b3]">&gt;&gt;</a>&nbsp;&nbsp;&nbsp;__rt_exit_ls
</UL>

<P><STRONG><a name="[d7]"></a>__rt_lib_shutdown_cpp_1</STRONG> (Thumb, 0 bytes, Stack size unknown bytes, libshutdown2.o(.ARM.Collect$$libshutdown$$00000002))

<P><STRONG><a name="[d8]"></a>__rt_lib_shutdown_fp_trap_1</STRONG> (Thumb, 0 bytes, Stack size unknown bytes, libshutdown2.o(.ARM.Collect$$libshutdown$$00000007))

<P><STRONG><a name="[d9]"></a>__rt_lib_shutdown_heap_1</STRONG> (Thumb, 0 bytes, Stack size unknown bytes, libshutdown2.o(.ARM.Collect$$libshutdown$$0000000F))

<P><STRONG><a name="[da]"></a>__rt_lib_shutdown_return</STRONG> (Thumb, 0 bytes, Stack size unknown bytes, libshutdown2.o(.ARM.Collect$$libshutdown$$00000010))

<P><STRONG><a name="[db]"></a>__rt_lib_shutdown_signal_1</STRONG> (Thumb, 0 bytes, Stack size unknown bytes, libshutdown2.o(.ARM.Collect$$libshutdown$$0000000A))

<P><STRONG><a name="[dc]"></a>__rt_lib_shutdown_stdio_1</STRONG> (Thumb, 0 bytes, Stack size unknown bytes, libshutdown2.o(.ARM.Collect$$libshutdown$$00000004))

<P><STRONG><a name="[dd]"></a>__rt_lib_shutdown_user_alloc_1</STRONG> (Thumb, 0 bytes, Stack size unknown bytes, libshutdown2.o(.ARM.Collect$$libshutdown$$0000000C))

<P><STRONG><a name="[a8]"></a>__rt_entry</STRONG> (Thumb, 0 bytes, Stack size unknown bytes, __rtentry.o(.ARM.Collect$$rtentry$$00000000))
<BR><BR>[Called By]<UL><LI><a href="#[a9]">&gt;&gt;</a>&nbsp;&nbsp;&nbsp;__scatterload_rt2
<LI><a href="#[a6]">&gt;&gt;</a>&nbsp;&nbsp;&nbsp;__main
</UL>

<P><STRONG><a name="[de]"></a>__rt_entry_presh_1</STRONG> (Thumb, 0 bytes, Stack size unknown bytes, __rtentry2.o(.ARM.Collect$$rtentry$$00000002))

<P><STRONG><a name="[ac]"></a>__rt_entry_sh</STRONG> (Thumb, 0 bytes, Stack size unknown bytes, __rtentry4.o(.ARM.Collect$$rtentry$$00000004))
<BR><BR>[Stack]<UL><LI>Max Depth = 8 + Unknown Stack Size
<LI>Call Chain = __rt_entry_sh &rArr; __user_setup_stackheap
</UL>
<BR>[Calls]<UL><LI><a href="#[ad]">&gt;&gt;</a>&nbsp;&nbsp;&nbsp;__user_setup_stackheap
</UL>

<P><STRONG><a name="[ae]"></a>__rt_entry_li</STRONG> (Thumb, 0 bytes, Stack size unknown bytes, __rtentry2.o(.ARM.Collect$$rtentry$$0000000A))
<BR><BR>[Calls]<UL><LI><a href="#[af]">&gt;&gt;</a>&nbsp;&nbsp;&nbsp;__rt_lib_init
</UL>

<P><STRONG><a name="[df]"></a>__rt_entry_postsh_1</STRONG> (Thumb, 0 bytes, Stack size unknown bytes, __rtentry2.o(.ARM.Collect$$rtentry$$00000009))

<P><STRONG><a name="[b0]"></a>__rt_entry_main</STRONG> (Thumb, 0 bytes, Stack size unknown bytes, __rtentry2.o(.ARM.Collect$$rtentry$$0000000D))
<BR><BR>[Stack]<UL><LI>Max Depth = 8 + Unknown Stack Size
<LI>Call Chain = __rt_entry_main &rArr; exit
</UL>
<BR>[Calls]<UL><LI><a href="#[b1]">&gt;&gt;</a>&nbsp;&nbsp;&nbsp;main
<LI><a href="#[b2]">&gt;&gt;</a>&nbsp;&nbsp;&nbsp;exit
</UL>

<P><STRONG><a name="[e0]"></a>__rt_entry_postli_1</STRONG> (Thumb, 0 bytes, Stack size unknown bytes, __rtentry2.o(.ARM.Collect$$rtentry$$0000000C))

<P><STRONG><a name="[b9]"></a>__rt_exit</STRONG> (Thumb, 0 bytes, Stack size unknown bytes, rtexit.o(.ARM.Collect$$rtexit$$00000000))
<BR><BR>[Called By]<UL><LI><a href="#[b2]">&gt;&gt;</a>&nbsp;&nbsp;&nbsp;exit
</UL>

<P><STRONG><a name="[b3]"></a>__rt_exit_ls</STRONG> (Thumb, 0 bytes, Stack size unknown bytes, rtexit2.o(.ARM.Collect$$rtexit$$00000003))
<BR><BR>[Calls]<UL><LI><a href="#[b4]">&gt;&gt;</a>&nbsp;&nbsp;&nbsp;__rt_lib_shutdown
</UL>

<P><STRONG><a name="[e1]"></a>__rt_exit_prels_1</STRONG> (Thumb, 0 bytes, Stack size unknown bytes, rtexit2.o(.ARM.Collect$$rtexit$$00000002))

<P><STRONG><a name="[b5]"></a>__rt_exit_exit</STRONG> (Thumb, 0 bytes, Stack size unknown bytes, rtexit2.o(.ARM.Collect$$rtexit$$00000004))
<BR><BR>[Calls]<UL><LI><a href="#[b6]">&gt;&gt;</a>&nbsp;&nbsp;&nbsp;_sys_exit
</UL>

<P><STRONG><a name="[0]"></a>Reset_Handler</STRONG> (Thumb, 66 bytes, Stack size 0 bytes, startup_gd32a711x_a712x.o(.text))
<BR>[Address Reference Count : 1]<UL><LI> startup_gd32a711x_a712x.o(RESET)
</UL>
<P><STRONG><a name="[1c]"></a>ADC0_IRQHandler</STRONG> (Thumb, 0 bytes, Stack size 0 bytes, startup_gd32a711x_a712x.o(.text))
<BR><BR>[Calls]<UL><LI><a href="#[1c]">&gt;&gt;</a>&nbsp;&nbsp;&nbsp;ADC0_IRQHandler
</UL>
<BR>[Called By]<UL><LI><a href="#[1c]">&gt;&gt;</a>&nbsp;&nbsp;&nbsp;ADC0_IRQHandler
</UL>
<BR>[Address Reference Count : 1]<UL><LI> startup_gd32a711x_a712x.o(RESET)
</UL>
<P><STRONG><a name="[37]"></a>ADC1_IRQHandler</STRONG> (Thumb, 0 bytes, Stack size 0 bytes, startup_gd32a711x_a712x.o(.text))
<BR>[Address Reference Count : 1]<UL><LI> startup_gd32a711x_a712x.o(RESET)
</UL>
<P><STRONG><a name="[44]"></a>CAN0_ECCERR_IRQHandler</STRONG> (Thumb, 0 bytes, Stack size 0 bytes, startup_gd32a711x_a712x.o(.text))
<BR>[Address Reference Count : 1]<UL><LI> startup_gd32a711x_a712x.o(RESET)
</UL>
<P><STRONG><a name="[45]"></a>CAN1_ECCERR_IRQHandler</STRONG> (Thumb, 0 bytes, Stack size 0 bytes, startup_gd32a711x_a712x.o(.text))
<BR>[Address Reference Count : 1]<UL><LI> startup_gd32a711x_a712x.o(RESET)
</UL>
<P><STRONG><a name="[46]"></a>CAN2_ECCERR_IRQHandler</STRONG> (Thumb, 0 bytes, Stack size 0 bytes, startup_gd32a711x_a712x.o(.text))
<BR>[Address Reference Count : 1]<UL><LI> startup_gd32a711x_a712x.o(RESET)
</UL>
<P><STRONG><a name="[34]"></a>CMP0_EXTI_IRQHandler</STRONG> (Thumb, 0 bytes, Stack size 0 bytes, startup_gd32a711x_a712x.o(.text))
<BR>[Address Reference Count : 1]<UL><LI> startup_gd32a711x_a712x.o(RESET)
</UL>
<P><STRONG><a name="[47]"></a>CMP0_IRQHandler</STRONG> (Thumb, 0 bytes, Stack size 0 bytes, startup_gd32a711x_a712x.o(.text))
<BR>[Address Reference Count : 1]<UL><LI> startup_gd32a711x_a712x.o(RESET)
</UL>
<P><STRONG><a name="[35]"></a>CMP1_EXTI_IRQHandler</STRONG> (Thumb, 0 bytes, Stack size 0 bytes, startup_gd32a711x_a712x.o(.text))
<BR>[Address Reference Count : 1]<UL><LI> startup_gd32a711x_a712x.o(RESET)
</UL>
<P><STRONG><a name="[48]"></a>CMP1_IRQHandler</STRONG> (Thumb, 0 bytes, Stack size 0 bytes, startup_gd32a711x_a712x.o(.text))
<BR>[Address Reference Count : 1]<UL><LI> startup_gd32a711x_a712x.o(RESET)
</UL>
<P><STRONG><a name="[42]"></a>CTI0_IRQHandler</STRONG> (Thumb, 0 bytes, Stack size 0 bytes, startup_gd32a711x_a712x.o(.text))
<BR>[Address Reference Count : 1]<UL><LI> startup_gd32a711x_a712x.o(RESET)
</UL>
<P><STRONG><a name="[43]"></a>CTI1_IRQHandler</STRONG> (Thumb, 0 bytes, Stack size 0 bytes, startup_gd32a711x_a712x.o(.text))
<BR>[Address Reference Count : 1]<UL><LI> startup_gd32a711x_a712x.o(RESET)
</UL>
<P><STRONG><a name="[38]"></a>DAC0_IRQHandler</STRONG> (Thumb, 0 bytes, Stack size 0 bytes, startup_gd32a711x_a712x.o(.text))
<BR>[Address Reference Count : 1]<UL><LI> startup_gd32a711x_a712x.o(RESET)
</UL>
<P><STRONG><a name="[49]"></a>DAC1_IRQHandler</STRONG> (Thumb, 0 bytes, Stack size 0 bytes, startup_gd32a711x_a712x.o(.text))
<BR>[Address Reference Count : 1]<UL><LI> startup_gd32a711x_a712x.o(RESET)
</UL>
<P><STRONG><a name="[15]"></a>DMA0_Channel0_IRQHandler</STRONG> (Thumb, 0 bytes, Stack size 0 bytes, startup_gd32a711x_a712x.o(.text))
<BR>[Address Reference Count : 1]<UL><LI> startup_gd32a711x_a712x.o(RESET)
</UL>
<P><STRONG><a name="[16]"></a>DMA0_Channel1_IRQHandler</STRONG> (Thumb, 0 bytes, Stack size 0 bytes, startup_gd32a711x_a712x.o(.text))
<BR>[Address Reference Count : 1]<UL><LI> startup_gd32a711x_a712x.o(RESET)
</UL>
<P><STRONG><a name="[17]"></a>DMA0_Channel2_IRQHandler</STRONG> (Thumb, 0 bytes, Stack size 0 bytes, startup_gd32a711x_a712x.o(.text))
<BR>[Address Reference Count : 1]<UL><LI> startup_gd32a711x_a712x.o(RESET)
</UL>
<P><STRONG><a name="[18]"></a>DMA0_Channel3_IRQHandler</STRONG> (Thumb, 0 bytes, Stack size 0 bytes, startup_gd32a711x_a712x.o(.text))
<BR>[Address Reference Count : 1]<UL><LI> startup_gd32a711x_a712x.o(RESET)
</UL>
<P><STRONG><a name="[19]"></a>DMA0_Channel4_IRQHandler</STRONG> (Thumb, 0 bytes, Stack size 0 bytes, startup_gd32a711x_a712x.o(.text))
<BR>[Address Reference Count : 1]<UL><LI> startup_gd32a711x_a712x.o(RESET)
</UL>
<P><STRONG><a name="[1a]"></a>DMA0_Channel5_IRQHandler</STRONG> (Thumb, 0 bytes, Stack size 0 bytes, startup_gd32a711x_a712x.o(.text))
<BR>[Address Reference Count : 1]<UL><LI> startup_gd32a711x_a712x.o(RESET)
</UL>
<P><STRONG><a name="[1b]"></a>DMA0_Channel6_IRQHandler</STRONG> (Thumb, 0 bytes, Stack size 0 bytes, startup_gd32a711x_a712x.o(.text))
<BR>[Address Reference Count : 1]<UL><LI> startup_gd32a711x_a712x.o(RESET)
</UL>
<P><STRONG><a name="[7d]"></a>DMA0_Channel7_IRQHandler</STRONG> (Thumb, 0 bytes, Stack size 0 bytes, startup_gd32a711x_a712x.o(.text))
<BR>[Address Reference Count : 1]<UL><LI> startup_gd32a711x_a712x.o(RESET)
</UL>
<P><STRONG><a name="[3a]"></a>DMA1_Channel0_IRQHandler</STRONG> (Thumb, 0 bytes, Stack size 0 bytes, startup_gd32a711x_a712x.o(.text))
<BR>[Address Reference Count : 1]<UL><LI> startup_gd32a711x_a712x.o(RESET)
</UL>
<P><STRONG><a name="[3b]"></a>DMA1_Channel1_IRQHandler</STRONG> (Thumb, 0 bytes, Stack size 0 bytes, startup_gd32a711x_a712x.o(.text))
<BR>[Address Reference Count : 1]<UL><LI> startup_gd32a711x_a712x.o(RESET)
</UL>
<P><STRONG><a name="[3c]"></a>DMA1_Channel2_IRQHandler</STRONG> (Thumb, 0 bytes, Stack size 0 bytes, startup_gd32a711x_a712x.o(.text))
<BR>[Address Reference Count : 1]<UL><LI> startup_gd32a711x_a712x.o(RESET)
</UL>
<P><STRONG><a name="[3d]"></a>DMA1_Channel3_IRQHandler</STRONG> (Thumb, 0 bytes, Stack size 0 bytes, startup_gd32a711x_a712x.o(.text))
<BR>[Address Reference Count : 1]<UL><LI> startup_gd32a711x_a712x.o(RESET)
</UL>
<P><STRONG><a name="[3e]"></a>DMA1_Channel4_IRQHandler</STRONG> (Thumb, 0 bytes, Stack size 0 bytes, startup_gd32a711x_a712x.o(.text))
<BR>[Address Reference Count : 1]<UL><LI> startup_gd32a711x_a712x.o(RESET)
</UL>
<P><STRONG><a name="[7e]"></a>DMA1_Channel5_IRQHandler</STRONG> (Thumb, 0 bytes, Stack size 0 bytes, startup_gd32a711x_a712x.o(.text))
<BR>[Address Reference Count : 1]<UL><LI> startup_gd32a711x_a712x.o(RESET)
</UL>
<P><STRONG><a name="[7f]"></a>DMA1_Channel6_IRQHandler</STRONG> (Thumb, 0 bytes, Stack size 0 bytes, startup_gd32a711x_a712x.o(.text))
<BR>[Address Reference Count : 1]<UL><LI> startup_gd32a711x_a712x.o(RESET)
</UL>
<P><STRONG><a name="[80]"></a>DMA1_Channel7_IRQHandler</STRONG> (Thumb, 0 bytes, Stack size 0 bytes, startup_gd32a711x_a712x.o(.text))
<BR>[Address Reference Count : 1]<UL><LI> startup_gd32a711x_a712x.o(RESET)
</UL>
<P><STRONG><a name="[32]"></a>DMAMUX_OVR_IRQHandler</STRONG> (Thumb, 0 bytes, Stack size 0 bytes, startup_gd32a711x_a712x.o(.text))
<BR>[Address Reference Count : 1]<UL><LI> startup_gd32a711x_a712x.o(RESET)
</UL>
<P><STRONG><a name="[1f]"></a>DTM_CAN0_DMU_IRQHandler</STRONG> (Thumb, 0 bytes, Stack size 0 bytes, startup_gd32a711x_a712x.o(.text))
<BR>[Address Reference Count : 1]<UL><LI> startup_gd32a711x_a712x.o(RESET)
</UL>
<P><STRONG><a name="[1d]"></a>DTM_CAN0_INT0_IRQHandler</STRONG> (Thumb, 0 bytes, Stack size 0 bytes, startup_gd32a711x_a712x.o(.text))
<BR>[Address Reference Count : 1]<UL><LI> startup_gd32a711x_a712x.o(RESET)
</UL>
<P><STRONG><a name="[1e]"></a>DTM_CAN0_INT1_IRQHandler</STRONG> (Thumb, 0 bytes, Stack size 0 bytes, startup_gd32a711x_a712x.o(.text))
<BR>[Address Reference Count : 1]<UL><LI> startup_gd32a711x_a712x.o(RESET)
</UL>
<P><STRONG><a name="[41]"></a>DTM_CAN1_DMU_IRQHandler</STRONG> (Thumb, 0 bytes, Stack size 0 bytes, startup_gd32a711x_a712x.o(.text))
<BR>[Address Reference Count : 1]<UL><LI> startup_gd32a711x_a712x.o(RESET)
</UL>
<P><STRONG><a name="[3f]"></a>DTM_CAN1_INT0_IRQHandler</STRONG> (Thumb, 0 bytes, Stack size 0 bytes, startup_gd32a711x_a712x.o(.text))
<BR>[Address Reference Count : 1]<UL><LI> startup_gd32a711x_a712x.o(RESET)
</UL>
<P><STRONG><a name="[40]"></a>DTM_CAN1_INT1_IRQHandler</STRONG> (Thumb, 0 bytes, Stack size 0 bytes, startup_gd32a711x_a712x.o(.text))
<BR>[Address Reference Count : 1]<UL><LI> startup_gd32a711x_a712x.o(RESET)
</UL>
<P><STRONG><a name="[53]"></a>DTM_CAN2_DMU_IRQHandler</STRONG> (Thumb, 0 bytes, Stack size 0 bytes, startup_gd32a711x_a712x.o(.text))
<BR>[Address Reference Count : 1]<UL><LI> startup_gd32a711x_a712x.o(RESET)
</UL>
<P><STRONG><a name="[59]"></a>DTM_CAN2_INT0_IRQHandler</STRONG> (Thumb, 0 bytes, Stack size 0 bytes, startup_gd32a711x_a712x.o(.text))
<BR>[Address Reference Count : 1]<UL><LI> startup_gd32a711x_a712x.o(RESET)
</UL>
<P><STRONG><a name="[5a]"></a>DTM_CAN2_INT1_IRQHandler</STRONG> (Thumb, 0 bytes, Stack size 0 bytes, startup_gd32a711x_a712x.o(.text))
<BR>[Address Reference Count : 1]<UL><LI> startup_gd32a711x_a712x.o(RESET)
</UL>
<P><STRONG><a name="[54]"></a>DTM_CAN3_DMU_IRQHandler</STRONG> (Thumb, 0 bytes, Stack size 0 bytes, startup_gd32a711x_a712x.o(.text))
<BR>[Address Reference Count : 1]<UL><LI> startup_gd32a711x_a712x.o(RESET)
</UL>
<P><STRONG><a name="[5b]"></a>DTM_CAN3_INT0_IRQHandler</STRONG> (Thumb, 0 bytes, Stack size 0 bytes, startup_gd32a711x_a712x.o(.text))
<BR>[Address Reference Count : 1]<UL><LI> startup_gd32a711x_a712x.o(RESET)
</UL>
<P><STRONG><a name="[5c]"></a>DTM_CAN3_INT1_IRQHandler</STRONG> (Thumb, 0 bytes, Stack size 0 bytes, startup_gd32a711x_a712x.o(.text))
<BR>[Address Reference Count : 1]<UL><LI> startup_gd32a711x_a712x.o(RESET)
</UL>
<P><STRONG><a name="[55]"></a>DTM_CAN4_DMU_IRQHandler</STRONG> (Thumb, 0 bytes, Stack size 0 bytes, startup_gd32a711x_a712x.o(.text))
<BR>[Address Reference Count : 1]<UL><LI> startup_gd32a711x_a712x.o(RESET)
</UL>
<P><STRONG><a name="[5d]"></a>DTM_CAN4_INT0_IRQHandler</STRONG> (Thumb, 0 bytes, Stack size 0 bytes, startup_gd32a711x_a712x.o(.text))
<BR>[Address Reference Count : 1]<UL><LI> startup_gd32a711x_a712x.o(RESET)
</UL>
<P><STRONG><a name="[5e]"></a>DTM_CAN4_INT1_IRQHandler</STRONG> (Thumb, 0 bytes, Stack size 0 bytes, startup_gd32a711x_a712x.o(.text))
<BR>[Address Reference Count : 1]<UL><LI> startup_gd32a711x_a712x.o(RESET)
</UL>
<P><STRONG><a name="[56]"></a>DTM_CAN5_DMU_IRQHandler</STRONG> (Thumb, 0 bytes, Stack size 0 bytes, startup_gd32a711x_a712x.o(.text))
<BR>[Address Reference Count : 1]<UL><LI> startup_gd32a711x_a712x.o(RESET)
</UL>
<P><STRONG><a name="[5f]"></a>DTM_CAN5_INT0_IRQHandler</STRONG> (Thumb, 0 bytes, Stack size 0 bytes, startup_gd32a711x_a712x.o(.text))
<BR>[Address Reference Count : 1]<UL><LI> startup_gd32a711x_a712x.o(RESET)
</UL>
<P><STRONG><a name="[60]"></a>DTM_CAN5_INT1_IRQHandler</STRONG> (Thumb, 0 bytes, Stack size 0 bytes, startup_gd32a711x_a712x.o(.text))
<BR>[Address Reference Count : 1]<UL><LI> startup_gd32a711x_a712x.o(RESET)
</UL>
<P><STRONG><a name="[57]"></a>DTM_CAN6_DMU_IRQHandler</STRONG> (Thumb, 0 bytes, Stack size 0 bytes, startup_gd32a711x_a712x.o(.text))
<BR>[Address Reference Count : 1]<UL><LI> startup_gd32a711x_a712x.o(RESET)
</UL>
<P><STRONG><a name="[61]"></a>DTM_CAN6_INT0_IRQHandler</STRONG> (Thumb, 0 bytes, Stack size 0 bytes, startup_gd32a711x_a712x.o(.text))
<BR>[Address Reference Count : 1]<UL><LI> startup_gd32a711x_a712x.o(RESET)
</UL>
<P><STRONG><a name="[62]"></a>DTM_CAN6_INT1_IRQHandler</STRONG> (Thumb, 0 bytes, Stack size 0 bytes, startup_gd32a711x_a712x.o(.text))
<BR>[Address Reference Count : 1]<UL><LI> startup_gd32a711x_a712x.o(RESET)
</UL>
<P><STRONG><a name="[58]"></a>DTM_CAN7_DMU_IRQHandler</STRONG> (Thumb, 0 bytes, Stack size 0 bytes, startup_gd32a711x_a712x.o(.text))
<BR>[Address Reference Count : 1]<UL><LI> startup_gd32a711x_a712x.o(RESET)
</UL>
<P><STRONG><a name="[63]"></a>DTM_CAN7_INT0_IRQHandler</STRONG> (Thumb, 0 bytes, Stack size 0 bytes, startup_gd32a711x_a712x.o(.text))
<BR>[Address Reference Count : 1]<UL><LI> startup_gd32a711x_a712x.o(RESET)
</UL>
<P><STRONG><a name="[64]"></a>DTM_CAN7_INT1_IRQHandler</STRONG> (Thumb, 0 bytes, Stack size 0 bytes, startup_gd32a711x_a712x.o(.text))
<BR>[Address Reference Count : 1]<UL><LI> startup_gd32a711x_a712x.o(RESET)
</UL>
<P><STRONG><a name="[10]"></a>EXTI0_IRQHandler</STRONG> (Thumb, 0 bytes, Stack size 0 bytes, startup_gd32a711x_a712x.o(.text))
<BR>[Address Reference Count : 1]<UL><LI> startup_gd32a711x_a712x.o(RESET)
</UL>
<P><STRONG><a name="[2b]"></a>EXTI10_15_IRQHandler</STRONG> (Thumb, 0 bytes, Stack size 0 bytes, startup_gd32a711x_a712x.o(.text))
<BR>[Address Reference Count : 1]<UL><LI> startup_gd32a711x_a712x.o(RESET)
</UL>
<P><STRONG><a name="[11]"></a>EXTI1_IRQHandler</STRONG> (Thumb, 0 bytes, Stack size 0 bytes, startup_gd32a711x_a712x.o(.text))
<BR>[Address Reference Count : 1]<UL><LI> startup_gd32a711x_a712x.o(RESET)
</UL>
<P><STRONG><a name="[12]"></a>EXTI2_IRQHandler</STRONG> (Thumb, 0 bytes, Stack size 0 bytes, startup_gd32a711x_a712x.o(.text))
<BR>[Address Reference Count : 1]<UL><LI> startup_gd32a711x_a712x.o(RESET)
</UL>
<P><STRONG><a name="[13]"></a>EXTI3_IRQHandler</STRONG> (Thumb, 0 bytes, Stack size 0 bytes, startup_gd32a711x_a712x.o(.text))
<BR>[Address Reference Count : 1]<UL><LI> startup_gd32a711x_a712x.o(RESET)
</UL>
<P><STRONG><a name="[2f]"></a>EXTI42_101_IRQHandler</STRONG> (Thumb, 0 bytes, Stack size 0 bytes, startup_gd32a711x_a712x.o(.text))
<BR>[Address Reference Count : 1]<UL><LI> startup_gd32a711x_a712x.o(RESET)
</UL>
<P><STRONG><a name="[14]"></a>EXTI4_IRQHandler</STRONG> (Thumb, 0 bytes, Stack size 0 bytes, startup_gd32a711x_a712x.o(.text))
<BR>[Address Reference Count : 1]<UL><LI> startup_gd32a711x_a712x.o(RESET)
</UL>
<P><STRONG><a name="[2c]"></a>EXTI5_9_IRQHandler</STRONG> (Thumb, 0 bytes, Stack size 0 bytes, startup_gd32a711x_a712x.o(.text))
<BR>[Address Reference Count : 1]<UL><LI> startup_gd32a711x_a712x.o(RESET)
</UL>
<P><STRONG><a name="[e]"></a>FMC_IRQHandler</STRONG> (Thumb, 0 bytes, Stack size 0 bytes, startup_gd32a711x_a712x.o(.text))
<BR>[Address Reference Count : 1]<UL><LI> startup_gd32a711x_a712x.o(RESET)
</UL>
<P><STRONG><a name="[4c]"></a>FMU_CAT_IRQHandler</STRONG> (Thumb, 0 bytes, Stack size 0 bytes, startup_gd32a711x_a712x.o(.text))
<BR>[Address Reference Count : 1]<UL><LI> startup_gd32a711x_a712x.o(RESET)
</UL>
<P><STRONG><a name="[36]"></a>FMU_INIT_IRQHandler</STRONG> (Thumb, 0 bytes, Stack size 0 bytes, startup_gd32a711x_a712x.o(.text))
<BR>[Address Reference Count : 1]<UL><LI> startup_gd32a711x_a712x.o(RESET)
</UL>
<P><STRONG><a name="[33]"></a>FPU_WAB_IRQHandler</STRONG> (Thumb, 0 bytes, Stack size 0 bytes, startup_gd32a711x_a712x.o(.text))
<BR>[Address Reference Count : 1]<UL><LI> startup_gd32a711x_a712x.o(RESET)
</UL>
<P><STRONG><a name="[97]"></a>FWDGT_IRQHandler</STRONG> (Thumb, 0 bytes, Stack size 0 bytes, startup_gd32a711x_a712x.o(.text))
<BR>[Address Reference Count : 1]<UL><LI> startup_gd32a711x_a712x.o(RESET)
</UL>
<P><STRONG><a name="[4a]"></a>HSM_COM0_IRQHandler</STRONG> (Thumb, 0 bytes, Stack size 0 bytes, startup_gd32a711x_a712x.o(.text))
<BR>[Address Reference Count : 1]<UL><LI> startup_gd32a711x_a712x.o(RESET)
</UL>
<P><STRONG><a name="[4b]"></a>HSM_COM1_IRQHandler</STRONG> (Thumb, 0 bytes, Stack size 0 bytes, startup_gd32a711x_a712x.o(.text))
<BR>[Address Reference Count : 1]<UL><LI> startup_gd32a711x_a712x.o(RESET)
</UL>
<P><STRONG><a name="[b]"></a>HVD_LVD_IRQHandler</STRONG> (Thumb, 0 bytes, Stack size 0 bytes, startup_gd32a711x_a712x.o(.text))
<BR>[Address Reference Count : 1]<UL><LI> startup_gd32a711x_a712x.o(RESET)
</UL>
<P><STRONG><a name="[26]"></a>I2C0_ER_IRQHandler</STRONG> (Thumb, 0 bytes, Stack size 0 bytes, startup_gd32a711x_a712x.o(.text))
<BR>[Address Reference Count : 1]<UL><LI> startup_gd32a711x_a712x.o(RESET)
</UL>
<P><STRONG><a name="[25]"></a>I2C0_EV_IRQHandler</STRONG> (Thumb, 0 bytes, Stack size 0 bytes, startup_gd32a711x_a712x.o(.text))
<BR>[Address Reference Count : 1]<UL><LI> startup_gd32a711x_a712x.o(RESET)
</UL>
<P><STRONG><a name="[28]"></a>I2C1_ER_IRQHandler</STRONG> (Thumb, 0 bytes, Stack size 0 bytes, startup_gd32a711x_a712x.o(.text))
<BR>[Address Reference Count : 1]<UL><LI> startup_gd32a711x_a712x.o(RESET)
</UL>
<P><STRONG><a name="[27]"></a>I2C1_EV_IRQHandler</STRONG> (Thumb, 0 bytes, Stack size 0 bytes, startup_gd32a711x_a712x.o(.text))
<BR>[Address Reference Count : 1]<UL><LI> startup_gd32a711x_a712x.o(RESET)
</UL>
<P><STRONG><a name="[24]"></a>JDC_IRQHandler</STRONG> (Thumb, 0 bytes, Stack size 0 bytes, startup_gd32a711x_a712x.o(.text))
<BR>[Address Reference Count : 1]<UL><LI> startup_gd32a711x_a712x.o(RESET)
</UL>
<P><STRONG><a name="[81]"></a>LINFlexD0_IRQHandler</STRONG> (Thumb, 0 bytes, Stack size 0 bytes, startup_gd32a711x_a712x.o(.text))
<BR>[Address Reference Count : 1]<UL><LI> startup_gd32a711x_a712x.o(RESET)
</UL>
<P><STRONG><a name="[82]"></a>LINFlexD1_IRQHandler</STRONG> (Thumb, 0 bytes, Stack size 0 bytes, startup_gd32a711x_a712x.o(.text))
<BR>[Address Reference Count : 1]<UL><LI> startup_gd32a711x_a712x.o(RESET)
</UL>
<P><STRONG><a name="[83]"></a>LINFlexD2_IRQHandler</STRONG> (Thumb, 0 bytes, Stack size 0 bytes, startup_gd32a711x_a712x.o(.text))
<BR>[Address Reference Count : 1]<UL><LI> startup_gd32a711x_a712x.o(RESET)
</UL>
<P><STRONG><a name="[84]"></a>LINFlexD3_IRQHandler</STRONG> (Thumb, 0 bytes, Stack size 0 bytes, startup_gd32a711x_a712x.o(.text))
<BR>[Address Reference Count : 1]<UL><LI> startup_gd32a711x_a712x.o(RESET)
</UL>
<P><STRONG><a name="[85]"></a>LINFlexD4_IRQHandler</STRONG> (Thumb, 0 bytes, Stack size 0 bytes, startup_gd32a711x_a712x.o(.text))
<BR>[Address Reference Count : 1]<UL><LI> startup_gd32a711x_a712x.o(RESET)
</UL>
<P><STRONG><a name="[86]"></a>LINFlexD5_IRQHandler</STRONG> (Thumb, 0 bytes, Stack size 0 bytes, startup_gd32a711x_a712x.o(.text))
<BR>[Address Reference Count : 1]<UL><LI> startup_gd32a711x_a712x.o(RESET)
</UL>
<P><STRONG><a name="[31]"></a>PLL_LOL_DES_RESET_IRQHandler</STRONG> (Thumb, 0 bytes, Stack size 0 bytes, startup_gd32a711x_a712x.o(.text))
<BR>[Address Reference Count : 1]<UL><LI> startup_gd32a711x_a712x.o(RESET)
</UL>
<P><STRONG><a name="[52]"></a>QSPI_IRQHandler</STRONG> (Thumb, 0 bytes, Stack size 0 bytes, startup_gd32a711x_a712x.o(.text))
<BR>[Address Reference Count : 1]<UL><LI> startup_gd32a711x_a712x.o(RESET)
</UL>
<P><STRONG><a name="[4d]"></a>RCTL_IRQHandler</STRONG> (Thumb, 0 bytes, Stack size 0 bytes, startup_gd32a711x_a712x.o(.text))
<BR>[Address Reference Count : 1]<UL><LI> startup_gd32a711x_a712x.o(RESET)
</UL>
<P><STRONG><a name="[98]"></a>RCU_CK_FAIL_IRQHandler</STRONG> (Thumb, 0 bytes, Stack size 0 bytes, startup_gd32a711x_a712x.o(.text))
<BR>[Address Reference Count : 1]<UL><LI> startup_gd32a711x_a712x.o(RESET)
</UL>
<P><STRONG><a name="[f]"></a>RCU_IRQHandler</STRONG> (Thumb, 0 bytes, Stack size 0 bytes, startup_gd32a711x_a712x.o(.text))
<BR>[Address Reference Count : 1]<UL><LI> startup_gd32a711x_a712x.o(RESET)
</UL>
<P><STRONG><a name="[c]"></a>RTC_Alarm_IRQHandler</STRONG> (Thumb, 0 bytes, Stack size 0 bytes, startup_gd32a711x_a712x.o(.text))
<BR>[Address Reference Count : 1]<UL><LI> startup_gd32a711x_a712x.o(RESET)
</UL>
<P><STRONG><a name="[d]"></a>RTC_IRQHandler</STRONG> (Thumb, 0 bytes, Stack size 0 bytes, startup_gd32a711x_a712x.o(.text))
<BR>[Address Reference Count : 1]<UL><LI> startup_gd32a711x_a712x.o(RESET)
</UL>
<P><STRONG><a name="[29]"></a>SPI0_IRQHandler</STRONG> (Thumb, 0 bytes, Stack size 0 bytes, startup_gd32a711x_a712x.o(.text))
<BR>[Address Reference Count : 1]<UL><LI> startup_gd32a711x_a712x.o(RESET)
</UL>
<P><STRONG><a name="[2a]"></a>SPI1_IRQHandler</STRONG> (Thumb, 0 bytes, Stack size 0 bytes, startup_gd32a711x_a712x.o(.text))
<BR>[Address Reference Count : 1]<UL><LI> startup_gd32a711x_a712x.o(RESET)
</UL>
<P><STRONG><a name="[4e]"></a>SPI2_IRQHandler</STRONG> (Thumb, 0 bytes, Stack size 0 bytes, startup_gd32a711x_a712x.o(.text))
<BR>[Address Reference Count : 1]<UL><LI> startup_gd32a711x_a712x.o(RESET)
</UL>
<P><STRONG><a name="[4f]"></a>SPI3_IRQHandler</STRONG> (Thumb, 0 bytes, Stack size 0 bytes, startup_gd32a711x_a712x.o(.text))
<BR>[Address Reference Count : 1]<UL><LI> startup_gd32a711x_a712x.o(RESET)
</UL>
<P><STRONG><a name="[50]"></a>SPI4_IRQHandler</STRONG> (Thumb, 0 bytes, Stack size 0 bytes, startup_gd32a711x_a712x.o(.text))
<BR>[Address Reference Count : 1]<UL><LI> startup_gd32a711x_a712x.o(RESET)
</UL>
<P><STRONG><a name="[51]"></a>SPI5_IRQHandler</STRONG> (Thumb, 0 bytes, Stack size 0 bytes, startup_gd32a711x_a712x.o(.text))
<BR>[Address Reference Count : 1]<UL><LI> startup_gd32a711x_a712x.o(RESET)
</UL>
<P><STRONG><a name="[39]"></a>STCM_IRQHandler</STRONG> (Thumb, 0 bytes, Stack size 0 bytes, startup_gd32a711x_a712x.o(.text))
<BR>[Address Reference Count : 1]<UL><LI> startup_gd32a711x_a712x.o(RESET)
</UL>
<P><STRONG><a name="[2d]"></a>TAMPER_IRQHandler</STRONG> (Thumb, 0 bytes, Stack size 0 bytes, startup_gd32a711x_a712x.o(.text))
<BR>[Address Reference Count : 1]<UL><LI> startup_gd32a711x_a712x.o(RESET)
</UL>
<P><STRONG><a name="[20]"></a>TIMER0_BRK_UP_TRG_CMT_IRQHandler</STRONG> (Thumb, 0 bytes, Stack size 0 bytes, startup_gd32a711x_a712x.o(.text))
<BR>[Address Reference Count : 1]<UL><LI> startup_gd32a711x_a712x.o(RESET)
</UL>
<P><STRONG><a name="[87]"></a>TIMER0_CC0_CC0N_IRQHandler</STRONG> (Thumb, 0 bytes, Stack size 0 bytes, startup_gd32a711x_a712x.o(.text))
<BR>[Address Reference Count : 1]<UL><LI> startup_gd32a711x_a712x.o(RESET)
</UL>
<P><STRONG><a name="[88]"></a>TIMER0_CC1_CC1N_IRQHandler</STRONG> (Thumb, 0 bytes, Stack size 0 bytes, startup_gd32a711x_a712x.o(.text))
<BR>[Address Reference Count : 1]<UL><LI> startup_gd32a711x_a712x.o(RESET)
</UL>
<P><STRONG><a name="[89]"></a>TIMER0_CC2_CC2N_IRQHandler</STRONG> (Thumb, 0 bytes, Stack size 0 bytes, startup_gd32a711x_a712x.o(.text))
<BR>[Address Reference Count : 1]<UL><LI> startup_gd32a711x_a712x.o(RESET)
</UL>
<P><STRONG><a name="[8a]"></a>TIMER0_CC3_CC3N_IRQHandler</STRONG> (Thumb, 0 bytes, Stack size 0 bytes, startup_gd32a711x_a712x.o(.text))
<BR>[Address Reference Count : 1]<UL><LI> startup_gd32a711x_a712x.o(RESET)
</UL>
<P><STRONG><a name="[23]"></a>TIMER19_BRK_UP_TRG_CMT_IRQHandler</STRONG> (Thumb, 0 bytes, Stack size 0 bytes, startup_gd32a711x_a712x.o(.text))
<BR>[Address Reference Count : 1]<UL><LI> startup_gd32a711x_a712x.o(RESET)
</UL>
<P><STRONG><a name="[65]"></a>TIMER19_CC0_CC0N_IRQHandler</STRONG> (Thumb, 0 bytes, Stack size 0 bytes, startup_gd32a711x_a712x.o(.text))
<BR>[Address Reference Count : 1]<UL><LI> startup_gd32a711x_a712x.o(RESET)
</UL>
<P><STRONG><a name="[66]"></a>TIMER19_CC1_CC1N_IRQHandler</STRONG> (Thumb, 0 bytes, Stack size 0 bytes, startup_gd32a711x_a712x.o(.text))
<BR>[Address Reference Count : 1]<UL><LI> startup_gd32a711x_a712x.o(RESET)
</UL>
<P><STRONG><a name="[67]"></a>TIMER19_CC2_CC2N_IRQHandler</STRONG> (Thumb, 0 bytes, Stack size 0 bytes, startup_gd32a711x_a712x.o(.text))
<BR>[Address Reference Count : 1]<UL><LI> startup_gd32a711x_a712x.o(RESET)
</UL>
<P><STRONG><a name="[68]"></a>TIMER19_CC3_CC3N_IRQHandler</STRONG> (Thumb, 0 bytes, Stack size 0 bytes, startup_gd32a711x_a712x.o(.text))
<BR>[Address Reference Count : 1]<UL><LI> startup_gd32a711x_a712x.o(RESET)
</UL>
<P><STRONG><a name="[8f]"></a>TIMER1_CC0_IRQHandler</STRONG> (Thumb, 0 bytes, Stack size 0 bytes, startup_gd32a711x_a712x.o(.text))
<BR>[Address Reference Count : 1]<UL><LI> startup_gd32a711x_a712x.o(RESET)
</UL>
<P><STRONG><a name="[90]"></a>TIMER1_CC1_IRQHandler</STRONG> (Thumb, 0 bytes, Stack size 0 bytes, startup_gd32a711x_a712x.o(.text))
<BR>[Address Reference Count : 1]<UL><LI> startup_gd32a711x_a712x.o(RESET)
</UL>
<P><STRONG><a name="[91]"></a>TIMER1_CC2_IRQHandler</STRONG> (Thumb, 0 bytes, Stack size 0 bytes, startup_gd32a711x_a712x.o(.text))
<BR>[Address Reference Count : 1]<UL><LI> startup_gd32a711x_a712x.o(RESET)
</UL>
<P><STRONG><a name="[92]"></a>TIMER1_CC3_IRQHandler</STRONG> (Thumb, 0 bytes, Stack size 0 bytes, startup_gd32a711x_a712x.o(.text))
<BR>[Address Reference Count : 1]<UL><LI> startup_gd32a711x_a712x.o(RESET)
</UL>
<P><STRONG><a name="[22]"></a>TIMER1_IRQHandler</STRONG> (Thumb, 0 bytes, Stack size 0 bytes, startup_gd32a711x_a712x.o(.text))
<BR>[Address Reference Count : 1]<UL><LI> startup_gd32a711x_a712x.o(RESET)
</UL>
<P><STRONG><a name="[2e]"></a>TIMER20_BRK_UP_TRG_CMT_IRQHandler</STRONG> (Thumb, 0 bytes, Stack size 0 bytes, startup_gd32a711x_a712x.o(.text))
<BR>[Address Reference Count : 1]<UL><LI> startup_gd32a711x_a712x.o(RESET)
</UL>
<P><STRONG><a name="[69]"></a>TIMER20_CC0_CC0N_IRQHandler</STRONG> (Thumb, 0 bytes, Stack size 0 bytes, startup_gd32a711x_a712x.o(.text))
<BR>[Address Reference Count : 1]<UL><LI> startup_gd32a711x_a712x.o(RESET)
</UL>
<P><STRONG><a name="[6a]"></a>TIMER20_CC1_CC1N_IRQHandler</STRONG> (Thumb, 0 bytes, Stack size 0 bytes, startup_gd32a711x_a712x.o(.text))
<BR>[Address Reference Count : 1]<UL><LI> startup_gd32a711x_a712x.o(RESET)
</UL>
<P><STRONG><a name="[6b]"></a>TIMER20_CC2_CC2N_IRQHandler</STRONG> (Thumb, 0 bytes, Stack size 0 bytes, startup_gd32a711x_a712x.o(.text))
<BR>[Address Reference Count : 1]<UL><LI> startup_gd32a711x_a712x.o(RESET)
</UL>
<P><STRONG><a name="[6c]"></a>TIMER20_CC3_CC3N_IRQHandler</STRONG> (Thumb, 0 bytes, Stack size 0 bytes, startup_gd32a711x_a712x.o(.text))
<BR>[Address Reference Count : 1]<UL><LI> startup_gd32a711x_a712x.o(RESET)
</UL>
<P><STRONG><a name="[93]"></a>TIMER2_CC0_IRQHandler</STRONG> (Thumb, 0 bytes, Stack size 0 bytes, startup_gd32a711x_a712x.o(.text))
<BR>[Address Reference Count : 1]<UL><LI> startup_gd32a711x_a712x.o(RESET)
</UL>
<P><STRONG><a name="[94]"></a>TIMER2_CC1_IRQHandler</STRONG> (Thumb, 0 bytes, Stack size 0 bytes, startup_gd32a711x_a712x.o(.text))
<BR>[Address Reference Count : 1]<UL><LI> startup_gd32a711x_a712x.o(RESET)
</UL>
<P><STRONG><a name="[95]"></a>TIMER2_CC2_IRQHandler</STRONG> (Thumb, 0 bytes, Stack size 0 bytes, startup_gd32a711x_a712x.o(.text))
<BR>[Address Reference Count : 1]<UL><LI> startup_gd32a711x_a712x.o(RESET)
</UL>
<P><STRONG><a name="[96]"></a>TIMER2_CC3_IRQHandler</STRONG> (Thumb, 0 bytes, Stack size 0 bytes, startup_gd32a711x_a712x.o(.text))
<BR>[Address Reference Count : 1]<UL><LI> startup_gd32a711x_a712x.o(RESET)
</UL>
<P><STRONG><a name="[21]"></a>TIMER2_IRQHandler</STRONG> (Thumb, 0 bytes, Stack size 0 bytes, startup_gd32a711x_a712x.o(.text))
<BR>[Address Reference Count : 1]<UL><LI> startup_gd32a711x_a712x.o(RESET)
</UL>
<P><STRONG><a name="[9d]"></a>TIMER5_CH0_UP_IRQHandler</STRONG> (Thumb, 0 bytes, Stack size 0 bytes, startup_gd32a711x_a712x.o(.text))
<BR>[Address Reference Count : 1]<UL><LI> startup_gd32a711x_a712x.o(RESET)
</UL>
<P><STRONG><a name="[9e]"></a>TIMER5_CH1_UP_IRQHandler</STRONG> (Thumb, 0 bytes, Stack size 0 bytes, startup_gd32a711x_a712x.o(.text))
<BR>[Address Reference Count : 1]<UL><LI> startup_gd32a711x_a712x.o(RESET)
</UL>
<P><STRONG><a name="[9f]"></a>TIMER5_CH2_UP_IRQHandler</STRONG> (Thumb, 0 bytes, Stack size 0 bytes, startup_gd32a711x_a712x.o(.text))
<BR>[Address Reference Count : 1]<UL><LI> startup_gd32a711x_a712x.o(RESET)
</UL>
<P><STRONG><a name="[a0]"></a>TIMER5_CH3_UP_IRQHandler</STRONG> (Thumb, 0 bytes, Stack size 0 bytes, startup_gd32a711x_a712x.o(.text))
<BR>[Address Reference Count : 1]<UL><LI> startup_gd32a711x_a712x.o(RESET)
</UL>
<P><STRONG><a name="[99]"></a>TIMER60_BRK_UP_TRG_CMT_IRQHandler</STRONG> (Thumb, 0 bytes, Stack size 0 bytes, startup_gd32a711x_a712x.o(.text))
<BR>[Address Reference Count : 1]<UL><LI> startup_gd32a711x_a712x.o(RESET)
</UL>
<P><STRONG><a name="[6d]"></a>TIMER60_CC0_CC0N_IRQHandler</STRONG> (Thumb, 0 bytes, Stack size 0 bytes, startup_gd32a711x_a712x.o(.text))
<BR>[Address Reference Count : 1]<UL><LI> startup_gd32a711x_a712x.o(RESET)
</UL>
<P><STRONG><a name="[6e]"></a>TIMER60_CC1_CC1N_IRQHandler</STRONG> (Thumb, 0 bytes, Stack size 0 bytes, startup_gd32a711x_a712x.o(.text))
<BR>[Address Reference Count : 1]<UL><LI> startup_gd32a711x_a712x.o(RESET)
</UL>
<P><STRONG><a name="[6f]"></a>TIMER60_CC2_CC2N_IRQHandler</STRONG> (Thumb, 0 bytes, Stack size 0 bytes, startup_gd32a711x_a712x.o(.text))
<BR>[Address Reference Count : 1]<UL><LI> startup_gd32a711x_a712x.o(RESET)
</UL>
<P><STRONG><a name="[70]"></a>TIMER60_CC3_CC3N_IRQHandler</STRONG> (Thumb, 0 bytes, Stack size 0 bytes, startup_gd32a711x_a712x.o(.text))
<BR>[Address Reference Count : 1]<UL><LI> startup_gd32a711x_a712x.o(RESET)
</UL>
<P><STRONG><a name="[9a]"></a>TIMER61_BRK_UP_TRG_CMT_IRQHandler</STRONG> (Thumb, 0 bytes, Stack size 0 bytes, startup_gd32a711x_a712x.o(.text))
<BR>[Address Reference Count : 1]<UL><LI> startup_gd32a711x_a712x.o(RESET)
</UL>
<P><STRONG><a name="[71]"></a>TIMER61_CC0_CC0N_IRQHandler</STRONG> (Thumb, 0 bytes, Stack size 0 bytes, startup_gd32a711x_a712x.o(.text))
<BR>[Address Reference Count : 1]<UL><LI> startup_gd32a711x_a712x.o(RESET)
</UL>
<P><STRONG><a name="[72]"></a>TIMER61_CC1_CC1N_IRQHandler</STRONG> (Thumb, 0 bytes, Stack size 0 bytes, startup_gd32a711x_a712x.o(.text))
<BR>[Address Reference Count : 1]<UL><LI> startup_gd32a711x_a712x.o(RESET)
</UL>
<P><STRONG><a name="[73]"></a>TIMER61_CC2_CC2N_IRQHandler</STRONG> (Thumb, 0 bytes, Stack size 0 bytes, startup_gd32a711x_a712x.o(.text))
<BR>[Address Reference Count : 1]<UL><LI> startup_gd32a711x_a712x.o(RESET)
</UL>
<P><STRONG><a name="[74]"></a>TIMER61_CC3_CC3N_IRQHandler</STRONG> (Thumb, 0 bytes, Stack size 0 bytes, startup_gd32a711x_a712x.o(.text))
<BR>[Address Reference Count : 1]<UL><LI> startup_gd32a711x_a712x.o(RESET)
</UL>
<P><STRONG><a name="[9b]"></a>TIMER62_BRK_UP_TRG_CMT_IRQHandler</STRONG> (Thumb, 0 bytes, Stack size 0 bytes, startup_gd32a711x_a712x.o(.text))
<BR>[Address Reference Count : 1]<UL><LI> startup_gd32a711x_a712x.o(RESET)
</UL>
<P><STRONG><a name="[75]"></a>TIMER62_CC0_CC0N_IRQHandler</STRONG> (Thumb, 0 bytes, Stack size 0 bytes, startup_gd32a711x_a712x.o(.text))
<BR>[Address Reference Count : 1]<UL><LI> startup_gd32a711x_a712x.o(RESET)
</UL>
<P><STRONG><a name="[76]"></a>TIMER62_CC1_CC1N_IRQHandler</STRONG> (Thumb, 0 bytes, Stack size 0 bytes, startup_gd32a711x_a712x.o(.text))
<BR>[Address Reference Count : 1]<UL><LI> startup_gd32a711x_a712x.o(RESET)
</UL>
<P><STRONG><a name="[77]"></a>TIMER62_CC2_CC2N_IRQHandler</STRONG> (Thumb, 0 bytes, Stack size 0 bytes, startup_gd32a711x_a712x.o(.text))
<BR>[Address Reference Count : 1]<UL><LI> startup_gd32a711x_a712x.o(RESET)
</UL>
<P><STRONG><a name="[78]"></a>TIMER62_CC3_CC3N_IRQHandler</STRONG> (Thumb, 0 bytes, Stack size 0 bytes, startup_gd32a711x_a712x.o(.text))
<BR>[Address Reference Count : 1]<UL><LI> startup_gd32a711x_a712x.o(RESET)
</UL>
<P><STRONG><a name="[9c]"></a>TIMER63_BRK_UP_TRG_CMT_IRQHandler</STRONG> (Thumb, 0 bytes, Stack size 0 bytes, startup_gd32a711x_a712x.o(.text))
<BR>[Address Reference Count : 1]<UL><LI> startup_gd32a711x_a712x.o(RESET)
</UL>
<P><STRONG><a name="[79]"></a>TIMER63_CC0_CC0N_IRQHandler</STRONG> (Thumb, 0 bytes, Stack size 0 bytes, startup_gd32a711x_a712x.o(.text))
<BR>[Address Reference Count : 1]<UL><LI> startup_gd32a711x_a712x.o(RESET)
</UL>
<P><STRONG><a name="[7a]"></a>TIMER63_CC1_CC1N_IRQHandler</STRONG> (Thumb, 0 bytes, Stack size 0 bytes, startup_gd32a711x_a712x.o(.text))
<BR>[Address Reference Count : 1]<UL><LI> startup_gd32a711x_a712x.o(RESET)
</UL>
<P><STRONG><a name="[7b]"></a>TIMER63_CC2_CC2N_IRQHandler</STRONG> (Thumb, 0 bytes, Stack size 0 bytes, startup_gd32a711x_a712x.o(.text))
<BR>[Address Reference Count : 1]<UL><LI> startup_gd32a711x_a712x.o(RESET)
</UL>
<P><STRONG><a name="[7c]"></a>TIMER63_CC3_CC3N_IRQHandler</STRONG> (Thumb, 0 bytes, Stack size 0 bytes, startup_gd32a711x_a712x.o(.text))
<BR>[Address Reference Count : 1]<UL><LI> startup_gd32a711x_a712x.o(RESET)
</UL>
<P><STRONG><a name="[a1]"></a>TIMER6_CH0_UP_IRQHandler</STRONG> (Thumb, 0 bytes, Stack size 0 bytes, startup_gd32a711x_a712x.o(.text))
<BR>[Address Reference Count : 1]<UL><LI> startup_gd32a711x_a712x.o(RESET)
</UL>
<P><STRONG><a name="[a2]"></a>TIMER6_CH1_UP_IRQHandler</STRONG> (Thumb, 0 bytes, Stack size 0 bytes, startup_gd32a711x_a712x.o(.text))
<BR>[Address Reference Count : 1]<UL><LI> startup_gd32a711x_a712x.o(RESET)
</UL>
<P><STRONG><a name="[a3]"></a>TIMER6_CH2_UP_IRQHandler</STRONG> (Thumb, 0 bytes, Stack size 0 bytes, startup_gd32a711x_a712x.o(.text))
<BR>[Address Reference Count : 1]<UL><LI> startup_gd32a711x_a712x.o(RESET)
</UL>
<P><STRONG><a name="[a4]"></a>TIMER6_CH3_UP_IRQHandler</STRONG> (Thumb, 0 bytes, Stack size 0 bytes, startup_gd32a711x_a712x.o(.text))
<BR>[Address Reference Count : 1]<UL><LI> startup_gd32a711x_a712x.o(RESET)
</UL>
<P><STRONG><a name="[30]"></a>TIMER7_BRK_UP_TRG_CMT_IRQHandler</STRONG> (Thumb, 0 bytes, Stack size 0 bytes, startup_gd32a711x_a712x.o(.text))
<BR>[Address Reference Count : 1]<UL><LI> startup_gd32a711x_a712x.o(RESET)
</UL>
<P><STRONG><a name="[8b]"></a>TIMER7_CC0_CC0N_IRQHandler</STRONG> (Thumb, 0 bytes, Stack size 0 bytes, startup_gd32a711x_a712x.o(.text))
<BR>[Address Reference Count : 1]<UL><LI> startup_gd32a711x_a712x.o(RESET)
</UL>
<P><STRONG><a name="[8c]"></a>TIMER7_CC1_CC1N_IRQHandler</STRONG> (Thumb, 0 bytes, Stack size 0 bytes, startup_gd32a711x_a712x.o(.text))
<BR>[Address Reference Count : 1]<UL><LI> startup_gd32a711x_a712x.o(RESET)
</UL>
<P><STRONG><a name="[8d]"></a>TIMER7_CC2_CC2N_IRQHandler</STRONG> (Thumb, 0 bytes, Stack size 0 bytes, startup_gd32a711x_a712x.o(.text))
<BR>[Address Reference Count : 1]<UL><LI> startup_gd32a711x_a712x.o(RESET)
</UL>
<P><STRONG><a name="[8e]"></a>TIMER7_CC3_CC3N_IRQHandler</STRONG> (Thumb, 0 bytes, Stack size 0 bytes, startup_gd32a711x_a712x.o(.text))
<BR>[Address Reference Count : 1]<UL><LI> startup_gd32a711x_a712x.o(RESET)
</UL>
<P><STRONG><a name="[a]"></a>WWDGT0_IRQHandler</STRONG> (Thumb, 0 bytes, Stack size 0 bytes, startup_gd32a711x_a712x.o(.text))
<BR>[Address Reference Count : 1]<UL><LI> startup_gd32a711x_a712x.o(RESET)
</UL>
<P><STRONG><a name="[b8]"></a>__user_initial_stackheap</STRONG> (Thumb, 10 bytes, Stack size 0 bytes, startup_gd32a711x_a712x.o(.text))
<BR><BR>[Called By]<UL><LI><a href="#[ad]">&gt;&gt;</a>&nbsp;&nbsp;&nbsp;__user_setup_stackheap
</UL>

<P><STRONG><a name="[e2]"></a>__use_two_region_memory</STRONG> (Thumb, 2 bytes, Stack size 0 bytes, heapauxi.o(.text), UNUSED)

<P><STRONG><a name="[e3]"></a>__rt_heap_escrow$2region</STRONG> (Thumb, 2 bytes, Stack size 0 bytes, heapauxi.o(.text), UNUSED)

<P><STRONG><a name="[e4]"></a>__rt_heap_expand$2region</STRONG> (Thumb, 2 bytes, Stack size 0 bytes, heapauxi.o(.text), UNUSED)

<P><STRONG><a name="[ad]"></a>__user_setup_stackheap</STRONG> (Thumb, 74 bytes, Stack size 8 bytes, sys_stackheap_outer.o(.text))
<BR><BR>[Stack]<UL><LI>Max Depth = 8<LI>Call Chain = __user_setup_stackheap
</UL>
<BR>[Calls]<UL><LI><a href="#[b8]">&gt;&gt;</a>&nbsp;&nbsp;&nbsp;__user_initial_stackheap
<LI><a href="#[b7]">&gt;&gt;</a>&nbsp;&nbsp;&nbsp;__user_perproc_libspace
</UL>
<BR>[Called By]<UL><LI><a href="#[ac]">&gt;&gt;</a>&nbsp;&nbsp;&nbsp;__rt_entry_sh
</UL>

<P><STRONG><a name="[b2]"></a>exit</STRONG> (Thumb, 18 bytes, Stack size 8 bytes, exit.o(.text))
<BR><BR>[Stack]<UL><LI>Max Depth = 8 + Unknown Stack Size
<LI>Call Chain = exit
</UL>
<BR>[Calls]<UL><LI><a href="#[b9]">&gt;&gt;</a>&nbsp;&nbsp;&nbsp;__rt_exit
</UL>
<BR>[Called By]<UL><LI><a href="#[b0]">&gt;&gt;</a>&nbsp;&nbsp;&nbsp;__rt_entry_main
</UL>

<P><STRONG><a name="[e5]"></a>__user_libspace</STRONG> (Thumb, 8 bytes, Stack size 0 bytes, libspace.o(.text), UNUSED)

<P><STRONG><a name="[b7]"></a>__user_perproc_libspace</STRONG> (Thumb, 0 bytes, Stack size 0 bytes, libspace.o(.text))
<BR><BR>[Called By]<UL><LI><a href="#[ad]">&gt;&gt;</a>&nbsp;&nbsp;&nbsp;__user_setup_stackheap
</UL>

<P><STRONG><a name="[e6]"></a>__user_perthread_libspace</STRONG> (Thumb, 0 bytes, Stack size 0 bytes, libspace.o(.text), UNUSED)

<P><STRONG><a name="[b6]"></a>_sys_exit</STRONG> (Thumb, 8 bytes, Stack size 0 bytes, sys_exit.o(.text))
<BR><BR>[Called By]<UL><LI><a href="#[b5]">&gt;&gt;</a>&nbsp;&nbsp;&nbsp;__rt_exit_exit
</UL>

<P><STRONG><a name="[e7]"></a>__I$use$semihosting</STRONG> (Thumb, 0 bytes, Stack size 0 bytes, use_no_semi.o(.text), UNUSED)

<P><STRONG><a name="[e8]"></a>__use_no_semihosting_swi</STRONG> (Thumb, 2 bytes, Stack size 0 bytes, use_no_semi.o(.text), UNUSED)

<P><STRONG><a name="[e9]"></a>__semihosting_library_function</STRONG> (Thumb, 0 bytes, Stack size unknown bytes, indicate_semi.o(.text), UNUSED)

<P><STRONG><a name="[4]"></a>BusFault_Handler</STRONG> (Thumb, 2 bytes, Stack size 0 bytes, gd32a7xx_it.o(.text.BusFault_Handler))
<BR><BR>[Calls]<UL><LI><a href="#[4]">&gt;&gt;</a>&nbsp;&nbsp;&nbsp;BusFault_Handler
</UL>
<BR>[Called By]<UL><LI><a href="#[4]">&gt;&gt;</a>&nbsp;&nbsp;&nbsp;BusFault_Handler
</UL>
<BR>[Address Reference Count : 1]<UL><LI> startup_gd32a711x_a712x.o(RESET)
</UL>
<P><STRONG><a name="[7]"></a>DebugMon_Handler</STRONG> (Thumb, 2 bytes, Stack size 0 bytes, gd32a7xx_it.o(.text.DebugMon_Handler))
<BR><BR>[Calls]<UL><LI><a href="#[7]">&gt;&gt;</a>&nbsp;&nbsp;&nbsp;DebugMon_Handler
</UL>
<BR>[Called By]<UL><LI><a href="#[7]">&gt;&gt;</a>&nbsp;&nbsp;&nbsp;DebugMon_Handler
</UL>
<BR>[Address Reference Count : 1]<UL><LI> startup_gd32a711x_a712x.o(RESET)
</UL>
<P><STRONG><a name="[2]"></a>HardFault_Handler</STRONG> (Thumb, 2 bytes, Stack size 0 bytes, gd32a7xx_it.o(.text.HardFault_Handler))
<BR><BR>[Calls]<UL><LI><a href="#[2]">&gt;&gt;</a>&nbsp;&nbsp;&nbsp;HardFault_Handler
</UL>
<BR>[Called By]<UL><LI><a href="#[2]">&gt;&gt;</a>&nbsp;&nbsp;&nbsp;HardFault_Handler
</UL>
<BR>[Address Reference Count : 1]<UL><LI> startup_gd32a711x_a712x.o(RESET)
</UL>
<P><STRONG><a name="[3]"></a>MemManage_Handler</STRONG> (Thumb, 2 bytes, Stack size 0 bytes, gd32a7xx_it.o(.text.MemManage_Handler))
<BR><BR>[Calls]<UL><LI><a href="#[3]">&gt;&gt;</a>&nbsp;&nbsp;&nbsp;MemManage_Handler
</UL>
<BR>[Called By]<UL><LI><a href="#[3]">&gt;&gt;</a>&nbsp;&nbsp;&nbsp;MemManage_Handler
</UL>
<BR>[Address Reference Count : 1]<UL><LI> startup_gd32a711x_a712x.o(RESET)
</UL>
<P><STRONG><a name="[1]"></a>NMI_Handler</STRONG> (Thumb, 2 bytes, Stack size 0 bytes, gd32a7xx_it.o(.text.NMI_Handler))
<BR><BR>[Calls]<UL><LI><a href="#[1]">&gt;&gt;</a>&nbsp;&nbsp;&nbsp;NMI_Handler
</UL>
<BR>[Called By]<UL><LI><a href="#[1]">&gt;&gt;</a>&nbsp;&nbsp;&nbsp;NMI_Handler
</UL>
<BR>[Address Reference Count : 1]<UL><LI> startup_gd32a711x_a712x.o(RESET)
</UL>
<P><STRONG><a name="[8]"></a>PendSV_Handler</STRONG> (Thumb, 2 bytes, Stack size 0 bytes, gd32a7xx_it.o(.text.PendSV_Handler))
<BR><BR>[Calls]<UL><LI><a href="#[8]">&gt;&gt;</a>&nbsp;&nbsp;&nbsp;PendSV_Handler
</UL>
<BR>[Called By]<UL><LI><a href="#[8]">&gt;&gt;</a>&nbsp;&nbsp;&nbsp;PendSV_Handler
</UL>
<BR>[Address Reference Count : 1]<UL><LI> startup_gd32a711x_a712x.o(RESET)
</UL>
<P><STRONG><a name="[6]"></a>SVC_Handler</STRONG> (Thumb, 2 bytes, Stack size 0 bytes, gd32a7xx_it.o(.text.SVC_Handler))
<BR><BR>[Calls]<UL><LI><a href="#[6]">&gt;&gt;</a>&nbsp;&nbsp;&nbsp;SVC_Handler
</UL>
<BR>[Called By]<UL><LI><a href="#[6]">&gt;&gt;</a>&nbsp;&nbsp;&nbsp;SVC_Handler
</UL>
<BR>[Address Reference Count : 1]<UL><LI> startup_gd32a711x_a712x.o(RESET)
</UL>
<P><STRONG><a name="[9]"></a>SysTick_Handler</STRONG> (Thumb, 12 bytes, Stack size 8 bytes, gd32a7xx_it.o(.text.SysTick_Handler))
<BR><BR>[Stack]<UL><LI>Max Depth = 8<LI>Call Chain = SysTick_Handler
</UL>
<BR>[Calls]<UL><LI><a href="#[bb]">&gt;&gt;</a>&nbsp;&nbsp;&nbsp;delay_decrement
<LI><a href="#[ba]">&gt;&gt;</a>&nbsp;&nbsp;&nbsp;led_spark
</UL>
<BR>[Address Reference Count : 1]<UL><LI> startup_gd32a711x_a712x.o(RESET)
</UL>
<P><STRONG><a name="[a5]"></a>SystemInit</STRONG> (Thumb, 190 bytes, Stack size 8 bytes, system_gd32a71xx_a74xx.o(.text.SystemInit))
<BR><BR>[Stack]<UL><LI>Max Depth = 20<LI>Call Chain = SystemInit &rArr; system_clock_config &rArr; system_clock_160M_pll_hxtal
</UL>
<BR>[Calls]<UL><LI><a href="#[be]">&gt;&gt;</a>&nbsp;&nbsp;&nbsp;nvic_vector_table_set
<LI><a href="#[bd]">&gt;&gt;</a>&nbsp;&nbsp;&nbsp;system_clock_config
<LI><a href="#[bc]">&gt;&gt;</a>&nbsp;&nbsp;&nbsp;_delay
</UL>
<BR>[Address Reference Count : 1]<UL><LI> startup_gd32a711x_a712x.o(.text)
</UL>
<P><STRONG><a name="[5]"></a>UsageFault_Handler</STRONG> (Thumb, 2 bytes, Stack size 0 bytes, gd32a7xx_it.o(.text.UsageFault_Handler))
<BR><BR>[Calls]<UL><LI><a href="#[5]">&gt;&gt;</a>&nbsp;&nbsp;&nbsp;UsageFault_Handler
</UL>
<BR>[Called By]<UL><LI><a href="#[5]">&gt;&gt;</a>&nbsp;&nbsp;&nbsp;UsageFault_Handler
</UL>
<BR>[Address Reference Count : 1]<UL><LI> startup_gd32a711x_a712x.o(RESET)
</UL>
<P><STRONG><a name="[bb]"></a>delay_decrement</STRONG> (Thumb, 24 bytes, Stack size 0 bytes, systick.o(.text.delay_decrement))
<BR><BR>[Called By]<UL><LI><a href="#[9]">&gt;&gt;</a>&nbsp;&nbsp;&nbsp;SysTick_Handler
</UL>

<P><STRONG><a name="[ba]"></a>led_spark</STRONG> (Thumb, 2 bytes, Stack size 0 bytes, main.o(.text.led_spark))
<BR><BR>[Called By]<UL><LI><a href="#[9]">&gt;&gt;</a>&nbsp;&nbsp;&nbsp;SysTick_Handler
</UL>

<P><STRONG><a name="[b1]"></a>main</STRONG> (Thumb, 2 bytes, Stack size 0 bytes, main.o(.text.main))
<BR><BR>[Calls]<UL><LI><a href="#[b1]">&gt;&gt;</a>&nbsp;&nbsp;&nbsp;main
</UL>
<BR>[Called By]<UL><LI><a href="#[b1]">&gt;&gt;</a>&nbsp;&nbsp;&nbsp;main
<LI><a href="#[b0]">&gt;&gt;</a>&nbsp;&nbsp;&nbsp;__rt_entry_main
</UL>

<P><STRONG><a name="[be]"></a>nvic_vector_table_set</STRONG> (Thumb, 28 bytes, Stack size 0 bytes, gd32a7xx_misc.o(.text.nvic_vector_table_set))
<BR><BR>[Called By]<UL><LI><a href="#[a5]">&gt;&gt;</a>&nbsp;&nbsp;&nbsp;SystemInit
</UL>

<P><STRONG><a name="[ab]"></a>_fp_init</STRONG> (Thumb, 26 bytes, Stack size 0 bytes, fpinit.o(x$fpl$fpinit))
<BR><BR>[Called By]<UL><LI><a href="#[aa]">&gt;&gt;</a>&nbsp;&nbsp;&nbsp;__rt_lib_init_fp_1
</UL>

<P><STRONG><a name="[ea]"></a>__fplib_config_fpu_vfp</STRONG> (Thumb, 0 bytes, Stack size unknown bytes, fpinit.o(x$fpl$fpinit), UNUSED)

<P><STRONG><a name="[eb]"></a>__fplib_config_pureend_doubles</STRONG> (Thumb, 0 bytes, Stack size unknown bytes, fpinit.o(x$fpl$fpinit), UNUSED)
<P>
<H3>
Local Symbols
</H3>
<P><STRONG><a name="[bc]"></a>_delay</STRONG> (Thumb, 24 bytes, Stack size 4 bytes, system_gd32a71xx_a74xx.o(.text._delay))
<BR><BR>[Stack]<UL><LI>Max Depth = 4<LI>Call Chain = _delay
</UL>
<BR>[Called By]<UL><LI><a href="#[a5]">&gt;&gt;</a>&nbsp;&nbsp;&nbsp;SystemInit
</UL>

<P><STRONG><a name="[bf]"></a>system_clock_160M_pll_hxtal</STRONG> (Thumb, 218 bytes, Stack size 4 bytes, system_gd32a71xx_a74xx.o(.text.system_clock_160M_pll_hxtal))
<BR><BR>[Stack]<UL><LI>Max Depth = 4<LI>Call Chain = system_clock_160M_pll_hxtal
</UL>
<BR>[Called By]<UL><LI><a href="#[bd]">&gt;&gt;</a>&nbsp;&nbsp;&nbsp;system_clock_config
</UL>

<P><STRONG><a name="[bd]"></a>system_clock_config</STRONG> (Thumb, 8 bytes, Stack size 8 bytes, system_gd32a71xx_a74xx.o(.text.system_clock_config))
<BR><BR>[Stack]<UL><LI>Max Depth = 12<LI>Call Chain = system_clock_config &rArr; system_clock_160M_pll_hxtal
</UL>
<BR>[Calls]<UL><LI><a href="#[bf]">&gt;&gt;</a>&nbsp;&nbsp;&nbsp;system_clock_160M_pll_hxtal
</UL>
<BR>[Called By]<UL><LI><a href="#[a5]">&gt;&gt;</a>&nbsp;&nbsp;&nbsp;SystemInit
</UL>
<P>
<H3>
Undefined Global Symbols
</H3><HR></body></html>
