<html>
<body>
<pre>
<h1>µVision Build Log</h1>
<h2>Tool Versions:</h2>
IDE-Version: ¦ÌVision V5.34.0.0
Copyright (C) 2021 ARM Ltd and ARM Germany GmbH. All rights reserved.
License Information: 1 1, 1, LIC=9WSKC-7P2K9-CXJU6-DYFHY-SH4EB-NP8EW
 
Tool Versions:
Toolchain:       MDK-ARM Plus  Version: 5.34.0.0
Toolchain Path:  C:\Keil_v5\ARM\ARMCLANG\Bin
C Compiler:      ArmClang.exe V6.16
Assembler:       Armasm.exe V6.16
Linker/Locator:  ArmLink.exe V6.16
Library Manager: ArmAr.exe V6.16
Hex Converter:   FromElf.exe V6.16
CPU DLL:         SARMCM3.DLL V5.34.0.0
Dialog DLL:      DCM.DLL V1.17.3.0
Target DLL:      Segger\JL2CM3.dll V2.99.38.0
Dialog DLL:      TCM.DLL V1.48.0.0
 
<h2>Project:</h2>
F:\ys\data_files\mcu_project\gd32\new_template\mdk\gd32a7_singlecore_template.uvprojx
Project File Date:  05/09/2026

<h2>Output:</h2>
*** Using Compiler 'V6.16', folder: 'C:\Keil_v5\ARM\ARMCLANG\Bin'
Rebuild target 'GD32A711x_A712x_M7_0'
compiling gd32a7xx_err_report.c...
compiling gd32a7xx_bkp.c...
compiling gd32a7xx_it.c...
compiling gd32a7xx_busim.c...
compiling system_gd32a71xx_a74xx.c...
compiling systick.c...
compiling main.c...
compiling gd32a7xx_adc.c...
compiling gd32a7xx_cltcfg.c...
compiling gd32a7xx_can.c...
compiling gd32a7xx_crc.c...
compiling gd32a7xx_cmp.c...
compiling gd32a7xx_dac.c...
compiling gd32a7xx_exti.c...
compiling gd32a7xx_dbg.c...
compiling gd32a7xx_dma.c...
compiling gd32a7xx_extmpu.c...
compiling gd32a7xx_fmc.c...
compiling gd32a7xx_fwdgt.c...
compiling gd32a7xx_gdap.c...
compiling gd32a7xx_gpio.c...
compiling gd32a7xx_fmu.c...
compiling gd32a7xx_hsmif.c...
compiling gd32a7xx_i2c.c...
compiling gd32a7xx_imicu.c...
compiling gd32a7xx_irm.c...
compiling gd32a7xx_jdc.c...
compiling gd32a7xx_misc.c...
compiling gd32a7xx_mtc.c...
compiling gd32a7xx_pmu.c...
compiling gd32a7xx_prpu.c...
compiling gd32a7xx_qspi.c...
compiling gd32a7xx_rtc.c...
compiling gd32a7xx_spi.c...
compiling gd32a7xx_rcu.c...
compiling gd32a7xx_sram_tcm.c...
compiling gd32a7xx_stcm.c...
compiling gd32a7xx_syscfg.c...
compiling gd32a7xx_linflexd_lin.c...
assembling startup_gd32a711x_a712x.s...
compiling gd32a7xx_trigsel.c...
compiling gd32a7xx_wwdgt.c...
compiling gd32a7xx_timer.c...
compiling gd32a712_evb.c...
compiling gd32a7xx_linflexd_uart.c...
linking...
Program Size: Code=1472 RO-data=2080 RW-data=4 ZI-data=4108  
".\Objects\gd32a7_singlecore_template.axf" - 0 Error(s), 0 Warning(s).

<h2>Software Packages used:</h2>

Package Vendor: ARM
                http://www.keil.com/pack/ARM.CMSIS.5.7.0.pack
                ARM.CMSIS.5.7.0
                CMSIS (Cortex Microcontroller Software Interface Standard)
   * Component: CORE Version: 5.4.0

Package Vendor: GigaDevice
                https://gd32mcu.com/data/documents/pack/GigaDevice.GD32A7xx_DFP.1.1.0.pack
                GigaDevice.GD32A7xx_DFP.1.1.0
                GigaDevice GD32A7xx Series Device Support and Examples

<h2>Collection of Component include folders:</h2>
  .\RTE\_GD32A711x_A712x_M7_0
  C:\Users\Administrator\AppData\Local\Arm\Packs\ARM\CMSIS\5.7.0\CMSIS\Core\Include

<h2>Collection of Component Files used:</h2>

   * Component: ARM::CMSIS:CORE:5.4.0
Build Time Elapsed:  00:00:14
</pre>
</body>
</html>
